Component: ARM Compiler 5.06 update 3 (build 300) Tool: armlink [4d35c9]

==============================================================================

Section Cross References

    main.o(i.SimaulationTimer_task) refers to tasks.o(i.vTaskDelay) for vTaskDelay
    main.o(i.SimaulationTimer_task) refers to main.o(.data) for Timer
    main.o(i.Start_task) refers to queue.o(i.xQueueGenericSend) for xQueueGenericSend
    main.o(i.Start_task) refers to tasks.o(i.vTaskDelay) for vTaskDelay
    main.o(i.Start_task) refers to __2printf.o(.text) for __2printf
    main.o(i.Start_task) refers to lwip_comm.o(i.lwip_comm_init) for lwip_comm_init
    main.o(i.Start_task) refers to parametersload.o(i.ParametersLoadTask_init) for ParametersLoadTask_init
    main.o(i.Start_task) refers to tcppacketserver.o(i.TCPServerListenCycleTask_init) for TCPServerListenCycleTask_init
    main.o(i.Start_task) refers to dataprocess.o(i.DataProcessTask_init) for DataProcessTask_init
    main.o(i.Start_task) refers to datatransfermanage.o(i.DataTransferManageTask_init) for DataTransferManageTask_init
    main.o(i.Start_task) refers to tracking.o(i.TrackingTask_init) for TrackingTask_init
    main.o(i.Start_task) refers to actionexecute.o(i.ActionExecuteTask_init) for ActionExecuteTask_init
    main.o(i.Start_task) refers to tasks.o(i.xTaskCreate) for xTaskCreate
    main.o(i.Start_task) refers to tasks.o(i.vTaskDelete) for vTaskDelete
    main.o(i.Start_task) refers to semaphoremanage.o(.data) for OnLoadParametersFromPC
    main.o(i.Start_task) refers to main.o(.data) for StatusIndicateTask_Handler
    main.o(i.Start_task) refers to main.o(i.StatusIndicate_task) for StatusIndicate_task
    main.o(i.Start_task) refers to main.o(i.SimaulationTimer_task) for SimaulationTimer_task
    main.o(i.StatusIndicate_task) refers to stm32f7xx_hal_gpio.o(i.HAL_GPIO_TogglePin) for HAL_GPIO_TogglePin
    main.o(i.StatusIndicate_task) refers to tasks.o(i.vTaskDelay) for vTaskDelay
    main.o(i.main) refers to _printf_percent.o(.ARM.Collect$$_printf_percent$$00000000) for _printf_percent
    main.o(i.main) refers to _printf_d.o(.ARM.Collect$$_printf_percent$$00000009) for _printf_d
    main.o(i.main) refers to _printf_dec.o(.text) for _printf_int_dec
    main.o(i.main) refers to mpu.o(i.MPU_Memory_Protection) for MPU_Memory_Protection
    main.o(i.main) refers to sys.o(i.Cache_Enable) for Cache_Enable
    main.o(i.main) refers to stm32f7xx_hal.o(i.HAL_Init) for HAL_Init
    main.o(i.main) refers to sys.o(i.Stm32_Clock_Init) for Stm32_Clock_Init
    main.o(i.main) refers to delay.o(i.delay_init) for delay_init
    main.o(i.main) refers to usart.o(i.uart_init) for uart_init
    main.o(i.main) refers to led.o(i.LED_Init) for LED_Init
    main.o(i.main) refers to sdram.o(i.SDRAM_Init) for SDRAM_Init
    main.o(i.main) refers to pcf8574.o(i.PCF8574_Init) for PCF8574_Init
    main.o(i.main) refers to malloc.o(i.my_mem_init) for my_mem_init
    main.o(i.main) refers to delay.o(i.delay_ms) for delay_ms
    main.o(i.main) refers to stm32f7xx_hal_gpio.o(i.HAL_GPIO_TogglePin) for HAL_GPIO_TogglePin
    main.o(i.main) refers to sdmmc_sdcard.o(i.SD_Init) for SD_Init
    main.o(i.main) refers to exfuns.o(i.exfuns_init) for exfuns_init
    main.o(i.main) refers to ff.o(i.f_mount) for f_mount
    main.o(i.main) refers to __2printf.o(.text) for __2printf
    main.o(i.main) refers to exfuns.o(i.exf_getfree) for exf_getfree
    main.o(i.main) refers to bsp_encoder.o(i.ENCODER_TIM3_Init) for ENCODER_TIM3_Init
    main.o(i.main) refers to bsp_encoder.o(i.ENCODER_TIM8_Init) for ENCODER_TIM8_Init
    main.o(i.main) refers to lightsignal.o(i.TIM2_CH1_Cap_Init) for TIM2_CH1_Cap_Init
    main.o(i.main) refers to lightsignal.o(i.TIM5_CH1_Cap_Init) for TIM5_CH1_Cap_Init
    main.o(i.main) refers to timer.o(i.TIM6_Init) for TIM6_Init
    main.o(i.main) refers to semaphoremanage.o(i.CreateSemaphore) for CreateSemaphore
    main.o(i.main) refers to tasks.o(i.xTaskCreate) for xTaskCreate
    main.o(i.main) refers to tasks.o(i.vTaskStartScheduler) for vTaskStartScheduler
    main.o(i.main) refers to exfuns.o(.bss) for fs
    main.o(i.main) refers to main.o(.data) for StartTask_Handler
    main.o(i.main) refers to main.o(i.Start_task) for Start_task
    main.o(i.vApplicationStackOverflowHook) refers to _printf_percent.o(.ARM.Collect$$_printf_percent$$00000000) for _printf_percent
    main.o(i.vApplicationStackOverflowHook) refers to _printf_s.o(.ARM.Collect$$_printf_percent$$00000014) for _printf_s
    main.o(i.vApplicationStackOverflowHook) refers to _printf_str.o(.text) for _printf_str
    main.o(i.vApplicationStackOverflowHook) refers to __2printf.o(.text) for __2printf
    main.o(i.vAssertCalled) refers to _printf_percent.o(.ARM.Collect$$_printf_percent$$00000000) for _printf_percent
    main.o(i.vAssertCalled) refers to _printf_d.o(.ARM.Collect$$_printf_percent$$00000009) for _printf_d
[...]
    0x08000342   0x00000000   Code   RO        11655    .ARM.Collect$$libinit$$00000004  c_w.l(libinit2.o)
    0x08000342   0x00000000   Code   RO        11658    .ARM.Collect$$libinit$$0000000A  c_w.l(libinit2.o)
    0x08000342   0x00000000   Code   RO        11660    .ARM.Collect$$libinit$$0000000C  c_w.l(libinit2.o)
    0x08000342   0x00000000   Code   RO        11662    .ARM.Collect$$libinit$$0000000E  c_w.l(libinit2.o)
    0x08000342   0x00000006   Code   RO        11663    .ARM.Collect$$libinit$$0000000F  c_w.l(libinit2.o)
    0x08000348   0x00000000   Code   RO        11665    .ARM.Collect$$libinit$$00000011  c_w.l(libinit2.o)
    0x08000348   0x0000000c   Code   RO        11666    .ARM.Collect$$libinit$$00000012  c_w.l(libinit2.o)
    0x08000354   0x00000000   Code   RO        11667    .ARM.Collect$$libinit$$00000013  c_w.l(libinit2.o)
    0x08000354   0x00000000   Code   RO        11669    .ARM.Collect$$libinit$$00000015  c_w.l(libinit2.o)
    0x08000354   0x0000000a   Code   RO        11670    .ARM.Collect$$libinit$$00000016  c_w.l(libinit2.o)
    0x0800035e   0x00000000   Code   RO        11671    .ARM.Collect$$libinit$$00000017  c_w.l(libinit2.o)
    0x0800035e   0x00000000   Code   RO        11673    .ARM.Collect$$libinit$$00000019  c_w.l(libinit2.o)
    0x0800035e   0x00000000   Code   RO        11675    .ARM.Collect$$libinit$$0000001B  c_w.l(libinit2.o)
    0x0800035e   0x00000000   Code   RO        11677    .ARM.Collect$$libinit$$0000001D  c_w.l(libinit2.o)
    0x0800035e   0x00000000   Code   RO        11679    .ARM.Collect$$libinit$$0000001F  c_w.l(libinit2.o)
    0x0800035e   0x00000000   Code   RO        11681    .ARM.Collect$$libinit$$00000021  c_w.l(libinit2.o)
    0x0800035e   0x00000000   Code   RO        11683    .ARM.Collect$$libinit$$00000023  c_w.l(libinit2.o)
    0x0800035e   0x00000000   Code   RO        11685    .ARM.Collect$$libinit$$00000025  c_w.l(libinit2.o)
    0x0800035e   0x00000000   Code   RO        11689    .ARM.Collect$$libinit$$0000002C  c_w.l(libinit2.o)
    0x0800035e   0x00000000   Code   RO        11691    .ARM.Collect$$libinit$$0000002E  c_w.l(libinit2.o)
    0x0800035e   0x00000000   Code   RO        11693    .ARM.Collect$$libinit$$00000030  c_w.l(libinit2.o)
    0x0800035e   0x00000000   Code   RO        11695    .ARM.Collect$$libinit$$00000032  c_w.l(libinit2.o)
    0x0800035e   0x00000002   Code   RO        11696    .ARM.Collect$$libinit$$00000033  c_w.l(libinit2.o)
    0x08000360   0x00000002   Code   RO        11823    .ARM.Collect$$libshutdown$$00000000  c_w.l(libshutdown.o)
    0x08000362   0x00000000   Code   RO        11781    .ARM.Collect$$libshutdown$$00000002  c_w.l(libshutdown2.o)
    0x08000362   0x00000000   Code   RO        11783    .ARM.Collect$$libshutdown$$00000004  c_w.l(libshutdown2.o)
    0x08000362   0x00000000   Code   RO        11786    .ARM.Collect$$libshutdown$$00000007  c_w.l(libshutdown2.o)
    0x08000362   0x00000000   Code   RO        11789    .ARM.Collect$$libshutdown$$0000000A  c_w.l(libshutdown2.o)
    0x08000362   0x00000000   Code   RO        11791    .ARM.Collect$$libshutdown$$0000000C  c_w.l(libshutdown2.o)
    0x08000362   0x00000000   Code   RO        11794    .ARM.Collect$$libshutdown$$0000000F  c_w.l(libshutdown2.o)
    0x08000362   0x00000002   Code   RO        11795    .ARM.Collect$$libshutdown$$00000010  c_w.l(libshutdown2.o)
    0x08000364   0x00000000   Code   RO        11463    .ARM.Collect$$rtentry$$00000000  c_w.l(__rtentry.o)
    0x08000364   0x00000000   Code   RO        11603    .ARM.Collect$$rtentry$$00000002  c_w.l(__rtentry2.o)
    0x08000364   0x00000006   Code   RO        11615    .ARM.Collect$$rtentry$$00000004  c_w.l(__rtentry4.o)
    0x0800036a   0x00000000   Code   RO        11605    .ARM.Collect$$rtentry$$00000009  c_w.l(__rtentry2.o)
    0x0800036a   0x00000004   Code   RO        11606    .ARM.Collect$$rtentry$$0000000A  c_w.l(__rtentry2.o)
    0x0800036e   0x00000000   Code   RO        11608    .ARM.Collect$$rtentry$$0000000C  c_w.l(__rtentry2.o)
    0x0800036e   0x00000008   Code   RO        11609    .ARM.Collect$$rtentry$$0000000D  c_w.l(__rtentry2.o)
    0x08000376   0x00000002   Code   RO        11764    .ARM.Collect$$rtexit$$00000000  c_w.l(rtexit.o)
    0x08000378   0x00000000   Code   RO        11799    .ARM.Collect$$rtexit$$00000002  c_w.l(rtexit2.o)
    0x08000378   0x00000004   Code   RO        11800    .ARM.Collect$$rtexit$$00000003  c_w.l(rtexit2.o)
    0x0800037c   0x00000006   Code   RO        11801    .ARM.Collect$$rtexit$$00000004  c_w.l(rtexit2.o)
    0x08000382   0x00000002   PAD
    0x08000384   0x00000010   Code   RO         3341    .emb_text           sys.o
    0x08000394   0x000000ba   Code   RO         8721    .emb_text           port.o
    0x0800044e   0x00000002   PAD
    0x08000450   0x00000040   Code   RO         3470    .text               startup_stm32f767xx.o
    0x08000490   0x00000002   Code   RO        11266    .text               c_w.l(use_no_semi_2.o)
    0x08000492   0x00000002   PAD
    0x08000494   0x00000010   Code   RO        11268    .text               c_w.l(rt_ctype_table.o)
    0x080004a4   0x000000ee   Code   RO        11326    .text               c_w.l(lludivv7m.o)
    0x08000592   0x00000002   PAD
    0x08000594   0x00000034   Code   RO        11328    .text               c_w.l(c89vsnprintf.o)
    0x080005c8   0x00000018   Code   RO        11330    .text               c_w.l(__2printf.o)
    0x080005e0   0x00000038   Code   RO        11334    .text               c_w.l(__2snprintf.o)
    0x08000618   0x00000052   Code   RO        11344    .text               c_w.l(_printf_str.o)
    0x0800066a   0x00000002   PAD
    0x0800066c   0x00000078   Code   RO        11346    .text               c_w.l(_printf_dec.o)
    0x080006e4   0x0000007c   Code   RO        11348    .text               c_w.l(_printf_longlong_dec.o)
    0x08000760   0x00000094   Code   RO        11368    .text               c_w.l(_printf_hex_int_ll_ptr.o)
    0x080007f4   0x00000188   Code   RO        11388    .text               c_w.l(__printf_flags_ss_wp.o)
    0x0800097c   0x00000070   Code   RO        11399    .text               c_w.l(strtol.o)
    0x080009ec   0x00000014   Code   RO        11401    .text               c_w.l(strchr.o)
    0x08000a00   0x00000020   Code   RO        11403    .text               c_w.l(strcspn.o)
    0x08000a20   0x0000001c   Code   RO        11405    .text               c_w.l(strspn.o)
    0x08000a3c   0x00000024   Code   RO        11407    .text               c_w.l(strstr.o)
    0x08000a60   0x00000058   Code   RO        11409    .text               c_w.l(memcmp.o)
    0x08000ab8   0x00000048   Code   RO        11411    .text               c_w.l(strcpy.o)
    0x08000b00   0x0000003e   Code   RO        11413    .text               c_w.l(strlen.o)
    0x08000b3e   0x00000096   Code   RO        11415    .text               c_w.l(strncmp.o)
    0x08000bd4   0x0000008a   Code   RO        11419    .text               c_w.l(rt_memcpy_v6.o)
    0x08000c5e   0x00000084   Code   RO        11421    .text               c_w.l(rt_memmove_v6.o)
    0x08000ce2   0x00000008   Code   RO        11423    .text               c_w.l(memcpy.o)
    0x08000cea   0x00000064   Code   RO        11425    .text               c_w.l(rt_memcpy_w.o)
    0x08000d4e   0x0000007a   Code   RO        11427    .text               c_w.l(rt_memmove_w.o)
    0x08000dc8   0x00000016   Code   RO        11429    .text               c_w.l(memset.o)
    0x08000dde   0x00000010   Code   RO        11431    .text               c_w.l(aeabi_memset.o)
    0x08000dee   0x00000044   Code   RO        11433    .text               c_w.l(rt_memclr.o)
    0x08000e32   0x0000004e   Code   RO        11435    .text               c_w.l(rt_memclr_w.o)
    0x08000e80   0x00000056   Code   RO        11437    .text               c_w.l(strncpy.o)
    0x08000ed6   0x00000002   PAD
    0x08000ed8   0x00000068   Code   RO        11439    .text               c_w.l(strcmpv7m_pel.o)
    0x08000f40   0x00000006   Code   RO        11441    .text               c_w.l(heapauxi.o)
    0x08000f46   0x00000002   Code   RO        11459    .text               c_w.l(use_no_semi.o)
    0x08000f48   0x00000008   Code   RO        11476    .text               c_w.l(rt_locale_intlibspace.o)
    0x08000f50   0x00000008   Code   RO        11481    .text               c_w.l(rt_errno_addr_intlibspace.o)
    0x08000f58   0x0000008a   Code   RO        11505    .text               c_w.l(lludiv10.o)
    0x08000fe2   0x00000016   Code   RO        11507    .text               c_w.l(_rserrno.o)
    0x08000ff8   0x0000004e   Code   RO        11509    .text               c_w.l(_printf_pad.o)
    0x08001046   0x00000024   Code   RO        11511    .text               c_w.l(_printf_truncate.o)
    0x0800106a   0x000000b2   Code   RO        11513    .text               c_w.l(_printf_intcommon.o)
    0x0800111c   0x00000028   Code   RO        11515    .text               c_w.l(_printf_charcount.o)
    0x08001144   0x00000030   Code   RO        11517    .text               c_w.l(_printf_char_common.o)
    0x08001174   0x0000000a   Code   RO        11519    .text               c_w.l(_sputc.o)
    0x0800117e   0x00000010   Code   RO        11521    .text               c_w.l(_snputc.o)
    0x0800118e   0x0000002c   Code   RO        11523    .text               c_w.l(_printf_char.o)
    0x080011ba   0x00000002   PAD
    0x080011bc   0x00000024   Code   RO        11525    .text               c_w.l(_printf_char_file.o)
    0x080011e0   0x000000bc   Code   RO        11527    .text               c_w.l(_printf_wctomb.o)
    0x0800129c   0x00000070   Code   RO        11534    .text               c_w.l(_printf_oct_int_ll.o)
    0x0800130c   0x0000009e   Code   RO        11552    .text               c_w.l(_strtoul.o)
    0x080013aa   0x00000002   PAD
    0x080013ac   0x00000008   Code   RO        11599    .text               c_w.l(libspace.o)
    0x080013b4   0x0000041a   Code   RO        11629    .text               c_w.l(_printf_fp_dec.o)
    0x080017ce   0x0000002c   Code   RO        11633    .text               c_w.l(_printf_wchar.o)
    0x080017fa   0x0000001c   Code   RO        11635    .text               c_w.l(_chval.o)
    0x08001816   0x00000008   Code   RO        11637    .text               c_w.l(ferror.o)
    0x0800181e   0x00000040   Code   RO        11641    .text               c_w.l(_wcrtomb.o)
    0x0800185e   0x0000004a   Code   RO        11701    .text               c_w.l(sys_stackheap_outer.o)
    0x080018a8   0x00000080   Code   RO        11709    .text               c_w.l(_printf_fp_infnan.o)
    0x08001928   0x000000dc   Code   RO        11711    .text               c_w.l(bigflt0.o)
    0x08001a04   0x00000012   Code   RO        11739    .text               c_w.l(exit.o)
    0x08001a16   0x0000003e   Code   RO        11714    CL$$btod_d2e        c_w.l(btod.o)
    0x08001a54   0x00000046   Code   RO        11716    CL$$btod_d2e_denorm_low  c_w.l(btod.o)
    0x08001a9a   0x00000060   Code   RO        11715    CL$$btod_d2e_norm_op1  c_w.l(btod.o)
    0x08001afa   0x00000338   Code   RO        11724    CL$$btod_div_common  c_w.l(btod.o)
    0x08001e32   0x000000c6   Code   RO        11721    CL$$btod_e2e        c_w.l(btod.o)
    0x08001ef8   0x00000028   Code   RO        11718    CL$$btod_ediv       c_w.l(btod.o)
    0x08001f20   0x00000028   Code   RO        11717    CL$$btod_emul       c_w.l(btod.o)
    0x08001f48   0x00000244   Code   RO        11723    CL$$btod_mult_common  c_w.l(btod.o)
    0x0800218c   0x00000040   Code   RO          994    i.ActionExecuteTask_init  actionexecute.o
    0x080021cc   0x00000334   Code   RO          995    i.ActionExecuteThread  actionexecute.o
    0x08002500   0x000001b8   Code   RO          922    i.AddALLActionToList  tracking.o
    0x080026b8   0x0000011c   Code   RO          923    i.AddActionToList   tracking.o
    0x080027d4   0x00000098   Code   RO          996    i.AddDelayTimeToList  actionexecute.o
    0x0800286c   0x00000004   Code   RO          502    i.BusFault_Handler  stm32f7xx_it.o
    0x08002870   0x00000068   Code   RO         3342    i.Cache_Enable      sys.o
    0x080028d8   0x0000009c   Code   RO          924    i.CreateObject      tracking.o
    0x08002974   0x0000005c   Code   RO         1114    i.CreateObjectDeletePacket  tcpprotocol.o
    0x080029d0   0x00000080   Code   RO         1117    i.CreateObjectRunInPacket  tcpprotocol.o
    0x08002a50   0x0000006c   Code   RO         1118    i.CreateObjectRunOutPacket  tcpprotocol.o
    0x08002abc   0x000000c8   Code   RO          718    i.CreateSemaphore   semaphoremanage.o
    0x08002b84   0x00000050   Code   RO         1124    i.CreateStartTrackingPacket  tcpprotocol.o
    0x08002bd4   0x00000074   Code   RO         1126    i.CreateTriggerCameraPacket  tcpprotocol.o
    0x08002c48   0x0000006c   Code   RO         1127    i.CreateTriggerIOSensorPacket  tcpprotocol.o
    0x08002cb4   0x00000044   Code   RO         1047    i.DataProcessTask_init  dataprocess.o
    0x08002cf8   0x000002f4   Code   RO         1048    i.DataProcessThread  dataprocess.o
    0x08002fec   0x000000b4   Code   RO         1454    i.DataTransferManage  datatransfermanage.o
    0x080030a0   0x00000048   Code   RO         1455    i.DataTransferManageTask_init  datatransfermanage.o
    0x080030e8   0x00000002   Code   RO          503    i.DebugMon_Handler  stm32f7xx_it.o
    0x080030ea   0x00000002   PAD
    0x080030ec   0x000000c0   Code   RO         1952    i.ENCODER_TIM3_Init  bsp_encoder.o
    0x080031ac   0x000000c0   Code   RO         1953    i.ENCODER_TIM8_Init  bsp_encoder.o
    0x0800326c   0x00000016   Code   RO         5191    i.ETH_DMAReceptionEnable  stm32f7xx_hal_eth.o
    0x08003282   0x00000016   Code   RO         5193    i.ETH_DMATransmissionEnable  stm32f7xx_hal_eth.o
    0x08003298   0x00000038   Code   RO         5194    i.ETH_FlushTransmitFIFO  stm32f7xx_hal_eth.o
    0x080032d0   0x00000024   Code   RO         1754    i.ETH_GetRxPktSize  lan8720.o
    0x080032f4   0x00000030   Code   RO         1755    i.ETH_IRQHandler    lan8720.o
    0x08003324   0x00000034   Code   RO         5195    i.ETH_MACAddressConfig  stm32f7xx_hal_eth.o
    0x08003358   0x00000244   Code   RO         5196    i.ETH_MACDMAConfig  stm32f7xx_hal_eth.o
    0x0800359c   0x00000028   Code   RO         5198    i.ETH_MACReceptionEnable  stm32f7xx_hal_eth.o
    0x080035c4   0x00000028   Code   RO         5200    i.ETH_MACTransmissionEnable  stm32f7xx_hal_eth.o
    0x080035ec   0x00000054   Code   RO         1757    i.ETH_Mem_Malloc    lan8720.o
    0x08003640   0x00000034   Code   RO         1528    i.Enter_Critical    sys_arch.o
    0x08003674   0x00000020   Code   RO         1529    i.Exit_Critical     sys_arch.o
    0x08003694   0x00000074   Code   RO         6322    i.FMC_SDRAM_Init    stm32f7xx_ll_fmc.o
    0x08003708   0x0000000e   Code   RO         6323    i.FMC_SDRAM_ProgramRefreshRate  stm32f7xx_ll_fmc.o
    0x08003716   0x00000052   Code   RO         6324    i.FMC_SDRAM_SendCommand  stm32f7xx_ll_fmc.o
    0x08003768   0x0000009c   Code   RO         6326    i.FMC_SDRAM_Timing_Init  stm32f7xx_ll_fmc.o
    0x08003804   0x00000028   Code   RO         4738    i.HAL_DMA_Abort_IT  stm32f7xx_hal_dma.o
    0x0800382c   0x0000001a   Code   RO         3484    i.HAL_Delay         stm32f7xx_hal.o
    0x08003846   0x0000008c   Code   RO         5203    i.HAL_ETH_DMARxDescListInit  stm32f7xx_hal_eth.o
    0x080038d2   0x00000084   Code   RO         5204    i.HAL_ETH_DMATxDescListInit  stm32f7xx_hal_eth.o
    0x08003956   0x000000b2   Code   RO         5207    i.HAL_ETH_GetReceivedFrame  stm32f7xx_hal_eth.o
    0x08003a08   0x0000029c   Code   RO         5211    i.HAL_ETH_Init      stm32f7xx_hal_eth.o
    0x08003ca4   0x00000130   Code   RO         1758    i.HAL_ETH_MspInit   lan8720.o
    0x08003dd4   0x00000092   Code   RO         5214    i.HAL_ETH_ReadPHYRegister  stm32f7xx_hal_eth.o
    0x08003e66   0x00000052   Code   RO         5216    i.HAL_ETH_Start     stm32f7xx_hal_eth.o
    0x08003eb8   0x0000013e   Code   RO         5218    i.HAL_ETH_TransmitFrame  stm32f7xx_hal_eth.o
    0x08003ff6   0x00000090   Code   RO         5220    i.HAL_ETH_WritePHYRegister  stm32f7xx_hal_eth.o
    0x08004086   0x00000002   PAD
    0x08004088   0x00000218   Code   RO         3779    i.HAL_GPIO_Init     stm32f7xx_hal_gpio.o
    0x080042a0   0x00000010   Code   RO         3781    i.HAL_GPIO_ReadPin  stm32f7xx_hal_gpio.o
    0x080042b0   0x00000008   Code   RO         3782    i.HAL_GPIO_TogglePin  stm32f7xx_hal_gpio.o
    0x080042b8   0x0000000c   Code   RO         3783    i.HAL_GPIO_WritePin  stm32f7xx_hal_gpio.o
    0x080042c4   0x0000000c   Code   RO         3494    i.HAL_GetTick       stm32f7xx_hal.o
    0x080042d0   0x00000010   Code   RO         3495    i.HAL_IncTick       stm32f7xx_hal.o
    0x080042e0   0x00000028   Code   RO         3496    i.HAL_Init          stm32f7xx_hal.o
    0x08004308   0x00000028   Code   RO         3497    i.HAL_InitTick      stm32f7xx_hal.o
    0x08004330   0x0000005c   Code   RO         3648    i.HAL_MPU_ConfigRegion  stm32f7xx_hal_cortex.o
    0x0800438c   0x00000002   Code   RO         3499    i.HAL_MspInit       stm32f7xx_hal.o
    0x0800438e   0x0000001a   Code   RO         3651    i.HAL_NVIC_EnableIRQ  stm32f7xx_hal_cortex.o
    0x080043a8   0x0000007c   Code   RO         3657    i.HAL_NVIC_SetPriority  stm32f7xx_hal_cortex.o
    0x08004424   0x00000028   Code   RO         3658    i.HAL_NVIC_SetPriorityGrouping  stm32f7xx_hal_cortex.o
    0x0800444c   0x00000090   Code   RO         3972    i.HAL_PWREx_EnableOverDrive  stm32f7xx_hal_pwr_ex.o
    0x080044dc   0x000001b4   Code   RO         4059    i.HAL_RCC_ClockConfig  stm32f7xx_hal_rcc.o
    0x08004690   0x0000000c   Code   RO         4064    i.HAL_RCC_GetHCLKFreq  stm32f7xx_hal_rcc.o
    0x0800469c   0x0000002c   Code   RO         4066    i.HAL_RCC_GetPCLK1Freq  stm32f7xx_hal_rcc.o
    0x080046c8   0x0000002c   Code   RO         4067    i.HAL_RCC_GetPCLK2Freq  stm32f7xx_hal_rcc.o
    0x080046f4   0x000000b4   Code   RO         4068    i.HAL_RCC_GetSysClockFreq  stm32f7xx_hal_rcc.o
    0x080047a8   0x000004d0   Code   RO         4163    i.HAL_RCC_OscConfig  stm32f7xx_hal_rcc_ex.o
    0x08004c78   0x00000040   Code   RO         6559    i.HAL_SDRAM_Init    stm32f7xx_hal_sdram.o
    0x08004cb8   0x0000011c   Code   RO         2099    i.HAL_SDRAM_MspInit  sdram.o
    0x08004dd4   0x00000028   Code   RO         6562    i.HAL_SDRAM_ProgramRefreshRate  stm32f7xx_hal_sdram.o
    0x08004dfc   0x0000003a   Code   RO         6568    i.HAL_SDRAM_SendCommand  stm32f7xx_hal_sdram.o
    0x08004e36   0x000002ee   Code   RO         6839    i.HAL_SD_Get_CardInfo  stm32f7xx_hal_sd.o
    0x08005124   0x0000009c   Code   RO         6842    i.HAL_SD_Init       stm32f7xx_hal_sd.o
    0x080051c0   0x000000b0   Code   RO         2157    i.HAL_SD_MspInit    sdmmc_sdcard.o
    0x08005270   0x000001d4   Code   RO         6845    i.HAL_SD_ReadBlocks  stm32f7xx_hal_sd.o
    0x08005444   0x00000036   Code   RO         6848    i.HAL_SD_StopTransfer  stm32f7xx_hal_sd.o
    0x0800547a   0x0000007e   Code   RO         6849    i.HAL_SD_WideBusOperation_Config  stm32f7xx_hal_sd.o
    0x080054f8   0x0000026e   Code   RO         6850    i.HAL_SD_WriteBlocks  stm32f7xx_hal_sd.o
    0x08005766   0x00000028   Code   RO         3660    i.HAL_SYSTICK_CLKSourceConfig  stm32f7xx_hal_cortex.o
    0x0800578e   0x00000034   Code   RO         3662    i.HAL_SYSTICK_Config  stm32f7xx_hal_cortex.o
    0x080057c2   0x00000002   PAD
    0x080057c4   0x000000b8   Code   RO         5403    i.HAL_TIM_Encoder_Init  stm32f7xx_hal_tim.o
    0x0800587c   0x000000e4   Code   RO         1954    i.HAL_TIM_Encoder_MspInit  bsp_encoder.o
    0x08005960   0x000000e0   Code   RO         5415    i.HAL_TIM_IC_ConfigChannel  stm32f7xx_hal_tim.o
    0x08005a40   0x00000034   Code   RO         5418    i.HAL_TIM_IC_Init   stm32f7xx_hal_tim.o
    0x08005a74   0x000000fc   Code   RO         2007    i.HAL_TIM_IC_MspInit  lightsignal.o
    0x08005b70   0x0000006c   Code   RO         5423    i.HAL_TIM_IC_Start_IT  stm32f7xx_hal_tim.o
    0x08005bdc   0x00000054   Code   RO         5465    i.HAL_TIM_ReadCapturedValue  stm32f7xx_hal_tim.o
    0x08005c30   0x00000002   Code   RO         4217    i.HAL_UART_ErrorCallback  stm32f7xx_hal_uart.o
    0x08005c32   0x00000014   Code   RO         4219    i.HAL_UART_GetState  stm32f7xx_hal_uart.o
    0x08005c46   0x00000002   PAD
    0x08005c48   0x0000015c   Code   RO         4220    i.HAL_UART_IRQHandler  stm32f7xx_hal_uart.o
    0x08005da4   0x00000078   Code   RO         4221    i.HAL_UART_Init     stm32f7xx_hal_uart.o
    0x08005e1c   0x00000128   Code   RO         3396    i.HAL_UART_MspInit  usart.o
    0x08005f44   0x000000c8   Code   RO         4226    i.HAL_UART_Receive_IT  stm32f7xx_hal_uart.o
    0x0800600c   0x00000010   Code   RO         3397    i.HAL_UART_RxCpltCallback  usart.o
    0x0800601c   0x00000002   Code   RO         4232    i.HAL_UART_TxCpltCallback  stm32f7xx_hal_uart.o
    0x0800601e   0x00000004   Code   RO          504    i.HardFault_Handler  stm32f7xx_it.o
    0x08006022   0x00000002   PAD
    0x08006024   0x00000054   Code   RO         1886    i.IIC_Ack           myiic.o
    0x08006078   0x00000058   Code   RO         1887    i.IIC_Init          myiic.o
    0x080060d0   0x00000054   Code   RO         1888    i.IIC_NAck          myiic.o
    0x08006124   0x0000006c   Code   RO         1889    i.IIC_Read_Byte     myiic.o
    0x08006190   0x0000007c   Code   RO         1890    i.IIC_Send_Byte     myiic.o
    0x0800620c   0x00000054   Code   RO         1891    i.IIC_Start         myiic.o
    0x08006260   0x00000054   Code   RO         1892    i.IIC_Stop          myiic.o
    0x080062b4   0x00000068   Code   RO         1893    i.IIC_Wait_Ack      myiic.o
    0x0800631c   0x0000009c   Code   RO         1760    i.LAN8720_Init      lan8720.o
    0x080063b8   0x00000058   Code   RO         1691    i.LED_Init          led.o
    0x08006410   0x0000001c   Code   RO         1715    i.MPU_Memory_Protection  mpu.o
    0x0800642c   0x00000090   Code   RO         1716    i.MPU_Set_Protection  mpu.o
    0x080064bc   0x0000008c   Code   RO         1717    i.MemManage_Handler  mpu.o
    0x08006548   0x00000002   Code   RO          505    i.NMI_Handler       stm32f7xx_it.o
    0x0800654a   0x00000002   PAD
    0x0800654c   0x00000010   Code   RO         3664    i.NVIC_GetPriorityGrouping  stm32f7xx_hal_cortex.o
    0x0800655c   0x00000028   Code   RO         3665    i.NVIC_SetPriority  stm32f7xx_hal_cortex.o
    0x08006584   0x00000068   Code   RO         1838    i.PCF8574_Init      pcf8574.o
    0x080065ec   0x00000022   Code   RO         1840    i.PCF8574_ReadOneByte  pcf8574.o
    0x0800660e   0x00000026   Code   RO         1841    i.PCF8574_WriteBit  pcf8574.o
    0x08006634   0x00000028   Code   RO         1842    i.PCF8574_WriteOneByte  pcf8574.o
    0x0800665c   0x00000034   Code   RO         1049    i.PCGetConnectedClientIDs  dataprocess.o
    0x08006690   0x0000003c   Code   RO          862    i.ParametersLoadTask_init  parametersload.o
    0x080066cc   0x00001008   Code   RO          863    i.ParametersLoadThread  parametersload.o
    0x080076d4   0x0000009c   Code   RO         3345    i.SCB_EnableDCache  sys.o
    0x08007770   0x0000002c   Code   RO         6457    i.SDMMC_DataConfig  stm32f7xx_ll_sdmmc.o
    0x0800779c   0x00000008   Code   RO         6458    i.SDMMC_GetCommandResponse  stm32f7xx_ll_sdmmc.o
    0x080077a4   0x0000000a   Code   RO         6461    i.SDMMC_GetPowerState  stm32f7xx_ll_sdmmc.o
    0x080077ae   0x00000016   Code   RO         6462    i.SDMMC_GetResponse  stm32f7xx_ll_sdmmc.o
    0x080077c4   0x00000034   Code   RO         6463    i.SDMMC_Init        stm32f7xx_ll_sdmmc.o
    0x080077f8   0x0000000a   Code   RO         6465    i.SDMMC_PowerState_ON  stm32f7xx_ll_sdmmc.o
    0x08007802   0x00000008   Code   RO         6466    i.SDMMC_ReadFIFO    stm32f7xx_ll_sdmmc.o
    0x0800780a   0x00000028   Code   RO         6467    i.SDMMC_SendCommand  stm32f7xx_ll_sdmmc.o
    0x08007832   0x0000000c   Code   RO         6469    i.SDMMC_WriteFIFO   stm32f7xx_ll_sdmmc.o
    0x0800783e   0x00000002   PAD
    0x08007840   0x00000068   Code   RO         2100    i.SDRAM_Init        sdram.o
    0x080078a8   0x00000054   Code   RO         2101    i.SDRAM_Initialization_Sequence  sdram.o
    0x080078fc   0x00000048   Code   RO         2102    i.SDRAM_Send_Cmd    sdram.o
    0x08007944   0x00000036   Code   RO         6854    i.SD_CmdError       stm32f7xx_hal_sd.o
    0x0800797a   0x00000002   PAD
    0x0800797c   0x00000184   Code   RO         6855    i.SD_CmdResp1Error  stm32f7xx_hal_sd.o
    0x08007b00   0x00000046   Code   RO         6856    i.SD_CmdResp2Error  stm32f7xx_hal_sd.o
    0x08007b46   0x00000032   Code   RO         6857    i.SD_CmdResp3Error  stm32f7xx_hal_sd.o
    0x08007b78   0x000000ae   Code   RO         6858    i.SD_CmdResp6Error  stm32f7xx_hal_sd.o
    0x08007c26   0x00000066   Code   RO         6859    i.SD_CmdResp7Error  stm32f7xx_hal_sd.o
    0x08007c8c   0x0000015a   Code   RO         6864    i.SD_FindSCR        stm32f7xx_hal_sd.o
    0x08007de6   0x00000002   PAD
    0x08007de8   0x0000004c   Code   RO         2159    i.SD_Init           sdmmc_sdcard.o
    0x08007e34   0x0000010a   Code   RO         6866    i.SD_Initialize_Cards  stm32f7xx_hal_sd.o
    0x08007f3e   0x00000002   PAD
    0x08007f40   0x000001d8   Code   RO         6867    i.SD_IsCardProgramming  stm32f7xx_hal_sd.o
    0x08008118   0x0000016c   Code   RO         6869    i.SD_PowerON        stm32f7xx_hal_sd.o
    0x08008284   0x00000090   Code   RO         2160    i.SD_ReadDisk       sdmmc_sdcard.o
    0x08008314   0x00000038   Code   RO         6870    i.SD_Select_Deselect  stm32f7xx_hal_sd.o
    0x0800834c   0x0000009a   Code   RO         6872    i.SD_WideBus_Disable  stm32f7xx_hal_sd.o
    0x080083e6   0x0000009a   Code   RO         6873    i.SD_WideBus_Enable  stm32f7xx_hal_sd.o
    0x08008480   0x00000090   Code   RO         2161    i.SD_WriteDisk      sdmmc_sdcard.o
    0x08008510   0x0000004c   Code   RO         1050    i.STM32GetPushResult  dataprocess.o
    0x0800855c   0x00000002   Code   RO         1051    i.STM32SetTrackingMode  dataprocess.o
    0x0800855e   0x00000006   Code   RO         1129    i.SetValueOffset    tcpprotocol.o
    0x08008564   0x00000018   Code   RO            4    i.SimaulationTimer_task  main.o
    0x0800857c   0x0000038c   Code   RO            5    i.Start_task        main.o
    0x08008908   0x00000018   Code   RO            6    i.StatusIndicate_task  main.o
    0x08008920   0x000000b4   Code   RO         3346    i.Stm32_Clock_Init  sys.o
    0x080089d4   0x00000014   Code   RO         3297    i.SysTick_Handler   delay.o
    0x080089e8   0x00000064   Code   RO          561    i.SystemInit        system_stm32f7xx.o
    0x08008a4c   0x00000060   Code   RO         1456    i.TCPSendDataByte   datatransfermanage.o
    0x08008aac   0x00000044   Code   RO         1389    i.TCPServerListenCycleTask_init  tcppacketserver.o
    0x08008af0   0x000004e0   Code   RO         1390    i.TCPServerListenThread  tcppacketserver.o
    0x08008fd0   0x00000054   Code   RO         2008    i.TIM2_CH1_Cap_Init  lightsignal.o
    0x08009024   0x00000178   Code   RO         2009    i.TIM2_IRQHandler   lightsignal.o
    0x0800919c   0x00000038   Code   RO         1955    i.TIM3_IRQHandler   bsp_encoder.o
    0x080091d4   0x00000058   Code   RO         2010    i.TIM5_CH1_Cap_Init  lightsignal.o
    0x0800922c   0x00000178   Code   RO         2011    i.TIM5_IRQHandler   lightsignal.o
    0x080093a4   0x00000020   Code   RO         2211    i.TIM6_DAC_IRQHandler  timer.o
    0x080093c4   0x00000094   Code   RO         2212    i.TIM6_Init         timer.o
    0x08009458   0x00000038   Code   RO         1956    i.TIM8_UP_TIM13_IRQHandler  bsp_encoder.o
    0x08009490   0x000000e4   Code   RO         5469    i.TIM_Base_SetConfig  stm32f7xx_hal_tim.o
    0x08009574   0x0000001c   Code   RO         5470    i.TIM_CCxChannelCmd  stm32f7xx_hal_tim.o
    0x08009590   0x00000094   Code   RO         5484    i.TIM_TI1_SetConfig  stm32f7xx_hal_tim.o
    0x08009624   0x0000003e   Code   RO         5486    i.TIM_TI2_SetConfig  stm32f7xx_hal_tim.o
    0x08009662   0x0000003c   Code   RO         5487    i.TIM_TI3_SetConfig  stm32f7xx_hal_tim.o
    0x0800969e   0x00000040   Code   RO         5488    i.TIM_TI4_SetConfig  stm32f7xx_hal_tim.o
    0x080096de   0x00000002   PAD
    0x080096e0   0x00000040   Code   RO          925    i.TrackingTask_init  tracking.o
    0x08009720   0x00000f38   Code   RO          926    i.TrackingThread    tracking.o
    0x0800a658   0x000000ea   Code   RO         4234    i.UART_AdvFeatureConfig  stm32f7xx_hal_uart.o
    0x0800a742   0x00000074   Code   RO         4235    i.UART_CheckIdleState  stm32f7xx_hal_uart.o
    0x0800a7b6   0x00000018   Code   RO         4236    i.UART_DMAAbortOnError  stm32f7xx_hal_uart.o
    0x0800a7ce   0x00000020   Code   RO         4242    i.UART_EndRxTransfer  stm32f7xx_hal_uart.o
    0x0800a7ee   0x00000020   Code   RO         4243    i.UART_EndTransmit_IT  stm32f7xx_hal_uart.o
    0x0800a80e   0x00000088   Code   RO         4245    i.UART_Receive_IT   stm32f7xx_hal_uart.o
    0x0800a896   0x00000002   PAD
    0x0800a898   0x0000038c   Code   RO         4246    i.UART_SetConfig    stm32f7xx_hal_uart.o
    0x0800ac24   0x0000006a   Code   RO         4247    i.UART_Transmit_IT  stm32f7xx_hal_uart.o
    0x0800ac8e   0x0000006c   Code   RO         4248    i.UART_WaitOnFlagUntilTimeout  stm32f7xx_hal_uart.o
    0x0800acfa   0x00000002   PAD
    0x0800acfc   0x00000050   Code   RO         3398    i.USART1_IRQHandler  usart.o
    0x0800ad4c   0x00000004   Code   RO          506    i.UsageFault_Handler  stm32f7xx_it.o
    0x0800ad50   0x00000080   Code   RO         1460    i.WriteDataToBufferSend  datatransfermanage.o
    0x0800add0   0x00000030   Code   RO        11582    i.__ARM_fpclassify  m_wv.l(fpclassify.o)
    0x0800ae00   0x000008f8   Code   RO        11445    i.__hardfp_pow      m_wv.l(pow.o)
    0x0800b6f8   0x00000070   Code   RO        11584    i.__kernel_poly     m_wv.l(poly.o)
    0x0800b768   0x00000020   Code   RO        11562    i.__mathlib_dbl_divzero  m_wv.l(dunder.o)
    0x0800b788   0x00000006   Code   RO        11564    i.__mathlib_dbl_infnan2  m_wv.l(dunder.o)
    0x0800b78e   0x00000002   PAD
    0x0800b790   0x00000018   Code   RO        11565    i.__mathlib_dbl_invalid  m_wv.l(dunder.o)
    0x0800b7a8   0x00000018   Code   RO        11566    i.__mathlib_dbl_overflow  m_wv.l(dunder.o)
    0x0800b7c0   0x00000018   Code   RO        11568    i.__mathlib_dbl_underflow  m_wv.l(dunder.o)
    0x0800b7d8   0x0000000e   Code   RO        11381    i._is_digit         c_w.l(__printf_wp.o)
    0x0800b7e6   0x00000004   Code   RO         3399    i._sys_exit         usart.o
    0x0800b7ea   0x000000b0   Code   RO        10670    i.accept_function   api_msg.o
    0x0800b89a   0x00000002   PAD
    0x0800b89c   0x00000108   Code   RO         1391    i.addSession        tcppacketserver.o
    0x0800b9a4   0x00000020   Code   RO        10367    i.arp_timer         timers_1.o
    0x0800b9c4   0x00000088   Code   RO         2245    i.change_bitmap     ff.o
    0x0800ba4c   0x00000084   Code   RO         2246    i.check_fs          ff.o
    0x0800bad0   0x00000014   Code   RO         2247    i.chk_chr           ff.o
    0x0800bae4   0x00000062   Code   RO         2248    i.clmt_clust        ff.o
    0x0800bb46   0x0000001a   Code   RO         2249    i.clust2sect        ff.o
    0x0800bb60   0x00000098   Code   RO         2250    i.cmp_lfn           ff.o
    0x0800bbf8   0x0000015e   Code   RO         2251    i.create_chain      ff.o
    0x0800bd56   0x00000002   PAD
    0x0800bd58   0x00000270   Code   RO         2252    i.create_name       ff.o
    0x0800bfc8   0x00000090   Code   RO         2253    i.create_xdir       ff.o
    0x0800c058   0x00000044   Code   RO         3298    i.delay_init        delay.o
    0x0800c09c   0x00000040   Code   RO         3299    i.delay_ms          delay.o
    0x0800c0dc   0x00000048   Code   RO         3300    i.delay_us          delay.o
    0x0800c124   0x0000007c   Code   RO         2254    i.dir_alloc         ff.o
    0x0800c1a0   0x000001a0   Code   RO         2255    i.dir_find          ff.o
    0x0800c340   0x00000120   Code   RO         2256    i.dir_next          ff.o
    0x0800c460   0x00000104   Code   RO         2257    i.dir_read          ff.o
    0x0800c564   0x0000020c   Code   RO         2258    i.dir_register      ff.o
    0x0800c770   0x000000aa   Code   RO         2260    i.dir_sdi           ff.o
    0x0800c81a   0x00000020   Code   RO         2657    i.disk_initialize   diskio.o
    0x0800c83a   0x00000002   PAD
    0x0800c83c   0x0000006c   Code   RO         2658    i.disk_ioctl        diskio.o
    0x0800c8a8   0x00000056   Code   RO         2659    i.disk_read         diskio.o
    0x0800c8fe   0x00000006   Code   RO         2660    i.disk_status       diskio.o
    0x0800c904   0x00000056   Code   RO         2661    i.disk_write        diskio.o
    0x0800c95a   0x00000074   Code   RO        10671    i.do_bind           api_msg.o
    0x0800c9ce   0x00000002   PAD
    0x0800c9d0   0x00000140   Code   RO        10672    i.do_close          api_msg.o
    0x0800cb10   0x000002b4   Code   RO        10673    i.do_close_internal  api_msg.o
    0x0800cdc4   0x00000154   Code   RO        10674    i.do_connect        api_msg.o
    0x0800cf18   0x00000180   Code   RO        10675    i.do_connected      api_msg.o
    0x0800d098   0x000001d4   Code   RO        10676    i.do_delconn        api_msg.o
    0x0800d26c   0x00000130   Code   RO        10678    i.do_getaddr        api_msg.o
    0x0800d39c   0x000000cc   Code   RO        10679    i.do_listen         api_msg.o
    0x0800d468   0x00000020   Code   RO        10680    i.do_newconn        api_msg.o
    0x0800d488   0x00000048   Code   RO        10681    i.do_recv           api_msg.o
    0x0800d4d0   0x00000124   Code   RO        10683    i.do_write          api_msg.o
    0x0800d5f4   0x000002e4   Code   RO        10684    i.do_writemore      api_msg.o
    0x0800d8d8   0x0000019c   Code   RO        10685    i.err_tcp           api_msg.o
    0x0800da74   0x000001c0   Code   RO         8871    i.etharp_arp_input  etharp.o
    0x0800dc34   0x000002f0   Code   RO         8874    i.etharp_find_entry  etharp.o
    0x0800df24   0x00000078   Code   RO         8875    i.etharp_free_entry  etharp.o
    0x0800df9c   0x00000208   Code   RO         8876    i.etharp_output     etharp.o
    0x0800e1a4   0x00000114   Code   RO         8877    i.etharp_output_to_arp_index  etharp.o
    0x0800e2b8   0x00000278   Code   RO         8878    i.etharp_query      etharp.o
    0x0800e530   0x0000019c   Code   RO         8879    i.etharp_raw        etharp.o
    0x0800e6cc   0x00000030   Code   RO         8880    i.etharp_request    etharp.o
    0x0800e6fc   0x000000b0   Code   RO         8881    i.etharp_send_ip    etharp.o
    0x0800e7ac   0x00000094   Code   RO         8882    i.etharp_tmr        etharp.o
    0x0800e840   0x00000158   Code   RO         8883    i.etharp_update_arp_entry  etharp.o
    0x0800e998   0x00000144   Code   RO         8884    i.ethernet_input    etharp.o
    0x0800eadc   0x000000a4   Code   RO         8984    i.ethernetif_init   ethernetif.o
    0x0800eb80   0x00000030   Code   RO         8985    i.ethernetif_input  ethernetif.o
    0x0800ebb0   0x0000004a   Code   RO         2768    i.exf_getfree       exfuns.o
    0x0800ebfa   0x00000002   PAD
    0x0800ebfc   0x00000084   Code   RO         2769    i.exfuns_init       exfuns.o
    0x0800ec80   0x00000044   Code   RO         2998    i.ezxml_add_child   ezxml.o
    0x0800ecc4   0x000000a8   Code   RO         3001    i.ezxml_char_content  ezxml.o
    0x0800ed6c   0x00000026   Code   RO         3002    i.ezxml_child       ezxml.o
    0x0800ed92   0x00000002   PAD
    0x0800ed94   0x00000058   Code   RO         3003    i.ezxml_close_tag   ezxml.o
    0x0800edec   0x000002ac   Code   RO         3005    i.ezxml_decode      ezxml.o
    0x0800f098   0x00000080   Code   RO         3006    i.ezxml_ent_ok      ezxml.o
    0x0800f118   0x0000006c   Code   RO         3007    i.ezxml_err         ezxml.o
    0x0800f184   0x00000156   Code   RO         3009    i.ezxml_free        ezxml.o
    0x0800f2da   0x00000002   PAD
    0x0800f2dc   0x00000074   Code   RO         3010    i.ezxml_free_attr   ezxml.o
    0x0800f350   0x000000b2   Code   RO         3013    i.ezxml_insert      ezxml.o
    0x0800f402   0x00000002   PAD
    0x0800f404   0x000004f0   Code   RO         3014    i.ezxml_internal_dtd  ezxml.o
    0x0800f8f4   0x00000058   Code   RO         3015    i.ezxml_new         ezxml.o
    0x0800f94c   0x00000030   Code   RO         3016    i.ezxml_open_tag    ezxml.o
    0x0800f97c   0x000000c0   Code   RO         3017    i.ezxml_parse_fd    ezxml.o
    0x0800fa3c   0x00000036   Code   RO         3018    i.ezxml_parse_file  ezxml.o
    0x0800fa72   0x00000002   PAD
    0x0800fa74   0x00000730   Code   RO         3019    i.ezxml_parse_str   ezxml.o
    0x080101a4   0x000001a0   Code   RO         3021    i.ezxml_proc_inst   ezxml.o
    0x08010344   0x0000000c   Code   RO         3023    i.ezxml_set_flag    ezxml.o
    0x08010350   0x00000174   Code   RO         3025    i.ezxml_str2utf8    ezxml.o
    0x080104c4   0x00000026   Code   RO         2261    i.f_close           ff.o
    0x080104ea   0x00000166   Code   RO         2263    i.f_getfree         ff.o
    0x08010650   0x0000005c   Code   RO         2269    i.f_mount           ff.o
    0x080106ac   0x000002bc   Code   RO         2270    i.f_open            ff.o
    0x08010968   0x00000228   Code   RO         2275    i.f_read            ff.o
    0x08010b90   0x0000018e   Code   RO         2280    i.f_sync            ff.o
    0x08010d1e   0x00000018   Code   RO        11578    i.fabs              m_wv.l(fabs.o)
    0x08010d36   0x00000002   PAD
    0x08010d38   0x0000007c   Code   RO         2731    i.ff_convert        cc936.o
    0x08010db4   0x0000000e   Code   RO         2662    i.ff_memalloc       diskio.o
    0x08010dc2   0x0000000e   Code   RO         2663    i.ff_memfree        diskio.o
    0x08010dd0   0x000000a4   Code   RO         2732    i.ff_wtoupper       cc936.o
    0x08010e74   0x00000036   Code   RO         2284    i.fill_fat_chain    ff.o
    0x08010eaa   0x000000a4   Code   RO         2285    i.find_bitmap       ff.o
    0x08010f4e   0x00000002   PAD
    0x08010f50   0x00000458   Code   RO         2286    i.find_volume       ff.o
    0x080113a8   0x000000e4   Code   RO         2287    i.follow_path       ff.o
    0x0801148c   0x0000001c   Code   RO         3401    i.fputc             usart.o
    0x080114a8   0x000000cc   Code   RO         2288    i.gen_numname       ff.o
    0x08011574   0x0000017a   Code   RO         2289    i.get_fat           ff.o
    0x080116ee   0x00000004   Code   RO         2664    i.get_fattime       diskio.o
    0x080116f2   0x0000004a   Code   RO         2291    i.get_ldnumber      ff.o
    0x0801173c   0x00000012   Code   RO         9065    i.icmp_dest_unreach  icmp.o
    0x0801174e   0x00000002   PAD
    0x08011750   0x00000334   Code   RO         9066    i.icmp_input        icmp.o
    0x08011a84   0x00000120   Code   RO         9067    i.icmp_send_response  icmp.o
    0x08011ba4   0x00000012   Code   RO         9068    i.icmp_time_exceeded  icmp.o
    0x08011bb6   0x00000014   Code   RO         9148    i.inet_chksum       inet_chksum.o
    0x08011bca   0x00000056   Code   RO         9149    i.inet_chksum_pbuf  inet_chksum.o
    0x08011c20   0x0000004e   Code   RO         9259    i.ip4_addr_isbroadcast  ip_addr.o
    0x08011c6e   0x00000002   PAD
    0x08011c70   0x0000023c   Code   RO         9324    i.ip_frag           ip_frag.o
    0x08011eac   0x0000000a   Code   RO         9325    i.ip_frag_alloc_pbuf_custom_ref  ip_frag.o
    0x08011eb6   0x00000002   PAD
    0x08011eb8   0x0000008c   Code   RO         9326    i.ip_frag_free_pbuf_custom_ref  ip_frag.o
    0x08011f44   0x000001c8   Code   RO         9195    i.ip_input          ip.o
    0x0801210c   0x000000b4   Code   RO         9196    i.ip_output         ip.o
    0x080121c0   0x00000190   Code   RO         9197    i.ip_output_if      ip.o
    0x08012350   0x000001a4   Code   RO         9327    i.ip_reass          ip_frag.o
    0x080124f4   0x00000310   Code   RO         9328    i.ip_reass_chain_frag_into_datagram_and_validate  ip_frag.o
    0x08012804   0x000000b8   Code   RO         9329    i.ip_reass_dequeue_datagram  ip_frag.o
    0x080128bc   0x00000058   Code   RO         9330    i.ip_reass_enqueue_new_datagram  ip_frag.o
    0x08012914   0x000001cc   Code   RO         9331    i.ip_reass_free_complete_datagram  ip_frag.o
    0x08012ae0   0x0000007c   Code   RO         9332    i.ip_reass_remove_oldest_datagram  ip_frag.o
    0x08012b5c   0x00000020   Code   RO        10368    i.ip_reass_timer    timers_1.o
    0x08012b7c   0x0000003c   Code   RO         9333    i.ip_reass_tmr      ip_frag.o
    0x08012bb8   0x00000058   Code   RO         9198    i.ip_route          ip.o
    0x08012c10   0x000000bc   Code   RO         9334    i.ipfrag_free_pbuf_custom  ip_frag.o
    0x08012ccc   0x00000026   Code   RO         2293    i.ld_clust          ff.o
    0x08012cf2   0x00000018   Code   RO         2294    i.ld_dword          ff.o
    0x08012d0a   0x00000062   Code   RO         2295    i.ld_qword          ff.o
    0x08012d6c   0x0000000c   Code   RO         2296    i.ld_word           ff.o
    0x08012d78   0x0000003c   Code   RO         2297    i.load_obj_dir      ff.o
    0x08012db4   0x000000dc   Code   RO         2298    i.load_xdir         ff.o
    0x08012e90   0x00000088   Code   RO         8986    i.low_level_init    ethernetif.o
    0x08012f18   0x00000100   Code   RO         8987    i.low_level_input   ethernetif.o
    0x08013018   0x000000e8   Code   RO         8988    i.low_level_output  ethernetif.o
    0x08013100   0x00000060   Code   RO         1263    i.lwip_comm_default_ip_set  lwip_comm.o
    0x08013160   0x00000228   Code   RO         1264    i.lwip_comm_init    lwip_comm.o
    0x08013388   0x00000020   Code   RO         1265    i.lwip_comm_mem_free  lwip_comm.o
    0x080133a8   0x00000044   Code   RO         1266    i.lwip_comm_mem_malloc  lwip_comm.o
    0x080133ec   0x0000001a   Code   RO         9402    i.lwip_htonl        def.o
    0x08013406   0x0000000c   Code   RO         9403    i.lwip_htons        def.o
    0x08013412   0x00000024   Code   RO         9480    i.lwip_init         init.o
    0x08013436   0x0000000c   Code   RO         9404    i.lwip_ntohl        def.o
    0x08013442   0x0000000c   Code   RO         9405    i.lwip_ntohs        def.o
    0x0801344e   0x00000002   PAD
    0x08013450   0x00000010   Code   RO         1267    i.lwip_pkt_handle   lwip_comm.o
    0x08013460   0x00000002   Code   RO        10996    i.lwip_socket_init  sockets.o
    0x08013462   0x0000005e   Code   RO         9152    i.lwip_standard_chksum  inet_chksum.o
    0x080134c0   0x0000018c   Code   RO            7    i.main              main.o
    0x0801364c   0x00000024   Code   RO         2299    i.mem_cmp           ff.o
    0x08013670   0x0000001a   Code   RO         2300    i.mem_cpy           ff.o
    0x0801368a   0x00000002   PAD
    0x0801368c   0x00000168   Code   RO         9520    i.mem_free          mem.o
    0x080137f4   0x000000f4   Code   RO         9521    i.mem_init          mem.o
    0x080138e8   0x00000288   Code   RO         9522    i.mem_malloc        mem.o
    0x08013b70   0x00000012   Code   RO         2301    i.mem_set           ff.o
    0x08013b82   0x00000002   PAD
    0x08013b84   0x000001ec   Code   RO         9523    i.mem_trim          mem.o
    0x08013d70   0x000000c0   Code   RO         9575    i.memp_free         memp.o
    0x08013e30   0x00000008   Code   RO         9576    i.memp_get_memorysize  memp.o
    0x08013e38   0x00000068   Code   RO         9577    i.memp_init         memp.o
    0x08013ea0   0x00000100   Code   RO         9578    i.memp_malloc       memp.o
    0x08013fa0   0x00000034   Code   RO         2302    i.move_window       ff.o
    0x08013fd4   0x0000006c   Code   RO         3213    i.my_mem_free       malloc.o
    0x08014040   0x0000002c   Code   RO         3214    i.my_mem_init       malloc.o
    0x0801406c   0x000000a8   Code   RO         3215    i.my_mem_malloc     malloc.o
    0x08014114   0x00000040   Code   RO         3216    i.my_mem_perused    malloc.o
    0x08014154   0x00000024   Code   RO         3217    i.myfree            malloc.o
    0x08014178   0x00000028   Code   RO         3218    i.mymalloc          malloc.o
    0x080141a0   0x0000001a   Code   RO         3219    i.mymemcpy          malloc.o
    0x080141ba   0x00000014   Code   RO         3220    i.mymemset          malloc.o
    0x080141ce   0x00000002   PAD
    0x080141d0   0x00000044   Code   RO         3221    i.myrealloc         malloc.o
    0x08014214   0x00000020   Code   RO        10861    i.netbuf_delete     netbuf.o
    0x08014234   0x000001ac   Code   RO        10527    i.netconn_accept    api_lib.o
    0x080143e0   0x00000128   Code   RO        10686    i.netconn_alloc     api_msg.o
    0x08014508   0x000000d8   Code   RO        10528    i.netconn_bind      api_lib.o
    0x080145e0   0x0000000e   Code   RO        10529    i.netconn_close     api_lib.o
    0x080145ee   0x00000002   PAD
    0x080145f0   0x000000d0   Code   RO        10530    i.netconn_close_shutdown  api_lib.o
    0x080146c0   0x000000dc   Code   RO        10531    i.netconn_connect   api_lib.o
    0x0801479c   0x00000028   Code   RO        10532    i.netconn_delete    api_lib.o
    0x080147c4   0x0000014c   Code   RO        10687    i.netconn_drain     api_msg.o
    0x08014910   0x0000017c   Code   RO        10688    i.netconn_free      api_msg.o
    0x08014a8c   0x00000158   Code   RO        10534    i.netconn_getaddr   api_lib.o
    0x08014be4   0x000000d0   Code   RO        10535    i.netconn_listen_with_backlog  api_lib.o
    0x08014cb4   0x00000198   Code   RO        10536    i.netconn_new_with_proto_and_callback  api_lib.o
    0x08014e4c   0x000001c0   Code   RO        10537    i.netconn_recv      api_lib.o
    0x0801500c   0x0000022c   Code   RO        10538    i.netconn_recv_data  api_lib.o
    0x08015238   0x00000164   Code   RO        10544    i.netconn_write_partly  api_lib.o
    0x0801539c   0x00000104   Code   RO         9638    i.netif_add         netif.o
    0x080154a0   0x00000002   Code   RO         9640    i.netif_init        netif.o
    0x080154a2   0x00000028   Code   RO         9642    i.netif_set_addr    netif.o
    0x080154ca   0x00000002   PAD
    0x080154cc   0x00000010   Code   RO         9643    i.netif_set_default  netif.o
    0x080154dc   0x00000010   Code   RO         9645    i.netif_set_gw      netif.o
    0x080154ec   0x00000084   Code   RO         9646    i.netif_set_ipaddr  netif.o
    0x08015570   0x00000010   Code   RO         9649    i.netif_set_netmask  netif.o
    0x08015580   0x00000036   Code   RO         9650    i.netif_set_up      netif.o
    0x080155b6   0x00000002   PAD
    0x080155b8   0x00000028   Code   RO          864    i.pChartoBool       parametersload.o
    0x080155e0   0x00000058   Code   RO          865    i.pChartoUint32     parametersload.o
    0x08015638   0x0000041c   Code   RO         9744    i.pbuf_alloc        pbuf.o
    0x08015a54   0x00000108   Code   RO         9745    i.pbuf_alloced_custom  pbuf.o
    0x08015b5c   0x00000148   Code   RO         9746    i.pbuf_cat          pbuf.o
    0x08015ca4   0x00000012   Code   RO         9748    i.pbuf_clen         pbuf.o
    0x08015cb6   0x00000002   PAD
    0x08015cb8   0x00000238   Code   RO         9750    i.pbuf_copy         pbuf.o
    0x08015ef0   0x0000014c   Code   RO         9751    i.pbuf_copy_partial  pbuf.o
    0x0801603c   0x000001c0   Code   RO         9753    i.pbuf_free         pbuf.o
    0x080161fc   0x00000154   Code   RO         9755    i.pbuf_header       pbuf.o
    0x08016350   0x000001c4   Code   RO         9758    i.pbuf_realloc      pbuf.o
    0x08016514   0x0000001a   Code   RO         9759    i.pbuf_ref          pbuf.o
    0x0801652e   0x00000002   PAD
    0x08016530   0x0000012c   Code   RO        10689    i.pcb_new           api_msg.o
    0x0801665c   0x00000088   Code   RO         2303    i.pick_lfn          ff.o
    0x080166e4   0x000001b4   Code   RO         9524    i.plug_holes        mem.o
    0x08016898   0x000000e4   Code   RO        10690    i.poll_tcp          api_msg.o
    0x0801697c   0x00000098   Code   RO         8350    i.prvAddCurrentTaskToDelayedList  tasks.o
    0x08016a14   0x000000b8   Code   RO         8351    i.prvAddNewTaskToReadyList  tasks.o
    0x08016acc   0x00000064   Code   RO         8206    i.prvCheckForValidListAndQueue  timers.o
    0x08016b30   0x00000064   Code   RO         8352    i.prvCheckTasksWaitingTermination  tasks.o
    0x08016b94   0x0000002a   Code   RO         7965    i.prvCopyDataFromQueue  queue.o
    0x08016bbe   0x0000007c   Code   RO         7966    i.prvCopyDataToQueue  queue.o
    0x08016c3a   0x00000012   Code   RO         8353    i.prvDeleteTCB      tasks.o
    0x08016c4c   0x00000028   Code   RO         8207    i.prvGetNextExpireTime  timers.o
    0x08016c74   0x0000007c   Code   RO         8810    i.prvHeapInit       heap_4.o
    0x08016cf0   0x00000028   Code   RO         8354    i.prvIdleTask       tasks.o
    0x08016d18   0x0000002e   Code   RO         7968    i.prvInitialiseNewQueue  queue.o
    0x08016d46   0x00000002   PAD
    0x08016d48   0x000000bc   Code   RO         8355    i.prvInitialiseNewTask  tasks.o
    0x08016e04   0x00000068   Code   RO         8356    i.prvInitialiseTaskLists  tasks.o
    0x08016e6c   0x00000068   Code   RO         8811    i.prvInsertBlockIntoFreeList  heap_4.o
    0x08016ed4   0x00000058   Code   RO         8209    i.prvInsertTimerInActiveList  timers.o
    0x08016f2c   0x0000001a   Code   RO         7969    i.prvIsQueueEmpty   queue.o
    0x08016f46   0x0000001e   Code   RO         7970    i.prvIsQueueFull    queue.o
    0x08016f64   0x0000008c   Code   RO         7971    i.prvNotifyQueueSetContainer  queue.o
    0x08016ff0   0x00000070   Code   RO         8210    i.prvProcessExpiredTimer  timers.o
    0x08017060   0x00000114   Code   RO         8211    i.prvProcessReceivedCommands  timers.o
    0x08017174   0x00000074   Code   RO         8212    i.prvProcessTimerOrBlockTask  timers.o
    0x080171e8   0x00000034   Code   RO         8358    i.prvResetNextTaskUnblockTime  tasks.o
    0x0801721c   0x0000002c   Code   RO         8213    i.prvSampleTimeNow  timers.o
    0x08017248   0x000000ac   Code   RO         8214    i.prvSwitchTimerLists  timers.o
    0x080172f4   0x00000068   Code   RO         8722    i.prvTaskExitError  port.o
    0x0801735c   0x0000001a   Code   RO         8215    i.prvTimerTask      timers.o
    0x08017376   0x00000092   Code   RO         7972    i.prvUnlockQueue    queue.o
    0x08017408   0x00000144   Code   RO         2304    i.put_fat           ff.o
    0x0801754c   0x00000080   Code   RO         2305    i.put_lfn           ff.o
    0x080175cc   0x0000013c   Code   RO         8812    i.pvPortMalloc      heap_4.o
    0x08017708   0x00000020   Code   RO         8362    i.pvTaskIncrementMutexHeldCount  tasks.o
    0x08017728   0x0000002c   Code   RO         8723    i.pxPortInitialiseStack  port.o
    0x08017754   0x00000010   Code   RO         9870    i.raw_bind          raw.o
    0x08017764   0x00000010   Code   RO         9871    i.raw_connect       raw.o
    0x08017774   0x00000074   Code   RO         9872    i.raw_input         raw.o
    0x080177e8   0x00000034   Code   RO         9873    i.raw_new           raw.o
    0x0801781c   0x00000006   Code   RO         9874    i.raw_recv          raw.o
    0x08017822   0x00000002   PAD
    0x08017824   0x00000040   Code   RO         9875    i.raw_remove        raw.o
    0x08017864   0x0000009c   Code   RO        10691    i.recv_raw          api_msg.o
    0x08017900   0x00000188   Code   RO        10692    i.recv_tcp          api_msg.o
    0x08017a88   0x00000180   Code   RO        10693    i.recv_udp          api_msg.o
    0x08017c08   0x0000010a   Code   RO         2307    i.remove_chain      ff.o
    0x08017d12   0x00000002   PAD
    0x08017d14   0x000000e0   Code   RO        10694    i.sent_tcp          api_msg.o
    0x08017df4   0x00000044   Code   RO        10695    i.setup_tcp         api_msg.o
    0x08017e38   0x0000006a   Code   RO        11589    i.sqrt              m_wv.l(sqrt.o)
    0x08017ea2   0x00000024   Code   RO         2308    i.st_clust          ff.o
    0x08017ec6   0x00000018   Code   RO         2309    i.st_dword          ff.o
    0x08017ede   0x0000005c   Code   RO         2310    i.st_qword          ff.o
    0x08017f3a   0x0000000c   Code   RO         2311    i.st_word           ff.o
    0x08017f46   0x0000006e   Code   RO         2312    i.store_xdir        ff.o
    0x08017fb4   0x00000020   Code   RO         2313    i.sum_sfn           ff.o
    0x08017fd4   0x00000090   Code   RO         2314    i.sync_fs           ff.o
    0x08018064   0x00000052   Code   RO         2315    i.sync_window       ff.o
    0x080180b6   0x00000002   PAD
    0x080180b8   0x000000d0   Code   RO         1530    i.sys_arch_mbox_fetch  sys_arch.o
    0x08018188   0x00000038   Code   RO         1531    i.sys_arch_mbox_tryfetch  sys_arch.o
    0x080181c0   0x00000090   Code   RO         1532    i.sys_arch_sem_wait  sys_arch.o
    0x08018250   0x00000002   Code   RO         1533    i.sys_init          sys_arch.o
    0x08018252   0x00000010   Code   RO         1534    i.sys_mbox_free     sys_arch.o
    0x08018262   0x00000002   PAD
    0x08018264   0x00000090   Code   RO         1535    i.sys_mbox_new      sys_arch.o
    0x080182f4   0x00000060   Code   RO         1536    i.sys_mbox_post     sys_arch.o
    0x08018354   0x00000006   Code   RO         1537    i.sys_mbox_set_invalid  sys_arch.o
    0x0801835a   0x00000002   PAD
    0x0801835c   0x00000068   Code   RO         1538    i.sys_mbox_trypost  sys_arch.o
    0x080183c4   0x0000000e   Code   RO         1539    i.sys_mbox_valid    sys_arch.o
    0x080183d2   0x00000010   Code   RO         1542    i.sys_sem_free      sys_arch.o
    0x080183e2   0x00000002   PAD
    0x080183e4   0x0000008c   Code   RO         1543    i.sys_sem_new       sys_arch.o
    0x08018470   0x00000006   Code   RO         1544    i.sys_sem_set_invalid  sys_arch.o
    0x08018476   0x00000018   Code   RO         1545    i.sys_sem_signal    sys_arch.o
    0x0801848e   0x0000000e   Code   RO         1546    i.sys_sem_valid     sys_arch.o
    0x0801849c   0x00000034   Code   RO         1547    i.sys_thread_new    sys_arch.o
    0x080184d0   0x00000148   Code   RO        10369    i.sys_timeout       timers_1.o
    0x08018618   0x00000024   Code   RO        10370    i.sys_timeouts_init  timers_1.o
    0x0801863c   0x00000088   Code   RO        10371    i.sys_timeouts_mbox_fetch  timers_1.o
    0x080186c4   0x00000060   Code   RO        10372    i.sys_untimeout     timers_1.o
    0x08018724   0x00000134   Code   RO         9956    i.tcp_abandon       tcp.o
    0x08018858   0x0000000e   Code   RO         9957    i.tcp_abort         tcp.o
    0x08018866   0x00000004   Code   RO         9958    i.tcp_accept        tcp.o
    0x0801886a   0x00000008   Code   RO         9959    i.tcp_accept_null   tcp.o
    0x08018872   0x00000002   PAD
    0x08018874   0x000000c4   Code   RO         9960    i.tcp_alloc         tcp.o
    0x08018938   0x00000004   Code   RO         9961    i.tcp_arg           tcp.o
    0x0801893c   0x00000128   Code   RO         9962    i.tcp_bind          tcp.o
    0x08018a64   0x0000001c   Code   RO         9963    i.tcp_close         tcp.o
    0x08018a80   0x0000024c   Code   RO         9964    i.tcp_close_shutdown  tcp.o
    0x08018ccc   0x000001ec   Code   RO         9965    i.tcp_connect       tcp.o
    0x08018eb8   0x000000b8   Code   RO        10257    i.tcp_create_segment  tcp_out.o
    0x08018f70   0x0000002e   Code   RO         9967    i.tcp_eff_send_mss  tcp.o
    0x08018f9e   0x00000002   PAD
    0x08018fa0   0x000002a4   Code   RO        10258    i.tcp_enqueue_flags  tcp_out.o
    0x08019244   0x000000a0   Code   RO         9968    i.tcp_err           tcp.o
    0x080192e4   0x00000080   Code   RO         9969    i.tcp_fasttmr       tcp.o
    0x08019364   0x00000002   Code   RO         9970    i.tcp_init          tcp.o
    0x08019366   0x00000002   PAD
    0x08019368   0x000006b8   Code   RO        10197    i.tcp_input         tcp_in.o
    0x08019a20   0x00000054   Code   RO        10259    i.tcp_keepalive     tcp_out.o
    0x08019a74   0x00000058   Code   RO         9971    i.tcp_kill_prio     tcp.o
    0x08019acc   0x00000040   Code   RO         9972    i.tcp_kill_timewait  tcp.o
    0x08019b0c   0x0000013c   Code   RO        10198    i.tcp_listen_input  tcp_in.o
    0x08019c48   0x00000160   Code   RO         9973    i.tcp_listen_with_backlog  tcp.o
    0x08019da8   0x0000000a   Code   RO         9974    i.tcp_new           tcp.o
    0x08019db2   0x00000002   PAD
    0x08019db4   0x00000068   Code   RO         9975    i.tcp_new_port      tcp.o
    0x08019e1c   0x0000001c   Code   RO         9976    i.tcp_next_iss      tcp.o
    0x08019e38   0x00000284   Code   RO        10260    i.tcp_output        tcp_out.o
    0x0801a0bc   0x00000118   Code   RO        10261    i.tcp_output_alloc_header  tcp_out.o
    0x0801a1d4   0x000000d8   Code   RO        10262    i.tcp_output_segment  tcp_out.o
    0x0801a2ac   0x000000d0   Code   RO        10199    i.tcp_parseopt      tcp_in.o
    0x0801a37c   0x000000f8   Code   RO        10263    i.tcp_pbuf_prealloc  tcp_out.o
    0x0801a474   0x00000058   Code   RO         9977    i.tcp_pcb_purge     tcp.o
    0x0801a4cc   0x00000140   Code   RO         9978    i.tcp_pcb_remove    tcp.o
    0x0801a60c   0x000000a0   Code   RO         9979    i.tcp_poll          tcp.o
    0x0801a6ac   0x00000698   Code   RO        10200    i.tcp_process       tcp_in.o
    0x0801ad44   0x00000094   Code   RO         9980    i.tcp_process_refused_data  tcp.o
    0x0801add8   0x00000924   Code   RO        10201    i.tcp_receive       tcp_in.o
    0x0801b6fc   0x000000a0   Code   RO         9981    i.tcp_recv          tcp.o
    0x0801b79c   0x0000002e   Code   RO         9982    i.tcp_recv_null     tcp.o
    0x0801b7ca   0x00000002   PAD
    0x0801b7cc   0x0000011c   Code   RO         9983    i.tcp_recved        tcp.o
    0x0801b8e8   0x0000005a   Code   RO        10264    i.tcp_rexmit        tcp_out.o
    0x0801b942   0x00000078   Code   RO        10265    i.tcp_rexmit_fast   tcp_out.o
    0x0801b9ba   0x0000003a   Code   RO        10266    i.tcp_rexmit_rto    tcp_out.o
    0x0801b9f4   0x00000120   Code   RO        10267    i.tcp_rst           tcp_out.o
    0x0801bb14   0x0000001a   Code   RO         9984    i.tcp_seg_free      tcp.o
    0x0801bb2e   0x00000018   Code   RO         9985    i.tcp_segs_free     tcp.o
    0x0801bb46   0x00000056   Code   RO        10268    i.tcp_send_empty_ack  tcp_out.o
    0x0801bb9c   0x0000004a   Code   RO        10269    i.tcp_send_fin      tcp_out.o
    0x0801bbe6   0x00000002   PAD
    0x0801bbe8   0x000000a0   Code   RO         9986    i.tcp_sent          tcp.o
    0x0801bc88   0x00000062   Code   RO         9988    i.tcp_shutdown      tcp.o
    0x0801bcea   0x00000002   PAD
    0x0801bcec   0x000005f0   Code   RO         9989    i.tcp_slowtmr       tcp.o
    0x0801c2dc   0x00000038   Code   RO        10373    i.tcp_timer_needed  timers_1.o
    0x0801c314   0x000000ac   Code   RO        10202    i.tcp_timewait_input  tcp_in.o
    0x0801c3c0   0x00000024   Code   RO         9990    i.tcp_tmr           tcp.o
    0x0801c3e4   0x000000d4   Code   RO         9991    i.tcp_update_rcv_ann_wnd  tcp.o
    0x0801c4b8   0x0000071c   Code   RO        10270    i.tcp_write         tcp_out.o
    0x0801cbd4   0x00000184   Code   RO        10271    i.tcp_write_checks  tcp_out.o
    0x0801cd58   0x000000b4   Code   RO        10272    i.tcp_zero_window_probe  tcp_out.o
    0x0801ce0c   0x00000040   Code   RO        11165    i.tcpip_apimsg      tcpip.o
    0x0801ce4c   0x000000dc   Code   RO        11169    i.tcpip_init        tcpip.o
    0x0801cf28   0x0000004c   Code   RO        11170    i.tcpip_input       tcpip.o
    0x0801cf74   0x00000038   Code   RO        10374    i.tcpip_tcp_timer   timers_1.o
    0x0801cfac   0x00000164   Code   RO        11171    i.tcpip_thread      tcpip.o
    0x0801d110   0x00000038   Code   RO         3402    i.uart_init         usart.o
    0x0801d148   0x0000010c   Code   RO        10432    i.udp_bind          udp.o
    0x0801d254   0x00000068   Code   RO        10433    i.udp_connect       udp.o
    0x0801d2bc   0x00000002   Code   RO        10435    i.udp_init          udp.o
    0x0801d2be   0x00000002   PAD
    0x0801d2c0   0x0000024c   Code   RO        10436    i.udp_input         udp.o
    0x0801d50c   0x0000001c   Code   RO        10437    i.udp_new           udp.o
    0x0801d528   0x00000058   Code   RO        10438    i.udp_new_port      udp.o
    0x0801d580   0x00000006   Code   RO        10439    i.udp_recv          udp.o
    0x0801d586   0x00000002   PAD
    0x0801d588   0x00000040   Code   RO        10440    i.udp_remove        udp.o
    0x0801d5c8   0x00000028   Code   RO         7916    i.uxListRemove      list.o
    0x0801d5f0   0x00000024   Code   RO            8    i.vApplicationStackOverflowHook  main.o
    0x0801d614   0x00000028   Code   RO            9    i.vAssertCalled     main.o
    0x0801d63c   0x0000001a   Code   RO         7917    i.vListInitialise   list.o
    0x0801d656   0x00000006   Code   RO         7918    i.vListInitialiseItem  list.o
    0x0801d65c   0x00000034   Code   RO         7919    i.vListInsert       list.o
    0x0801d690   0x00000018   Code   RO         7920    i.vListInsertEnd    list.o
    0x0801d6a8   0x00000080   Code   RO         8725    i.vPortEnterCritical  port.o
    0x0801d728   0x00000064   Code   RO         8726    i.vPortExitCritical  port.o
    0x0801d78c   0x000000a4   Code   RO         8813    i.vPortFree         heap_4.o
    0x0801d830   0x00000020   Code   RO         8727    i.vPortSetupTimerInterrupt  port.o
    0x0801d850   0x00000090   Code   RO         8728    i.vPortValidateInterruptPriority  port.o
    0x0801d8e0   0x0000002c   Code   RO         7978    i.vQueueAddToRegistry  queue.o
    0x0801d90c   0x00000034   Code   RO         7979    i.vQueueDelete      queue.o
    0x0801d940   0x00000030   Code   RO         7981    i.vQueueUnregisterQueue  queue.o
    0x0801d970   0x0000004a   Code   RO         7982    i.vQueueWaitForMessageRestricted  queue.o
    0x0801d9ba   0x00000002   PAD
    0x0801d9bc   0x00000064   Code   RO         8370    i.vTaskDelay        tasks.o
    0x0801da20   0x000000fc   Code   RO         8372    i.vTaskDelete       tasks.o
    0x0801db1c   0x0000000c   Code   RO         8376    i.vTaskMissedYield  tasks.o
    0x0801db28   0x00000040   Code   RO         8378    i.vTaskPlaceOnEventList  tasks.o
    0x0801db68   0x00000048   Code   RO         8379    i.vTaskPlaceOnEventListRestricted  tasks.o
    0x0801dbb0   0x000000b0   Code   RO         8381    i.vTaskPriorityInherit  tasks.o
    0x0801dc60   0x0000003c   Code   RO         8385    i.vTaskSetTimeOutState  tasks.o
    0x0801dc9c   0x000000a0   Code   RO         8386    i.vTaskStartScheduler  tasks.o
    0x0801dd3c   0x00000010   Code   RO         8388    i.vTaskSuspendAll   tasks.o
    0x0801dd4c   0x000000cc   Code   RO         8389    i.vTaskSwitchContext  tasks.o
    0x0801de18   0x00000042   Code   RO         2316    i.validate          ff.o
    0x0801de5a   0x00000002   PAD
    0x0801de5c   0x00000108   Code   RO         8729    i.xPortStartScheduler  port.o
    0x0801df64   0x00000038   Code   RO         8730    i.xPortSysTickHandler  port.o
    0x0801df9c   0x00000058   Code   RO         7984    i.xQueueCreateCountingSemaphore  queue.o
    0x0801dff4   0x00000060   Code   RO         7987    i.xQueueGenericCreate  queue.o
    0x0801e054   0x000001b4   Code   RO         7988    i.xQueueGenericReceive  queue.o
    0x0801e208   0x000000a0   Code   RO         7989    i.xQueueGenericReset  queue.o
    0x0801e2a8   0x000001ac   Code   RO         7990    i.xQueueGenericSend  queue.o
    0x0801e454   0x000000fc   Code   RO         7991    i.xQueueGenericSendFromISR  queue.o
    0x0801e550   0x0000008c   Code   RO         8390    i.xTaskCheckForTimeOut  tasks.o
    0x0801e5dc   0x00000060   Code   RO         8391    i.xTaskCreate       tasks.o
    0x0801e63c   0x00000020   Code   RO         8395    i.xTaskGetSchedulerState  tasks.o
    0x0801e65c   0x0000000c   Code   RO         8396    i.xTaskGetTickCount  tasks.o
    0x0801e668   0x00000150   Code   RO         8398    i.xTaskIncrementTick  tasks.o
    0x0801e7b8   0x000000c4   Code   RO         8401    i.xTaskPriorityDisinherit  tasks.o
    0x0801e87c   0x000000a0   Code   RO         8402    i.xTaskRemoveFromEventList  tasks.o
    0x0801e91c   0x0000010c   Code   RO         8404    i.xTaskResumeAll    tasks.o
    0x0801ea28   0x00000064   Code   RO         8219    i.xTimerCreateTimerTask  timers.o
    0x0801ea8c   0x00000090   Code   RO         8220    i.xTimerGenericCommand  timers.o
    0x0801eb1c   0x0000003a   Code   RO         2317    i.xdir_sum          ff.o
    0x0801eb56   0x0000004c   Code   RO         2318    i.xname_sum         ff.o
    0x0801eba2   0x00000002   PAD
    0x0801eba4   0x0000002c   Code   RO        11555    locale$$code        c_w.l(lc_ctype_c.o)
    0x0801ebd0   0x0000002c   Code   RO        11737    locale$$code        c_w.l(lc_numeric_c.o)
    0x0801ebfc   0x00000010   Code   RO        11697    x$fpl$dcheck1       fz_wv.l(dcheck1.o)
    0x0801ec0c   0x0000000a   Code   RO        11757    x$fpl$fpinit        fz_wv.l(fpinit.o)
    0x0801ec16   0x00000004   Code   RO        11557    x$fpl$printf1       fz_wv.l(printf1.o)
    0x0801ec1a   0x00000064   Code   RO        11761    x$fpl$retnan        fz_wv.l(retnan.o)
    0x0801ec7e   0x0000005c   Code   RO        11559    x$fpl$scalbn        fz_wv.l(scalbn.o)
    0x0801ecda   0x00000030   Code   RO        11796    x$fpl$trapveneer    fz_wv.l(trapv.o)
    0x0801ed0a   0x00000000   Code   RO        11561    x$fpl$usenofp       fz_wv.l(usenofp.o)
    0x0801ed0a   0x00000018   Data   RO          562    .constdata          system_stm32f7xx.o
    0x0801ed22   0x00000002   PAD
    0x0801ed24   0x00000004   Data   RO         1548    .constdata          sys_arch.o
    0x0801ed28   0x0000004a   Data   RO         2320    .constdata          ff.o
    0x0801ed72   0x0002abb6   Data   RO         2733    .constdata          cc936.o
    0x08049928   0x00000024   Data   RO         3227    .constdata          malloc.o
    0x0804994c   0x0000000c   Data   RO         8886    .constdata          etharp.o
    0x08049958   0x00000008   Data   RO         9266    .constdata          ip_addr.o
    0x08049960   0x00000038   Data   RO         9580    .constdata          memp.o
    0x08049998   0x00000050   Data   RO         9992    .constdata          tcp.o
    0x080499e8   0x00000028   Data   RO        11369    .constdata          c_w.l(_printf_hex_int_ll_ptr.o)
    0x08049a10   0x00000011   Data   RO        11389    .constdata          c_w.l(__printf_flags_ss_wp.o)
    0x08049a21   0x00000007   PAD
    0x08049a28   0x00000088   Data   RO        11448    .constdata          m_wv.l(pow.o)
    0x08049ab0   0x00000008   Data   RO        11528    .constdata          c_w.l(_printf_wctomb.o)
    0x08049ab8   0x00000008   Data   RO        11586    .constdata          m_wv.l(qnan.o)
    0x08049ac0   0x00000094   Data   RO        11712    .constdata          c_w.l(bigflt0.o)
    0x08049b54   0x00000096   Data   RO          928    .conststring        tracking.o
    0x08049bea   0x00000002   PAD
    0x08049bec   0x0000004d   Data   RO         1052    .conststring        dataprocess.o
    0x08049c39   0x00000003   PAD
    0x08049c3c   0x0000004c   Data   RO         1393    .conststring        tcppacketserver.o
    0x08049c88   0x0000010f   Data   RO         1461    .conststring        datatransfermanage.o
    0x08049d97   0x00000001   PAD
    0x08049d98   0x00000046   Data   RO         3029    .conststring        ezxml.o
    0x08049dde   0x00000002   PAD
    0x08049de0   0x00000044   Data   RO         8887    .conststring        etharp.o
    0x08049e24   0x000000a0   Data   RO         9581    .conststring        memp.o
    0x08049ec4   0x0000006d   Data   RO         9993    .conststring        tcp.o
    0x08049f31   0x00000003   PAD
    0x08049f34   0x00000055   Data   RO        10273    .conststring        tcp_out.o
    0x08049f89   0x00000003   PAD
    0x08049f8c   0x00000020   Data   RO        11824    Region$$Table       anon$$obj.o
    0x08049fac   0x00000110   Data   RO        11554    locale$$data        c_w.l(lc_ctype_c.o)
    0x0804a0bc   0x0000001c   Data   RO        11736    locale$$data        c_w.l(lc_numeric_c.o)


    Execution Region RW_IRAM1 (Base: 0x20020000, Size: 0x0003d3c0, Max: 0x00060000, ABSOLUTE, COMPRESSED[0x00000090])

    Base Addr    Size         Type   Attr      Idx    E Section Name        Object

    0x20020000   0x00000014   Data   RW           10    .data               main.o
    0x20020014   0x00000004   Data   RW          563    .data               system_stm32f7xx.o
    0x20020018   0x00000024   Data   RW          720    .data               semaphoremanage.o
    0x2002003c   0x00000005   Data   RW          867    .data               parametersload.o
    0x20020041   0x00000007   PAD
    0x20020048   0x0000006c   Data   RW          929    .data               tracking.o
    0x200200b4   0x00000014   Data   RW          998    .data               actionexecute.o
    0x200200c8   0x00000028   Data   RW         1053    .data               dataprocess.o
    0x200200f0   0x0000001c   Data   RW         1394    .data               tcppacketserver.o
    0x2002010c   0x00000004   Data   RW         1462    .data               datatransfermanage.o
    0x20020110   0x00000004   Data   RW         1549    .data               sys_arch.o
    0x20020114   0x00000010   Data   RW         1764    .data               lan8720.o
    0x20020124   0x00000008   Data   RW         1958    .data               bsp_encoder.o
    0x2002012c   0x00000018   Data   RW         2013    .data               lightsignal.o
    0x20020144   0x00000004   Data   RW         2214    .data               timer.o
    0x20020148   0x00000002   Data   RW         2321    .data               ff.o
    0x2002014a   0x00000002   PAD
    0x2002014c   0x00000014   Data   RW         2774    .data               exfuns.o
    0x20020160   0x00000030   Data   RW         3030    .data               ezxml.o
    0x20020190   0x00000024   Data   RW         3228    .data               malloc.o
    0x200201b4   0x00000006   Data   RW         3301    .data               delay.o
    0x200201ba   0x00000002   PAD
    0x200201bc   0x00000007   Data   RW         3404    .data               usart.o
    0x200201c3   0x00000001   PAD
    0x200201c4   0x00000004   Data   RW         3502    .data               stm32f7xx_hal.o
    0x200201c8   0x00000014   Data   RW         8228    .data               timers.o
    0x200201dc   0x0000003c   Data   RW         8407    .data               tasks.o
    0x20020218   0x0000000c   Data   RW         8731    .data               port.o
    0x20020224   0x00000018   Data   RW         8818    .data               heap_4.o
    0x2002023c   0x00000001   Data   RW         8888    .data               etharp.o
    0x2002023d   0x00000003   PAD
    0x20020240   0x00000012   Data   RW         9199    .data               ip.o
    0x20020252   0x00000002   PAD
    0x20020254   0x00000006   Data   RW         9335    .data               ip_frag.o
    0x2002025a   0x00000002   PAD
    0x2002025c   0x00000014   Data   RW         9525    .data               mem.o
    0x20020270   0x0000003c   Data   RW         9582    .data               memp.o
    0x200202ac   0x00000009   Data   RW         9651    .data               netif.o
    0x200202b5   0x00000003   PAD
    0x200202b8   0x00000004   Data   RW         9878    .data               raw.o
    0x200202bc   0x00000024   Data   RW         9994    .data               tcp.o
    0x200202e0   0x00000020   Data   RW        10204    .data               tcp_in.o
    0x20020300   0x00000008   Data   RW        10375    .data               timers_1.o
    0x20020308   0x00000008   Data   RW        10444    .data               udp.o
    0x20020310   0x0000000c   Data   RW        11175    .data               tcpip.o
    0x2002031c   0x00000020   Zero   RW          719    .bss                semaphoremanage.o
    0x2002033c   0x000004ec   Zero   RW          866    .bss                parametersload.o
    0x20020828   0x00003620   Zero   RW          927    .bss                tracking.o
    0x20023e48   0x000000f0   Zero   RW          997    .bss                actionexecute.o
    0x20023f38   0x00000048   Zero   RW         1268    .bss                lwip_comm.o
    0x20023f80   0x000022c0   Zero   RW         1392    .bss                tcppacketserver.o
    0x20026240   0x00000048   Zero   RW         1763    .bss                lan8720.o
    0x20026288   0x00000078   Zero   RW         1957    .bss                bsp_encoder.o
    0x20026300   0x000000b4   Zero   RW         2012    .bss                lightsignal.o
    0x200263b4   0x00000034   Zero   RW         2103    .bss                sdram.o
    0x200263e8   0x00000378   Zero   RW         2162    .bss                sdmmc_sdcard.o
    0x20026760   0x0000003c   Zero   RW         2213    .bss                timer.o
    0x2002679c   0x0000000c   Zero   RW         2319    .bss                ff.o
    0x200267a8   0x00000178   Zero   RW         2771    .bss                exfuns.o
    0x20026920   0x0002a800   Zero   RW         3226    .bss                malloc.o
    0x20051120   0x00000138   Zero   RW         3403    .bss                usart.o
    0x20051258   0x000000a0   Zero   RW         8002    .bss                queue.o
    0x200512f8   0x00000028   Zero   RW         8227    .bss                timers.o
    0x20051320   0x0000012c   Zero   RW         8406    .bss                tasks.o
    0x2005144c   0x0000b800   Zero   RW         8817    .bss                heap_4.o
    0x2005cc4c   0x000000c8   Zero   RW         8885    .bss                etharp.o
    0x2005cd14   0x00000038   Zero   RW         9579    .bss                memp.o
    0x2005cd4c   0x00000014   Zero   RW        10203    .bss                tcp_in.o
    0x2005cd60   0x00000060   Zero   RW        11600    .bss                c_w.l(libspace.o)
    0x2005cdc0   0x00000200   Zero   RW         3468    HEAP                startup_stm32f767xx.o
    0x2005cfc0   0x00000400   Zero   RW         3467    STACK               startup_stm32f767xx.o



  Load Region LR$$.ARM.__AT_0x20000000 (Base: 0x20000000, Size: 0x00000000, Max: 0x00019000, ABSOLUTE)

    Execution Region ER$$.ARM.__AT_0x20000000 (Base: 0x20000000, Size: 0x00019000, Max: 0x00019000, ABSOLUTE, UNINIT)

    Base Addr    Size         Type   Attr      Idx    E Section Name        Object

    0x20000000   0x00019000   Zero   RW         3222    .ARM.__AT_0x20000000  malloc.o



  Load Region LR$$.ARM.__AT_0x20019000 (Base: 0x20019000, Size: 0x00000000, Max: 0x00001900, ABSOLUTE)

    Execution Region ER$$.ARM.__AT_0x20019000 (Base: 0x20019000, Size: 0x00001900, Max: 0x00001900, ABSOLUTE, UNINIT)

    Base Addr    Size         Type   Attr      Idx    E Section Name        Object

    0x20019000   0x00001900   Zero   RW         3223    .ARM.__AT_0x20019000  malloc.o



  Load Region LR$$.ARM.__AT_0xC01F4000 (Base: 0xc01f4000, Size: 0x00000000, Max: 0x01c3c000, ABSOLUTE)

    Execution Region ER$$.ARM.__AT_0xC01F4000 (Base: 0xc01f4000, Size: 0x01c3c000, Max: 0x01c3c000, ABSOLUTE, UNINIT)

    Base Addr    Size         Type   Attr      Idx    E Section Name        Object

    0xc01f4000   0x01c3c000   Zero   RW         3224    .ARM.__AT_0xC01F4000  malloc.o



  Load Region LR$$.ARM.__AT_0xC1E30000 (Base: 0xc1e30000, Size: 0x00000000, Max: 0x001c3c00, ABSOLUTE)

    Execution Region ER$$.ARM.__AT_0xC1E30000 (Base: 0xc1e30000, Size: 0x001c3c00, Max: 0x001c3c00, ABSOLUTE, UNINIT)

    Base Addr    Size         Type   Attr      Idx    E Section Name        Object

    0xc1e30000   0x001c3c00   Zero   RW         3225    .ARM.__AT_0xC1E30000  malloc.o


==============================================================================

Image component sizes


      Code (inc. data)   RO Data    RW Data    ZI Data      Debug   Object Name

      1036        152          0         20        240       6720   actionexecute.o
      3446       1610          0          0          0      20154   api_lib.o
      7312       2784          0          0          0      19053   api_msg.o
       724         64          0          8        120       3969   bsp_encoder.o
       288         26     175030          0          0       2703   cc936.o
       954        124         77         40          0       7484   dataprocess.o
       476         76        271          4          0       5347   datatransfermanage.o
        62          0          0          0          0       2228   def.o
       224         18          0          6          0       2489   delay.o
       350          6          0          0          0       5711   diskio.o
      4200       1318         80          1        200      13613   etharp.o
       836        144          0          0          0       6844   ethernetif.o
         0          0          0          0          0       2400   event_groups.o
       206         18          0         20        376       2444   exfuns.o
      6204        708         70         48          0      17831   ezxml.o
      9986         94         74          2         12      51229   ff.o
       708        142          0         24      47104       3927   heap_4.o
      1144        456          0          0          0       3918   icmp.o
       200          0          0          0          0       2737   inet_chksum.o
        36          0          0          0          0        532   init.o
      1124        274          0         18          0       8097   ip.o
        78          0          8          0          0       7174   ip_addr.o
      3030        954          0          6          0      10744   ip_frag.o
       628         60          0         16         72       4046   lan8720.o
        88         10          0          0          0        847   led.o
      1176        140          0         24        180       4670   lightsignal.o
       148          0          0          0          0       3170   list.o
       764        276          0          0         72      21592   lwip_comm.o
      1428        838          0         20          0     535150   main.o
       574         58         36         36   31739136       7769   malloc.o
      2180        938          0         20          0       5469   mem.o
       560        288        216         60         56       4134   memp.o
       312         56          0          0          0       8353   mpu.o
       760         52          0          0          0       4862   myiic.o
        32          0          0          0          0       1016   netbuf.o
       536        128          0          9          0       7642   netif.o
      4292       1420          0          5       1260      38849   parametersload.o
      3828       1630          0          0          0       9594   pbuf.o
       216         10          0          0          0       2791   pcf8574.o
      1058        334          0         12          0      10741   port.o
      2232        186          0          0        160      15088   queue.o
       270         24          0          4          0       4535   raw.o
         0          0          0          0          0       4976   scanio.o
       540         42          0          0        888       3911   sdmmc_sdcard.o
       544         44          0          0         52       3522   sdram.o
       200         42          0         36         32       1538   semaphoremanage.o
         2          0          0          0          0        491   sockets.o
        64         26        504          0       1536        832   startup_stm32f767xx.o
       136         20          0          4          0       4281   stm32f7xx_hal.o
       430         26          0          0          0      37400   stm32f7xx_hal_cortex.o
        40          0          0          0          0       1139   stm32f7xx_hal_dma.o
      2620         46          0          0          0      12703   stm32f7xx_hal_eth.o
       572         52          0          0          0       3716   stm32f7xx_hal_gpio.o
       144          8          0          0          0       1272   stm32f7xx_hal_pwr_ex.o
       716         50          0          0          0       4024   stm32f7xx_hal_rcc.o
      1232         12          0          0          0       1840   stm32f7xx_hal_rcc_ex.o
      4826         16          0          0          0      21240   stm32f7xx_hal_sd.o
       162          0          0          0          0       2728   stm32f7xx_hal_sdram.o
      1242         78          0          0          0       9107   stm32f7xx_hal_tim.o
      2388         54          0          0          0      11452   stm32f7xx_hal_uart.o
        16          0          0          0          0       3453   stm32f7xx_it.o
       368          4          0          0          0       3512   stm32f7xx_ll_fmc.o
       206          0          0          0          0       6294   stm32f7xx_ll_sdmmc.o
       456         26          0          0          0      34449   sys.o
      1126        214          4          4          0      20923   sys_arch.o
       100         18         24          4          0       1083   system_stm32f7xx.o
      3226        670          0         60        300      29403   tasks.o
      6202       2112        189         36          0      34211   tcp.o
      6444       1182          0         32         20      17003   tcp_in.o
      5436       1514         85          0          0      15831   tcp_out.o
       716        288          0         12          0       8794   tcpip.o
      1580        414         76         28       8896      11354   tcppacketserver.o
       638         58          0          0          0       6375   tcpprotocol.o
       180         22          0          4         60       1700   timer.o
      1218        234          0         20         40       8743   timers.o
       772        218          0          8          0       6095   timers_1.o
      4840        636        150        108      13856      14369   tracking.o
      1148        250          0          8          0       7965   udp.o
       480         56          0          7        312       5525   usart.o

    ----------------------------------------------------------------------
    114826      23848     176942        796   31814980    1260920   Object Totals
         0          0         32          0          0          0   (incl. Generated)
       110          0         16         22          0          0   (incl. Padding)

    ----------------------------------------------------------------------

      Code (inc. data)   RO Data    RW Data    ZI Data      Debug   Library Member Name

        24          4          0          0          0         84   __2printf.o
        56          6          0          0          0         88   __2snprintf.o
        90          0          0          0          0          0   __dczerorl2.o
         8          0          0          0          0         68   __main.o
       392          4         17          0          0         92   __printf_flags_ss_wp.o
        14          0          0          0          0         68   __printf_wp.o
         0          0          0          0          0          0   __rtentry.o
        12          0          0          0          0          0   __rtentry2.o
         6          0          0          0          0          0   __rtentry4.o
        52          8          0          0          0          0   __scatter.o
        28          0          0          0          0          0   __scatter_zi.o
        28          0          0          0          0         68   _chval.o
         6          0          0          0          0          0   _printf_a.o
         6          0          0          0          0          0   _printf_c.o
        44          0          0          0          0        108   _printf_char.o
        48          6          0          0          0         96   _printf_char_common.o
        36          4          0          0          0         80   _printf_char_file.o
        40          0          0          0          0         68   _printf_charcount.o
         6          0          0          0          0          0   _printf_d.o
       120         16          0          0          0         92   _printf_dec.o
         6          0          0          0          0          0   _printf_e.o
         6          0          0          0          0          0   _printf_f.o
      1050          0          0          0          0        216   _printf_fp_dec.o
       128         16          0          0          0         84   _printf_fp_infnan.o
         6          0          0          0          0          0   _printf_g.o
       148          4         40          0          0        160   _printf_hex_int_ll_ptr.o
         6          0          0          0          0          0   _printf_i.o
       178          0          0          0          0         88   _printf_intcommon.o
        10          0          0          0          0          0   _printf_l.o
         6          0          0          0          0          0   _printf_lc.o
        10          0          0          0          0          0   _printf_ll.o
         6          0          0          0          0          0   _printf_lld.o
         6          0          0          0          0          0   _printf_lli.o
         6          0          0          0          0          0   _printf_llo.o
         6          0          0          0          0          0   _printf_llu.o
         6          0          0          0          0          0   _printf_llx.o
       124         16          0          0          0         92   _printf_longlong_dec.o
         6          0          0          0          0          0   _printf_ls.o
         6          0          0          0          0          0   _printf_n.o
         6          0          0          0          0          0   _printf_o.o
       112          8          0          0          0        124   _printf_oct_int_ll.o
         6          0          0          0          0          0   _printf_p.o
        78          0          0          0          0        108   _printf_pad.o
         0          0          0          0          0          0   _printf_percent.o
         4          0          0          0          0          0   _printf_percent_end.o
         6          0          0          0          0          0   _printf_s.o
        82          0          0          0          0         80   _printf_str.o
        36          0          0          0          0         84   _printf_truncate.o
         6          0          0          0          0          0   _printf_u.o
        44          0          0          0          0        108   _printf_wchar.o
       188          6          8          0          0         92   _printf_wctomb.o
         6          0          0          0          0          0   _printf_x.o
        22          0          0          0          0        100   _rserrno.o
        16          0          0          0          0         68   _snputc.o
        10          0          0          0          0         68   _sputc.o
       158          0          0          0          0         92   _strtoul.o
        64          0          0          0          0         92   _wcrtomb.o
        16          0          0          0          0         68   aeabi_memset.o
       220          4        148          0          0         96   bigflt0.o
      1910        128          0          0          0        672   btod.o
        52          4          0          0          0         80   c89vsnprintf.o
        18          0          0          0          0         80   exit.o
         8          0          0          0          0         68   ferror.o
         6          0          0          0          0        152   heapauxi.o
        44         10        272          0          0         76   lc_ctype_c.o
        44         10         28          0          0         76   lc_numeric_c.o
         2          0          0          0          0          0   libinit.o
        34          0          0          0          0          0   libinit2.o
         2          0          0          0          0          0   libshutdown.o
         2          0          0          0          0          0   libshutdown2.o
         8          4          0          0         96         68   libspace.o
       138          0          0          0          0         80   lludiv10.o
       238          0          0          0          0        100   lludivv7m.o
        88          0          0          0          0         76   memcmp.o
         8          0          0          0          0         76   memcpy.o
        22          0          0          0          0         76   memset.o
        16          4          0          0          0         76   rt_ctype_table.o
         8          4          0          0          0         68   rt_errno_addr_intlibspace.o
         8          4          0          0          0         68   rt_locale_intlibspace.o
        68          0          0          0          0         68   rt_memclr.o
        78          0          0          0          0         80   rt_memclr_w.o
       138          0          0          0          0         68   rt_memcpy_v6.o
       100          0          0          0          0         80   rt_memcpy_w.o
       132          0          0          0          0         68   rt_memmove_v6.o
       122          0          0          0          0         80   rt_memmove_w.o
         2          0          0          0          0          0   rtexit.o
        10          0          0          0          0          0   rtexit2.o
        20          0          0          0          0         68   strchr.o
       104          0          0          0          0         68   strcmpv7m_pel.o
        72          0          0          0          0         80   strcpy.o
        32          0          0          0          0         80   strcspn.o
        62          0          0          0          0         76   strlen.o
       150          0          0          0          0         80   strncmp.o
        86          0          0          0          0         76   strncpy.o
        28          0          0          0          0         80   strspn.o
        36          0          0          0          0         80   strstr.o
       112          0          0          0          0         88   strtol.o
        74          0          0          0          0         80   sys_stackheap_outer.o
         2          0          0          0          0         68   use_no_semi.o
         2          0          0          0          0         68   use_no_semi_2.o
        16          4          0          0          0        116   dcheck1.o
        10          0          0          0          0        116   fpinit.o
         4          0          0          0          0        116   printf1.o
       100          0          0          0          0        116   retnan.o
        92          0          0          0          0        116   scalbn.o
        48          0          0          0          0        116   trapv.o
         0          0          0          0          0          0   usenofp.o
       110         60          0          0          0        580   dunder.o
        24          0          0          0          0        124   fabs.o
        48          0          0          0          0        124   fpclassify.o
       112          0          0          0          0        116   poly.o
      2296        304        136          0          0        320   pow.o
         0          0          8          0          0          0   qnan.o
       106          0          0          0          0        140   sqrt.o

    ----------------------------------------------------------------------
     10888        638        664          0         96       8160   Library Totals
        20          0          7          0          0          0   (incl. Padding)

    ----------------------------------------------------------------------

      Code (inc. data)   RO Data    RW Data    ZI Data      Debug   Library Name

      7902        270        513          0         96       6060   c_w.l
       270          4          0          0          0        696   fz_wv.l
      2696        364        144          0          0       1404   m_wv.l

    ----------------------------------------------------------------------
     10888        638        664          0         96       8160   Library Totals

    ----------------------------------------------------------------------

==============================================================================


      Code (inc. data)   RO Data    RW Data    ZI Data      Debug   

    125714      24486     177606        796   31815076    1206444   Grand Totals
    125714      24486     177606        144   31815076    1206444   ELF Image Totals (compressed)
    125714      24486     177606        144          0          0   ROM Totals

==============================================================================

    Total RO  Size (Code + RO Data)               303320 ( 296.21kB)
    Total RW  Size (RW Data + ZI Data)          31815872 (31070.19kB)
    Total ROM Size (Code + RO Data + RW Data)     303464 ( 296.35kB)

==============================================================================

