<html>
<body>
<pre>
<h1>µVision Build Log</h1>
<h2>Tool Versions:</h2>
IDE-Version: ¦ÌVision V5.21.1.0
Copyright (C) 2016 ARM Ltd and ARM Germany GmbH. All rights reserved.
License Information: A Microsoft, Microsoft, LIC=P6F8T-RC40M-TL1CD-8SGVU-CILF6-XA5Q1
 
Tool Versions:
Toolchain:       MDK-ARM Professional  Version: 5.21a
Toolchain Path:  D:\Keil_v5\ARM\ARMCC\Bin
C Compiler:      Armcc.exe V5.06 update 3 (build 300)
Assembler:       Armasm.exe V5.06 update 3 (build 300)
Linker/Locator:  ArmLink.exe V5.06 update 3 (build 300)
Library Manager: ArmAr.exe V5.06 update 3 (build 300)
Hex Converter:   FromElf.exe V5.06 update 3 (build 300)
CPU DLL:         SARMCM3.DLL V5.21a
Dialog DLL:      DCM.DLL V1.13.8.0
Target DLL:      STLink\ST-LINKIII-KEIL_SWO.dll V2.0.18.0
Dialog DLL:      TCM.DLL V1.14.14.0
 
<h2>Project:</h2>
D:\STM32Project\AOTrack(2019.6.18)\AOTrack\USER\AOTrack.uvprojx
Project File Date:  05/30/2019

<h2>Output:</h2>
*** Using Compiler 'V5.06 update 3 (build 300)', folder: 'D:\Keil_v5\ARM\ARMCC\Bin'
Build target 'AOTrack'
compiling DataProcess.c...
..\TRACK\DataProcess.c(37): warning:  #177-D: variable "pInt" was declared but never referenced
  	int* pInt;
..\TRACK\DataProcess.c(38): warning:  #177-D: variable "pByte" was declared but never referenced
  	byte* pByte;
..\TRACK\DataProcess.c(39): warning:  #177-D: variable "lineID" was declared but never referenced
  	static int lineID 	= 0;
..\TRACK\DataProcess.c(40): warning:  #177-D: variable "actionID" was declared but never referenced
  	static int actionID = 0;
..\TRACK\DataProcess.c(41): warning:  #177-D: variable "objectID" was declared but never referenced
  	static int objectID = 0;
..\TRACK\DataProcess.c(42): warning:  #177-D: variable "moduleID" was declared but never referenced
  	static int moduleID = 0;
..\TRACK\DataProcess.c(43): warning:  #177-D: variable "encoder" was declared but never referenced
  	static int encoder 	= 0;
..\TRACK\DataProcess.c(44): warning:  #177-D: variable "dataSize" was declared but never referenced
  	static int dataSize = 0;
..\TRACK\DataProcess.c(45): warning:  #550-D: variable "timeCount" was set but never used
  	int timeCount;
..\TRACK\DataProcess.c(124): warning:  #177-D: function "PCGetConnectedClientIDs" was declared but never referenced
  static void PCGetConnectedClientIDs(byte clientID, struct PacketServerSession session[], int clientNum)
..\TRACK\DataProcess.c(138): warning:  #177-D: function "STM32GetPushResult" was declared but never referenced
  static void STM32GetPushResult(int lineID, int objectID, int pushline, int priority)
..\TRACK\DataProcess.c(169): warning:  #177-D: function "STM32SetTrackingMode" was declared but never referenced
  static void STM32SetTrackingMode(int lineID, int mode, int interval)
..\TRACK\DataProcess.c: 12 warnings, 0 errors
linking...
Program Size: Code=125394 RO-data=177446 RW-data=776 ZI-data=31815000  
"..\OBJ\AOTrack_Program.axf" - 0 Error(s), 12 Warning(s).

<h2>Collection of Component include folders:</h2>
  D:\STM32Project\AOTrack(2019.6.18)\AOTrack\USER\RTE
  D:\Keil_v5\ARM\PACK\Keil\STM32F7xx_DFP\2.7.0\Drivers\CMSIS\Device\ST\STM32F7xx\Include

<h2>Collection of Component Files used:</h2>
Build Time Elapsed:  00:00:03
</pre>
</body>
</html>
