Component: ARM Compiler 5.06 update 3 (build 300) Tool: armlink [4d35c9]

==============================================================================

Section Cross References

    main.o(i.SimaulationTimer_task) refers to tasks.o(i.vTaskDelay) for vTaskDelay
    main.o(i.SimaulationTimer_task) refers to main.o(.data) for Timer
    main.o(i.Start_task) refers to queue.o(i.xQueueGenericSend) for xQueueGenericSend
    main.o(i.Start_task) refers to tasks.o(i.vTaskDelay) for vTaskDelay
    main.o(i.Start_task) refers to __2printf.o(.text) for __2printf
    main.o(i.Start_task) refers to lwip_comm.o(i.lwip_comm_init) for lwip_comm_init
    main.o(i.Start_task) refers to parametersload.o(i.ParametersLoadTask_init) for ParametersLoadTask_init
    main.o(i.Start_task) refers to tcppacketserver.o(i.TCPServerListenCycleTask_init) for TCPServerListenCycleTask_init
    main.o(i.Start_task) refers to dataprocess.o(i.DataProcessTask_init) for DataProcessTask_init
    main.o(i.Start_task) refers to datatransfermanage.o(i.DataTransferManageTask_init) for DataTransferManageTask_init
    main.o(i.Start_task) refers to objectdetection.o(i.ObjectDetectionTask_init) for ObjectDetectionTask_init
    main.o(i.Start_task) refers to tracking.o(i.TrackingTask_init) for TrackingTask_init
    main.o(i.Start_task) refers to actionexecute.o(i.ActionExecuteTask_init) for ActionExecuteTask_init
    main.o(i.Start_task) refers to tasks.o(i.xTaskCreate) for xTaskCreate
    main.o(i.Start_task) refers to tasks.o(i.vTaskDelete) for vTaskDelete
    main.o(i.Start_task) refers to semaphoremanage.o(.data) for OnLoadParametersFromPC
    main.o(i.Start_task) refers to main.o(.data) for StatusIndicateTask_Handler
    main.o(i.Start_task) refers to main.o(i.StatusIndicate_task) for StatusIndicate_task
    main.o(i.Start_task) refers to main.o(i.SimaulationTimer_task) for SimaulationTimer_task
    main.o(i.StatusIndicate_task) refers to stm32f7xx_hal_gpio.o(i.HAL_GPIO_TogglePin) for HAL_GPIO_TogglePin
    main.o(i.StatusIndicate_task) refers to tasks.o(i.vTaskDelay) for vTaskDelay
    main.o(i.main) refers to _printf_percent.o(.ARM.Collect$$_printf_percent$$00000000) for _printf_percent
    main.o(i.main) refers to _printf_d.o(.ARM.Collect$$_printf_percent$$00000009) for _printf_d
    main.o(i.main) refers to _printf_dec.o(.text) for _printf_int_dec
    main.o(i.main) refers to mpu.o(i.MPU_Memory_Protection) for MPU_Memory_Protection
    main.o(i.main) refers to sys.o(i.Cache_Enable) for Cache_Enable
    main.o(i.main) refers to stm32f7xx_hal.o(i.HAL_Init) for HAL_Init
    main.o(i.main) refers to sys.o(i.Stm32_Clock_Init) for Stm32_Clock_Init
    main.o(i.main) refers to delay.o(i.delay_init) for delay_init
    main.o(i.main) refers to usart.o(i.uart_init) for uart_init
    main.o(i.main) refers to led.o(i.LED_Init) for LED_Init
    main.o(i.main) refers to sdram.o(i.SDRAM_Init) for SDRAM_Init
    main.o(i.main) refers to pcf8574.o(i.PCF8574_Init) for PCF8574_Init
    main.o(i.main) refers to malloc.o(i.my_mem_init) for my_mem_init
    main.o(i.main) refers to delay.o(i.delay_ms) for delay_ms
    main.o(i.main) refers to stm32f7xx_hal_gpio.o(i.HAL_GPIO_TogglePin) for HAL_GPIO_TogglePin
    main.o(i.main) refers to sdmmc_sdcard.o(i.SD_Init) for SD_Init
    main.o(i.main) refers to exfuns.o(i.exfuns_init) for exfuns_init
    main.o(i.main) refers to ff.o(i.f_mount) for f_mount
    main.o(i.main) refers to __2printf.o(.text) for __2printf
    main.o(i.main) refers to exfuns.o(i.exf_getfree) for exf_getfree
    main.o(i.main) refers to bsp_encoder.o(i.ENCODER_TIM3_Init) for ENCODER_TIM3_Init
    main.o(i.main) refers to bsp_encoder.o(i.ENCODER_TIM8_Init) for ENCODER_TIM8_Init
    main.o(i.main) refers to lightsignal.o(i.TIM2_CH1_Cap_Init) for TIM2_CH1_Cap_Init
    main.o(i.main) refers to lightsignal.o(i.TIM5_CH1_Cap_Init) for TIM5_CH1_Cap_Init
    main.o(i.main) refers to timer.o(i.TIM6_Init) for TIM6_Init
    main.o(i.main) refers to semaphoremanage.o(i.CreateSemaphore) for CreateSemaphore
    main.o(i.main) refers to tasks.o(i.xTaskCreate) for xTaskCreate
    main.o(i.main) refers to tasks.o(i.vTaskStartScheduler) for vTaskStartScheduler
    main.o(i.main) refers to exfuns.o(.bss) for fs
    main.o(i.main) refers to main.o(.data) for StartTask_Handler
    main.o(i.main) refers to main.o(i.Start_task) for Start_task
    main.o(i.vApplicationStackOverflowHook) refers to _printf_percent.o(.ARM.Collect$$_printf_percent$$00000000) for _printf_percent
    main.o(i.vApplicationStackOverflowHook) refers to _printf_s.o(.ARM.Collect$$_printf_percent$$00000014) for _printf_s
    main.o(i.vApplicationStackOverflowHook) refers to _printf_str.o(.text) for _printf_str
    main.o(i.vApplicationStackOverflowHook) refers to __2printf.o(.text) for __2printf
    main.o(i.vAssertCalled) refers to _printf_percent.o(.ARM.Collect$$_printf_percent$$00000000) for _printf_percent
[...]
    0x0800035e   0x00000000   Code   RO        11699    .ARM.Collect$$libinit$$0000001B  c_w.l(libinit2.o)
    0x0800035e   0x00000000   Code   RO        11701    .ARM.Collect$$libinit$$0000001D  c_w.l(libinit2.o)
    0x0800035e   0x00000000   Code   RO        11703    .ARM.Collect$$libinit$$0000001F  c_w.l(libinit2.o)
    0x0800035e   0x00000000   Code   RO        11705    .ARM.Collect$$libinit$$00000021  c_w.l(libinit2.o)
    0x0800035e   0x00000000   Code   RO        11707    .ARM.Collect$$libinit$$00000023  c_w.l(libinit2.o)
    0x0800035e   0x00000000   Code   RO        11709    .ARM.Collect$$libinit$$00000025  c_w.l(libinit2.o)
    0x0800035e   0x00000000   Code   RO        11713    .ARM.Collect$$libinit$$0000002C  c_w.l(libinit2.o)
    0x0800035e   0x00000000   Code   RO        11715    .ARM.Collect$$libinit$$0000002E  c_w.l(libinit2.o)
    0x0800035e   0x00000000   Code   RO        11717    .ARM.Collect$$libinit$$00000030  c_w.l(libinit2.o)
    0x0800035e   0x00000000   Code   RO        11719    .ARM.Collect$$libinit$$00000032  c_w.l(libinit2.o)
    0x0800035e   0x00000002   Code   RO        11720    .ARM.Collect$$libinit$$00000033  c_w.l(libinit2.o)
    0x08000360   0x00000002   Code   RO        11847    .ARM.Collect$$libshutdown$$00000000  c_w.l(libshutdown.o)
    0x08000362   0x00000000   Code   RO        11805    .ARM.Collect$$libshutdown$$00000002  c_w.l(libshutdown2.o)
    0x08000362   0x00000000   Code   RO        11807    .ARM.Collect$$libshutdown$$00000004  c_w.l(libshutdown2.o)
    0x08000362   0x00000000   Code   RO        11810    .ARM.Collect$$libshutdown$$00000007  c_w.l(libshutdown2.o)
    0x08000362   0x00000000   Code   RO        11813    .ARM.Collect$$libshutdown$$0000000A  c_w.l(libshutdown2.o)
    0x08000362   0x00000000   Code   RO        11815    .ARM.Collect$$libshutdown$$0000000C  c_w.l(libshutdown2.o)
    0x08000362   0x00000000   Code   RO        11818    .ARM.Collect$$libshutdown$$0000000F  c_w.l(libshutdown2.o)
    0x08000362   0x00000002   Code   RO        11819    .ARM.Collect$$libshutdown$$00000010  c_w.l(libshutdown2.o)
    0x08000364   0x00000000   Code   RO        11487    .ARM.Collect$$rtentry$$00000000  c_w.l(__rtentry.o)
    0x08000364   0x00000000   Code   RO        11627    .ARM.Collect$$rtentry$$00000002  c_w.l(__rtentry2.o)
    0x08000364   0x00000006   Code   RO        11639    .ARM.Collect$$rtentry$$00000004  c_w.l(__rtentry4.o)
    0x0800036a   0x00000000   Code   RO        11629    .ARM.Collect$$rtentry$$00000009  c_w.l(__rtentry2.o)
    0x0800036a   0x00000004   Code   RO        11630    .ARM.Collect$$rtentry$$0000000A  c_w.l(__rtentry2.o)
    0x0800036e   0x00000000   Code   RO        11632    .ARM.Collect$$rtentry$$0000000C  c_w.l(__rtentry2.o)
    0x0800036e   0x00000008   Code   RO        11633    .ARM.Collect$$rtentry$$0000000D  c_w.l(__rtentry2.o)
    0x08000376   0x00000002   Code   RO        11788    .ARM.Collect$$rtexit$$00000000  c_w.l(rtexit.o)
    0x08000378   0x00000000   Code   RO        11823    .ARM.Collect$$rtexit$$00000002  c_w.l(rtexit2.o)
    0x08000378   0x00000004   Code   RO        11824    .ARM.Collect$$rtexit$$00000003  c_w.l(rtexit2.o)
    0x0800037c   0x00000006   Code   RO        11825    .ARM.Collect$$rtexit$$00000004  c_w.l(rtexit2.o)
    0x08000382   0x00000002   PAD
    0x08000384   0x00000010   Code   RO         3365    .emb_text           sys.o
    0x08000394   0x000000ba   Code   RO         8745    .emb_text           port.o
    0x0800044e   0x00000002   PAD
    0x08000450   0x00000040   Code   RO         3494    .text               startup_stm32f767xx.o
    0x08000490   0x00000002   Code   RO        11290    .text               c_w.l(use_no_semi_2.o)
    0x08000492   0x00000002   PAD
    0x08000494   0x00000010   Code   RO        11292    .text               c_w.l(rt_ctype_table.o)
    0x080004a4   0x000000ee   Code   RO        11350    .text               c_w.l(lludivv7m.o)
    0x08000592   0x00000002   PAD
    0x08000594   0x00000034   Code   RO        11352    .text               c_w.l(c89vsnprintf.o)
    0x080005c8   0x00000018   Code   RO        11354    .text               c_w.l(__2printf.o)
    0x080005e0   0x00000038   Code   RO        11358    .text               c_w.l(__2snprintf.o)
    0x08000618   0x00000052   Code   RO        11368    .text               c_w.l(_printf_str.o)
    0x0800066a   0x00000002   PAD
    0x0800066c   0x00000078   Code   RO        11370    .text               c_w.l(_printf_dec.o)
    0x080006e4   0x0000007c   Code   RO        11372    .text               c_w.l(_printf_longlong_dec.o)
    0x08000760   0x00000094   Code   RO        11392    .text               c_w.l(_printf_hex_int_ll_ptr.o)
    0x080007f4   0x00000188   Code   RO        11412    .text               c_w.l(__printf_flags_ss_wp.o)
    0x0800097c   0x00000070   Code   RO        11423    .text               c_w.l(strtol.o)
    0x080009ec   0x00000014   Code   RO        11425    .text               c_w.l(strchr.o)
    0x08000a00   0x00000020   Code   RO        11427    .text               c_w.l(strcspn.o)
    0x08000a20   0x0000001c   Code   RO        11429    .text               c_w.l(strspn.o)
    0x08000a3c   0x00000024   Code   RO        11431    .text               c_w.l(strstr.o)
    0x08000a60   0x00000058   Code   RO        11433    .text               c_w.l(memcmp.o)
    0x08000ab8   0x00000048   Code   RO        11435    .text               c_w.l(strcpy.o)
    0x08000b00   0x0000003e   Code   RO        11437    .text               c_w.l(strlen.o)
    0x08000b3e   0x00000096   Code   RO        11439    .text               c_w.l(strncmp.o)
    0x08000bd4   0x0000008a   Code   RO        11443    .text               c_w.l(rt_memcpy_v6.o)
    0x08000c5e   0x00000084   Code   RO        11445    .text               c_w.l(rt_memmove_v6.o)
    0x08000ce2   0x00000008   Code   RO        11447    .text               c_w.l(memcpy.o)
    0x08000cea   0x00000064   Code   RO        11449    .text               c_w.l(rt_memcpy_w.o)
    0x08000d4e   0x0000007a   Code   RO        11451    .text               c_w.l(rt_memmove_w.o)
    0x08000dc8   0x00000016   Code   RO        11453    .text               c_w.l(memset.o)
    0x08000dde   0x00000010   Code   RO        11455    .text               c_w.l(aeabi_memset.o)
    0x08000dee   0x00000044   Code   RO        11457    .text               c_w.l(rt_memclr.o)
    0x08000e32   0x0000004e   Code   RO        11459    .text               c_w.l(rt_memclr_w.o)
    0x08000e80   0x00000056   Code   RO        11461    .text               c_w.l(strncpy.o)
    0x08000ed6   0x00000002   PAD
    0x08000ed8   0x00000068   Code   RO        11463    .text               c_w.l(strcmpv7m_pel.o)
    0x08000f40   0x00000006   Code   RO        11465    .text               c_w.l(heapauxi.o)
    0x08000f46   0x00000002   Code   RO        11483    .text               c_w.l(use_no_semi.o)
    0x08000f48   0x00000008   Code   RO        11500    .text               c_w.l(rt_locale_intlibspace.o)
    0x08000f50   0x00000008   Code   RO        11505    .text               c_w.l(rt_errno_addr_intlibspace.o)
    0x08000f58   0x0000008a   Code   RO        11529    .text               c_w.l(lludiv10.o)
    0x08000fe2   0x00000016   Code   RO        11531    .text               c_w.l(_rserrno.o)
    0x08000ff8   0x0000004e   Code   RO        11533    .text               c_w.l(_printf_pad.o)
    0x08001046   0x00000024   Code   RO        11535    .text               c_w.l(_printf_truncate.o)
    0x0800106a   0x000000b2   Code   RO        11537    .text               c_w.l(_printf_intcommon.o)
    0x0800111c   0x00000028   Code   RO        11539    .text               c_w.l(_printf_charcount.o)
    0x08001144   0x00000030   Code   RO        11541    .text               c_w.l(_printf_char_common.o)
    0x08001174   0x0000000a   Code   RO        11543    .text               c_w.l(_sputc.o)
    0x0800117e   0x00000010   Code   RO        11545    .text               c_w.l(_snputc.o)
    0x0800118e   0x0000002c   Code   RO        11547    .text               c_w.l(_printf_char.o)
    0x080011ba   0x00000002   PAD
    0x080011bc   0x00000024   Code   RO        11549    .text               c_w.l(_printf_char_file.o)
    0x080011e0   0x000000bc   Code   RO        11551    .text               c_w.l(_printf_wctomb.o)
    0x0800129c   0x00000070   Code   RO        11558    .text               c_w.l(_printf_oct_int_ll.o)
    0x0800130c   0x0000009e   Code   RO        11576    .text               c_w.l(_strtoul.o)
    0x080013aa   0x00000002   PAD
    0x080013ac   0x00000008   Code   RO        11623    .text               c_w.l(libspace.o)
    0x080013b4   0x0000041a   Code   RO        11653    .text               c_w.l(_printf_fp_dec.o)
    0x080017ce   0x0000002c   Code   RO        11657    .text               c_w.l(_printf_wchar.o)
    0x080017fa   0x0000001c   Code   RO        11659    .text               c_w.l(_chval.o)
    0x08001816   0x00000008   Code   RO        11661    .text               c_w.l(ferror.o)
    0x0800181e   0x00000040   Code   RO        11665    .text               c_w.l(_wcrtomb.o)
    0x0800185e   0x0000004a   Code   RO        11725    .text               c_w.l(sys_stackheap_outer.o)
    0x080018a8   0x00000080   Code   RO        11733    .text               c_w.l(_printf_fp_infnan.o)
    0x08001928   0x000000dc   Code   RO        11735    .text               c_w.l(bigflt0.o)
    0x08001a04   0x00000012   Code   RO        11763    .text               c_w.l(exit.o)
    0x08001a16   0x0000003e   Code   RO        11738    CL$$btod_d2e        c_w.l(btod.o)
    0x08001a54   0x00000046   Code   RO        11740    CL$$btod_d2e_denorm_low  c_w.l(btod.o)
    0x08001a9a   0x00000060   Code   RO        11739    CL$$btod_d2e_norm_op1  c_w.l(btod.o)
    0x08001afa   0x00000338   Code   RO        11748    CL$$btod_div_common  c_w.l(btod.o)
    0x08001e32   0x000000c6   Code   RO        11745    CL$$btod_e2e        c_w.l(btod.o)
    0x08001ef8   0x00000028   Code   RO        11742    CL$$btod_ediv       c_w.l(btod.o)
    0x08001f20   0x00000028   Code   RO        11741    CL$$btod_emul       c_w.l(btod.o)
    0x08001f48   0x00000244   Code   RO        11747    CL$$btod_mult_common  c_w.l(btod.o)
    0x0800218c   0x00000040   Code   RO         1037    i.ActionExecuteTask_init  actionexecute.o
    0x080021cc   0x00000140   Code   RO         1038    i.ActionExecuteThread  actionexecute.o
    0x0800230c   0x0000011c   Code   RO          925    i.AddActionToList   objectdetection.o
    0x08002428   0x00000004   Code   RO          505    i.BusFault_Handler  stm32f7xx_it.o
    0x0800242c   0x00000068   Code   RO         3366    i.Cache_Enable      sys.o
    0x08002494   0x00000064   Code   RO         1133    i.CreateClientIDPacket  tcpprotocol.o
    0x080024f8   0x00000094   Code   RO          926    i.CreateObject      objectdetection.o
    0x0800258c   0x00000064   Code   RO         1140    i.CreateObjectDeletePacket  tcpprotocol.o
    0x080025f0   0x00000088   Code   RO         1143    i.CreateObjectRunInPacket  tcpprotocol.o
    0x08002678   0x00000074   Code   RO         1144    i.CreateObjectRunOutPacket  tcpprotocol.o
    0x080026ec   0x000000c8   Code   RO          721    i.CreateSemaphore   semaphoremanage.o
    0x080027b4   0x00000058   Code   RO         1150    i.CreateStartTrackingPacket  tcpprotocol.o
    0x0800280c   0x0000007c   Code   RO         1152    i.CreateTriggerCameraPacket  tcpprotocol.o
    0x08002888   0x00000074   Code   RO         1153    i.CreateTriggerIOSensorPacket  tcpprotocol.o
    0x080028fc   0x00000044   Code   RO         1073    i.DataProcessTask_init  dataprocess.o
    0x08002940   0x000001d8   Code   RO         1074    i.DataProcessThread  dataprocess.o
    0x08002b18   0x000000b8   Code   RO         1480    i.DataTransferManage  datatransfermanage.o
    0x08002bd0   0x00000048   Code   RO         1481    i.DataTransferManageTask_init  datatransfermanage.o
    0x08002c18   0x00000002   Code   RO          506    i.DebugMon_Handler  stm32f7xx_it.o
    0x08002c1a   0x00000002   PAD
    0x08002c1c   0x000000c0   Code   RO         1976    i.ENCODER_TIM3_Init  bsp_encoder.o
    0x08002cdc   0x000000c0   Code   RO         1977    i.ENCODER_TIM8_Init  bsp_encoder.o
    0x08002d9c   0x00000016   Code   RO         5215    i.ETH_DMAReceptionEnable  stm32f7xx_hal_eth.o
    0x08002db2   0x00000016   Code   RO         5217    i.ETH_DMATransmissionEnable  stm32f7xx_hal_eth.o
    0x08002dc8   0x00000038   Code   RO         5218    i.ETH_FlushTransmitFIFO  stm32f7xx_hal_eth.o
    0x08002e00   0x00000024   Code   RO         1778    i.ETH_GetRxPktSize  lan8720.o
    0x08002e24   0x00000034   Code   RO         1779    i.ETH_IRQHandler    lan8720.o
    0x08002e58   0x00000034   Code   RO         5219    i.ETH_MACAddressConfig  stm32f7xx_hal_eth.o
    0x08002e8c   0x00000244   Code   RO         5220    i.ETH_MACDMAConfig  stm32f7xx_hal_eth.o
    0x080030d0   0x00000028   Code   RO         5222    i.ETH_MACReceptionEnable  stm32f7xx_hal_eth.o
    0x080030f8   0x00000028   Code   RO         5224    i.ETH_MACTransmissionEnable  stm32f7xx_hal_eth.o
    0x08003120   0x00000054   Code   RO         1781    i.ETH_Mem_Malloc    lan8720.o
    0x08003174   0x00000034   Code   RO         1552    i.Enter_Critical    sys_arch.o
    0x080031a8   0x00000020   Code   RO         1553    i.Exit_Critical     sys_arch.o
    0x080031c8   0x00000074   Code   RO         6346    i.FMC_SDRAM_Init    stm32f7xx_ll_fmc.o
    0x0800323c   0x0000000e   Code   RO         6347    i.FMC_SDRAM_ProgramRefreshRate  stm32f7xx_ll_fmc.o
    0x0800324a   0x00000052   Code   RO         6348    i.FMC_SDRAM_SendCommand  stm32f7xx_ll_fmc.o
    0x0800329c   0x0000009c   Code   RO         6350    i.FMC_SDRAM_Timing_Init  stm32f7xx_ll_fmc.o
    0x08003338   0x00000028   Code   RO         4762    i.HAL_DMA_Abort_IT  stm32f7xx_hal_dma.o
    0x08003360   0x0000001a   Code   RO         3508    i.HAL_Delay         stm32f7xx_hal.o
    0x0800337a   0x0000008c   Code   RO         5227    i.HAL_ETH_DMARxDescListInit  stm32f7xx_hal_eth.o
    0x08003406   0x00000084   Code   RO         5228    i.HAL_ETH_DMATxDescListInit  stm32f7xx_hal_eth.o
    0x0800348a   0x000000b2   Code   RO         5231    i.HAL_ETH_GetReceivedFrame  stm32f7xx_hal_eth.o
    0x0800353c   0x0000029c   Code   RO         5235    i.HAL_ETH_Init      stm32f7xx_hal_eth.o
    0x080037d8   0x00000130   Code   RO         1782    i.HAL_ETH_MspInit   lan8720.o
    0x08003908   0x00000092   Code   RO         5238    i.HAL_ETH_ReadPHYRegister  stm32f7xx_hal_eth.o
    0x0800399a   0x00000052   Code   RO         5240    i.HAL_ETH_Start     stm32f7xx_hal_eth.o
    0x080039ec   0x0000013e   Code   RO         5242    i.HAL_ETH_TransmitFrame  stm32f7xx_hal_eth.o
    0x08003b2a   0x00000090   Code   RO         5244    i.HAL_ETH_WritePHYRegister  stm32f7xx_hal_eth.o
    0x08003bba   0x00000002   PAD
    0x08003bbc   0x00000218   Code   RO         3803    i.HAL_GPIO_Init     stm32f7xx_hal_gpio.o
    0x08003dd4   0x00000010   Code   RO         3805    i.HAL_GPIO_ReadPin  stm32f7xx_hal_gpio.o
    0x08003de4   0x00000008   Code   RO         3806    i.HAL_GPIO_TogglePin  stm32f7xx_hal_gpio.o
    0x08003dec   0x0000000c   Code   RO         3807    i.HAL_GPIO_WritePin  stm32f7xx_hal_gpio.o
    0x08003df8   0x0000000c   Code   RO         3518    i.HAL_GetTick       stm32f7xx_hal.o
    0x08003e04   0x00000010   Code   RO         3519    i.HAL_IncTick       stm32f7xx_hal.o
    0x08003e14   0x00000028   Code   RO         3520    i.HAL_Init          stm32f7xx_hal.o
    0x08003e3c   0x00000028   Code   RO         3521    i.HAL_InitTick      stm32f7xx_hal.o
    0x08003e64   0x0000005c   Code   RO         3672    i.HAL_MPU_ConfigRegion  stm32f7xx_hal_cortex.o
    0x08003ec0   0x00000002   Code   RO         3523    i.HAL_MspInit       stm32f7xx_hal.o
    0x08003ec2   0x0000001a   Code   RO         3675    i.HAL_NVIC_EnableIRQ  stm32f7xx_hal_cortex.o
    0x08003edc   0x0000007c   Code   RO         3681    i.HAL_NVIC_SetPriority  stm32f7xx_hal_cortex.o
    0x08003f58   0x00000028   Code   RO         3682    i.HAL_NVIC_SetPriorityGrouping  stm32f7xx_hal_cortex.o
    0x08003f80   0x00000090   Code   RO         3996    i.HAL_PWREx_EnableOverDrive  stm32f7xx_hal_pwr_ex.o
    0x08004010   0x000001b4   Code   RO         4083    i.HAL_RCC_ClockConfig  stm32f7xx_hal_rcc.o
    0x080041c4   0x0000000c   Code   RO         4088    i.HAL_RCC_GetHCLKFreq  stm32f7xx_hal_rcc.o
    0x080041d0   0x0000002c   Code   RO         4090    i.HAL_RCC_GetPCLK1Freq  stm32f7xx_hal_rcc.o
    0x080041fc   0x0000002c   Code   RO         4091    i.HAL_RCC_GetPCLK2Freq  stm32f7xx_hal_rcc.o
    0x08004228   0x000000b4   Code   RO         4092    i.HAL_RCC_GetSysClockFreq  stm32f7xx_hal_rcc.o
    0x080042dc   0x000004d0   Code   RO         4187    i.HAL_RCC_OscConfig  stm32f7xx_hal_rcc_ex.o
    0x080047ac   0x00000040   Code   RO         6583    i.HAL_SDRAM_Init    stm32f7xx_hal_sdram.o
    0x080047ec   0x0000011c   Code   RO         2123    i.HAL_SDRAM_MspInit  sdram.o
    0x08004908   0x00000028   Code   RO         6586    i.HAL_SDRAM_ProgramRefreshRate  stm32f7xx_hal_sdram.o
    0x08004930   0x0000003a   Code   RO         6592    i.HAL_SDRAM_SendCommand  stm32f7xx_hal_sdram.o
    0x0800496a   0x000002ee   Code   RO         6863    i.HAL_SD_Get_CardInfo  stm32f7xx_hal_sd.o
    0x08004c58   0x0000009c   Code   RO         6866    i.HAL_SD_Init       stm32f7xx_hal_sd.o
    0x08004cf4   0x000000b0   Code   RO         2181    i.HAL_SD_MspInit    sdmmc_sdcard.o
    0x08004da4   0x000001d4   Code   RO         6869    i.HAL_SD_ReadBlocks  stm32f7xx_hal_sd.o
    0x08004f78   0x00000036   Code   RO         6872    i.HAL_SD_StopTransfer  stm32f7xx_hal_sd.o
    0x08004fae   0x0000007e   Code   RO         6873    i.HAL_SD_WideBusOperation_Config  stm32f7xx_hal_sd.o
    0x0800502c   0x0000026e   Code   RO         6874    i.HAL_SD_WriteBlocks  stm32f7xx_hal_sd.o
    0x0800529a   0x00000028   Code   RO         3684    i.HAL_SYSTICK_CLKSourceConfig  stm32f7xx_hal_cortex.o
    0x080052c2   0x00000034   Code   RO         3686    i.HAL_SYSTICK_Config  stm32f7xx_hal_cortex.o
    0x080052f6   0x00000002   PAD
    0x080052f8   0x000000b8   Code   RO         5427    i.HAL_TIM_Encoder_Init  stm32f7xx_hal_tim.o
    0x080053b0   0x000000e4   Code   RO         1978    i.HAL_TIM_Encoder_MspInit  bsp_encoder.o
    0x08005494   0x000000e0   Code   RO         5439    i.HAL_TIM_IC_ConfigChannel  stm32f7xx_hal_tim.o
    0x08005574   0x00000034   Code   RO         5442    i.HAL_TIM_IC_Init   stm32f7xx_hal_tim.o
    0x080055a8   0x000000fc   Code   RO         2031    i.HAL_TIM_IC_MspInit  lightsignal.o
    0x080056a4   0x0000006c   Code   RO         5447    i.HAL_TIM_IC_Start_IT  stm32f7xx_hal_tim.o
    0x08005710   0x00000054   Code   RO         5489    i.HAL_TIM_ReadCapturedValue  stm32f7xx_hal_tim.o
    0x08005764   0x00000002   Code   RO         4241    i.HAL_UART_ErrorCallback  stm32f7xx_hal_uart.o
    0x08005766   0x00000014   Code   RO         4243    i.HAL_UART_GetState  stm32f7xx_hal_uart.o
    0x0800577a   0x00000002   PAD
    0x0800577c   0x0000015c   Code   RO         4244    i.HAL_UART_IRQHandler  stm32f7xx_hal_uart.o
    0x080058d8   0x00000078   Code   RO         4245    i.HAL_UART_Init     stm32f7xx_hal_uart.o
    0x08005950   0x00000128   Code   RO         3420    i.HAL_UART_MspInit  usart.o
    0x08005a78   0x000000c8   Code   RO         4250    i.HAL_UART_Receive_IT  stm32f7xx_hal_uart.o
    0x08005b40   0x00000010   Code   RO         3421    i.HAL_UART_RxCpltCallback  usart.o
    0x08005b50   0x00000002   Code   RO         4256    i.HAL_UART_TxCpltCallback  stm32f7xx_hal_uart.o
    0x08005b52   0x00000004   Code   RO          507    i.HardFault_Handler  stm32f7xx_it.o
    0x08005b56   0x00000002   PAD
    0x08005b58   0x00000054   Code   RO         1910    i.IIC_Ack           myiic.o
    0x08005bac   0x00000058   Code   RO         1911    i.IIC_Init          myiic.o
    0x08005c04   0x00000054   Code   RO         1912    i.IIC_NAck          myiic.o
    0x08005c58   0x0000006c   Code   RO         1913    i.IIC_Read_Byte     myiic.o
    0x08005cc4   0x0000007c   Code   RO         1914    i.IIC_Send_Byte     myiic.o
    0x08005d40   0x00000054   Code   RO         1915    i.IIC_Start         myiic.o
    0x08005d94   0x00000054   Code   RO         1916    i.IIC_Stop          myiic.o
    0x08005de8   0x00000068   Code   RO         1917    i.IIC_Wait_Ack      myiic.o
    0x08005e50   0x0000009c   Code   RO         1784    i.LAN8720_Init      lan8720.o
    0x08005eec   0x00000058   Code   RO         1715    i.LED_Init          led.o
    0x08005f44   0x0000001c   Code   RO         1739    i.MPU_Memory_Protection  mpu.o
    0x08005f60   0x00000090   Code   RO         1740    i.MPU_Set_Protection  mpu.o
    0x08005ff0   0x0000008c   Code   RO         1741    i.MemManage_Handler  mpu.o
    0x0800607c   0x00000002   Code   RO          508    i.NMI_Handler       stm32f7xx_it.o
    0x0800607e   0x00000002   PAD
    0x08006080   0x00000010   Code   RO         3688    i.NVIC_GetPriorityGrouping  stm32f7xx_hal_cortex.o
    0x08006090   0x00000028   Code   RO         3689    i.NVIC_SetPriority  stm32f7xx_hal_cortex.o
    0x080060b8   0x00000048   Code   RO          927    i.ObjectDetectionTask_init  objectdetection.o
    0x08006100   0x000015a0   Code   RO          928    i.ObjectDetectionThread  objectdetection.o
    0x080076a0   0x00000068   Code   RO         1862    i.PCF8574_Init      pcf8574.o
    0x08007708   0x00000022   Code   RO         1864    i.PCF8574_ReadOneByte  pcf8574.o
    0x0800772a   0x00000026   Code   RO         1865    i.PCF8574_WriteBit  pcf8574.o
    0x08007750   0x00000028   Code   RO         1866    i.PCF8574_WriteOneByte  pcf8574.o
    0x08007778   0x00000032   Code   RO         1075    i.PCGetConnectedClientIDs  dataprocess.o
    0x080077aa   0x00000002   PAD
    0x080077ac   0x0000003c   Code   RO          865    i.ParametersLoadTask_init  parametersload.o
    0x080077e8   0x00001008   Code   RO          866    i.ParametersLoadThread  parametersload.o
    0x080087f0   0x0000009c   Code   RO         3369    i.SCB_EnableDCache  sys.o
    0x0800888c   0x0000002c   Code   RO         6481    i.SDMMC_DataConfig  stm32f7xx_ll_sdmmc.o
    0x080088b8   0x00000008   Code   RO         6482    i.SDMMC_GetCommandResponse  stm32f7xx_ll_sdmmc.o
    0x080088c0   0x0000000a   Code   RO         6485    i.SDMMC_GetPowerState  stm32f7xx_ll_sdmmc.o
    0x080088ca   0x00000016   Code   RO         6486    i.SDMMC_GetResponse  stm32f7xx_ll_sdmmc.o
    0x080088e0   0x00000034   Code   RO         6487    i.SDMMC_Init        stm32f7xx_ll_sdmmc.o
    0x08008914   0x0000000a   Code   RO         6489    i.SDMMC_PowerState_ON  stm32f7xx_ll_sdmmc.o
    0x0800891e   0x00000008   Code   RO         6490    i.SDMMC_ReadFIFO    stm32f7xx_ll_sdmmc.o
    0x08008926   0x00000028   Code   RO         6491    i.SDMMC_SendCommand  stm32f7xx_ll_sdmmc.o
    0x0800894e   0x0000000c   Code   RO         6493    i.SDMMC_WriteFIFO   stm32f7xx_ll_sdmmc.o
    0x0800895a   0x00000002   PAD
    0x0800895c   0x00000068   Code   RO         2124    i.SDRAM_Init        sdram.o
    0x080089c4   0x00000054   Code   RO         2125    i.SDRAM_Initialization_Sequence  sdram.o
    0x08008a18   0x00000048   Code   RO         2126    i.SDRAM_Send_Cmd    sdram.o
    0x08008a60   0x00000036   Code   RO         6878    i.SD_CmdError       stm32f7xx_hal_sd.o
    0x08008a96   0x00000002   PAD
    0x08008a98   0x00000184   Code   RO         6879    i.SD_CmdResp1Error  stm32f7xx_hal_sd.o
    0x08008c1c   0x00000046   Code   RO         6880    i.SD_CmdResp2Error  stm32f7xx_hal_sd.o
    0x08008c62   0x00000032   Code   RO         6881    i.SD_CmdResp3Error  stm32f7xx_hal_sd.o
    0x08008c94   0x000000ae   Code   RO         6882    i.SD_CmdResp6Error  stm32f7xx_hal_sd.o
    0x08008d42   0x00000066   Code   RO         6883    i.SD_CmdResp7Error  stm32f7xx_hal_sd.o
    0x08008da8   0x0000015a   Code   RO         6888    i.SD_FindSCR        stm32f7xx_hal_sd.o
    0x08008f02   0x00000002   PAD
    0x08008f04   0x0000004c   Code   RO         2183    i.SD_Init           sdmmc_sdcard.o
    0x08008f50   0x0000010a   Code   RO         6890    i.SD_Initialize_Cards  stm32f7xx_hal_sd.o
    0x0800905a   0x00000002   PAD
    0x0800905c   0x000001d8   Code   RO         6891    i.SD_IsCardProgramming  stm32f7xx_hal_sd.o
    0x08009234   0x0000016c   Code   RO         6893    i.SD_PowerON        stm32f7xx_hal_sd.o
    0x080093a0   0x00000090   Code   RO         2184    i.SD_ReadDisk       sdmmc_sdcard.o
    0x08009430   0x00000038   Code   RO         6894    i.SD_Select_Deselect  stm32f7xx_hal_sd.o
    0x08009468   0x0000009a   Code   RO         6896    i.SD_WideBus_Disable  stm32f7xx_hal_sd.o
    0x08009502   0x0000009a   Code   RO         6897    i.SD_WideBus_Enable  stm32f7xx_hal_sd.o
    0x0800959c   0x00000090   Code   RO         2185    i.SD_WriteDisk      sdmmc_sdcard.o
    0x0800962c   0x0000004c   Code   RO         1076    i.STM32GetPushResult  dataprocess.o
    0x08009678   0x00000002   Code   RO         1077    i.STM32SetTrackingMode  dataprocess.o
    0x0800967a   0x00000006   Code   RO         1155    i.SetValueOffset    tcpprotocol.o
    0x08009680   0x00000018   Code   RO            4    i.SimaulationTimer_task  main.o
    0x08009698   0x00000404   Code   RO            5    i.Start_task        main.o
    0x08009a9c   0x00000018   Code   RO            6    i.StatusIndicate_task  main.o
    0x08009ab4   0x000000b4   Code   RO         3370    i.Stm32_Clock_Init  sys.o
    0x08009b68   0x00000014   Code   RO         3321    i.SysTick_Handler   delay.o
    0x08009b7c   0x00000064   Code   RO          564    i.SystemInit        system_stm32f7xx.o
    0x08009be0   0x0000005c   Code   RO         1482    i.TCPSendDataByte   datatransfermanage.o
    0x08009c3c   0x00000064   Code   RO         1484    i.TCPSendPacket     datatransfermanage.o
    0x08009ca0   0x00000048   Code   RO         1415    i.TCPServerListenCycleTask_init  tcppacketserver.o
    0x08009ce8   0x000003cc   Code   RO         1416    i.TCPServerListenThread  tcppacketserver.o
    0x0800a0b4   0x00000054   Code   RO         2032    i.TIM2_CH1_Cap_Init  lightsignal.o
    0x0800a108   0x00000178   Code   RO         2033    i.TIM2_IRQHandler   lightsignal.o
    0x0800a280   0x0000005c   Code   RO         1979    i.TIM3_IRQHandler   bsp_encoder.o
    0x0800a2dc   0x00000058   Code   RO         2034    i.TIM5_CH1_Cap_Init  lightsignal.o
    0x0800a334   0x00000178   Code   RO         2035    i.TIM5_IRQHandler   lightsignal.o
    0x0800a4ac   0x00000010   Code   RO         2235    i.TIM6_DAC_IRQHandler  timer.o
    0x0800a4bc   0x00000094   Code   RO         2236    i.TIM6_Init         timer.o
    0x0800a550   0x0000005c   Code   RO         1980    i.TIM8_UP_TIM13_IRQHandler  bsp_encoder.o
    0x0800a5ac   0x000000e4   Code   RO         5493    i.TIM_Base_SetConfig  stm32f7xx_hal_tim.o
    0x0800a690   0x0000001c   Code   RO         5494    i.TIM_CCxChannelCmd  stm32f7xx_hal_tim.o
    0x0800a6ac   0x00000094   Code   RO         5508    i.TIM_TI1_SetConfig  stm32f7xx_hal_tim.o
    0x0800a740   0x0000003e   Code   RO         5510    i.TIM_TI2_SetConfig  stm32f7xx_hal_tim.o
    0x0800a77e   0x0000003c   Code   RO         5511    i.TIM_TI3_SetConfig  stm32f7xx_hal_tim.o
    0x0800a7ba   0x00000040   Code   RO         5512    i.TIM_TI4_SetConfig  stm32f7xx_hal_tim.o
    0x0800a7fa   0x00000002   PAD
    0x0800a7fc   0x0000003c   Code   RO          991    i.TrackingTask_init  tracking.o
    0x0800a838   0x000004c8   Code   RO          992    i.TrackingThread    tracking.o
    0x0800ad00   0x000000ea   Code   RO         4258    i.UART_AdvFeatureConfig  stm32f7xx_hal_uart.o
    0x0800adea   0x00000074   Code   RO         4259    i.UART_CheckIdleState  stm32f7xx_hal_uart.o
    0x0800ae5e   0x00000018   Code   RO         4260    i.UART_DMAAbortOnError  stm32f7xx_hal_uart.o
    0x0800ae76   0x00000020   Code   RO         4266    i.UART_EndRxTransfer  stm32f7xx_hal_uart.o
    0x0800ae96   0x00000020   Code   RO         4267    i.UART_EndTransmit_IT  stm32f7xx_hal_uart.o
    0x0800aeb6   0x00000088   Code   RO         4269    i.UART_Receive_IT   stm32f7xx_hal_uart.o
    0x0800af3e   0x00000002   PAD
    0x0800af40   0x0000038c   Code   RO         4270    i.UART_SetConfig    stm32f7xx_hal_uart.o
    0x0800b2cc   0x0000006a   Code   RO         4271    i.UART_Transmit_IT  stm32f7xx_hal_uart.o
    0x0800b336   0x0000006c   Code   RO         4272    i.UART_WaitOnFlagUntilTimeout  stm32f7xx_hal_uart.o
    0x0800b3a2   0x00000002   PAD
    0x0800b3a4   0x00000050   Code   RO         3422    i.USART1_IRQHandler  usart.o
    0x0800b3f4   0x00000004   Code   RO          509    i.UsageFault_Handler  stm32f7xx_it.o
    0x0800b3f8   0x00000030   Code   RO        11606    i.__ARM_fpclassify  m_wv.l(fpclassify.o)
    0x0800b428   0x000008f8   Code   RO        11469    i.__hardfp_pow      m_wv.l(pow.o)
    0x0800bd20   0x00000070   Code   RO        11608    i.__kernel_poly     m_wv.l(poly.o)
    0x0800bd90   0x00000020   Code   RO        11586    i.__mathlib_dbl_divzero  m_wv.l(dunder.o)
    0x0800bdb0   0x00000006   Code   RO        11588    i.__mathlib_dbl_infnan2  m_wv.l(dunder.o)
    0x0800bdb6   0x00000002   PAD
    0x0800bdb8   0x00000018   Code   RO        11589    i.__mathlib_dbl_invalid  m_wv.l(dunder.o)
    0x0800bdd0   0x00000018   Code   RO        11590    i.__mathlib_dbl_overflow  m_wv.l(dunder.o)
    0x0800bde8   0x00000018   Code   RO        11592    i.__mathlib_dbl_underflow  m_wv.l(dunder.o)
    0x0800be00   0x0000000e   Code   RO        11405    i._is_digit         c_w.l(__printf_wp.o)
    0x0800be0e   0x00000004   Code   RO         3423    i._sys_exit         usart.o
    0x0800be12   0x000000b0   Code   RO        10694    i.accept_function   api_msg.o
    0x0800bec2   0x00000002   PAD
    0x0800bec4   0x000000b4   Code   RO         1417    i.addSession        tcppacketserver.o
    0x0800bf78   0x00000020   Code   RO        10391    i.arp_timer         timers_1.o
    0x0800bf98   0x00000088   Code   RO         2269    i.change_bitmap     ff.o
    0x0800c020   0x00000084   Code   RO         2270    i.check_fs          ff.o
    0x0800c0a4   0x00000014   Code   RO         2271    i.chk_chr           ff.o
    0x0800c0b8   0x00000062   Code   RO         2272    i.clmt_clust        ff.o
    0x0800c11a   0x0000001a   Code   RO         2273    i.clust2sect        ff.o
    0x0800c134   0x00000098   Code   RO         2274    i.cmp_lfn           ff.o
    0x0800c1cc   0x0000015e   Code   RO         2275    i.create_chain      ff.o
    0x0800c32a   0x00000002   PAD
    0x0800c32c   0x00000270   Code   RO         2276    i.create_name       ff.o
    0x0800c59c   0x00000090   Code   RO         2277    i.create_xdir       ff.o
    0x0800c62c   0x00000070   Code   RO          802    i.deQueue           tcpqueue.o
    0x0800c69c   0x00000044   Code   RO         3322    i.delay_init        delay.o
    0x0800c6e0   0x00000040   Code   RO         3323    i.delay_ms          delay.o
    0x0800c720   0x00000048   Code   RO         3324    i.delay_us          delay.o
    0x0800c768   0x00000058   Code   RO          803    i.destroyQueue      tcpqueue.o
    0x0800c7c0   0x0000007c   Code   RO         2278    i.dir_alloc         ff.o
    0x0800c83c   0x000001a0   Code   RO         2279    i.dir_find          ff.o
    0x0800c9dc   0x00000120   Code   RO         2280    i.dir_next          ff.o
    0x0800cafc   0x00000104   Code   RO         2281    i.dir_read          ff.o
    0x0800cc00   0x0000020c   Code   RO         2282    i.dir_register      ff.o
    0x0800ce0c   0x000000aa   Code   RO         2284    i.dir_sdi           ff.o
    0x0800ceb6   0x00000020   Code   RO         2681    i.disk_initialize   diskio.o
    0x0800ced6   0x00000002   PAD
    0x0800ced8   0x0000006c   Code   RO         2682    i.disk_ioctl        diskio.o
    0x0800cf44   0x00000056   Code   RO         2683    i.disk_read         diskio.o
    0x0800cf9a   0x00000006   Code   RO         2684    i.disk_status       diskio.o
    0x0800cfa0   0x00000056   Code   RO         2685    i.disk_write        diskio.o
    0x0800cff6   0x00000074   Code   RO        10695    i.do_bind           api_msg.o
    0x0800d06a   0x00000002   PAD
    0x0800d06c   0x00000140   Code   RO        10696    i.do_close          api_msg.o
    0x0800d1ac   0x000002b4   Code   RO        10697    i.do_close_internal  api_msg.o
    0x0800d460   0x00000154   Code   RO        10698    i.do_connect        api_msg.o
    0x0800d5b4   0x00000180   Code   RO        10699    i.do_connected      api_msg.o
    0x0800d734   0x000001d4   Code   RO        10700    i.do_delconn        api_msg.o
    0x0800d908   0x00000130   Code   RO        10702    i.do_getaddr        api_msg.o
    0x0800da38   0x000000cc   Code   RO        10703    i.do_listen         api_msg.o
    0x0800db04   0x00000020   Code   RO        10704    i.do_newconn        api_msg.o
    0x0800db24   0x00000048   Code   RO        10705    i.do_recv           api_msg.o
    0x0800db6c   0x00000124   Code   RO        10707    i.do_write          api_msg.o
    0x0800dc90   0x000002e4   Code   RO        10708    i.do_writemore      api_msg.o
    0x0800df74   0x000000b0   Code   RO          804    i.enQueue           tcpqueue.o
    0x0800e024   0x0000019c   Code   RO        10709    i.err_tcp           api_msg.o
    0x0800e1c0   0x000001c0   Code   RO         8895    i.etharp_arp_input  etharp.o
    0x0800e380   0x000002f0   Code   RO         8898    i.etharp_find_entry  etharp.o
    0x0800e670   0x00000078   Code   RO         8899    i.etharp_free_entry  etharp.o
    0x0800e6e8   0x00000208   Code   RO         8900    i.etharp_output     etharp.o
    0x0800e8f0   0x00000114   Code   RO         8901    i.etharp_output_to_arp_index  etharp.o
    0x0800ea04   0x00000278   Code   RO         8902    i.etharp_query      etharp.o
    0x0800ec7c   0x0000019c   Code   RO         8903    i.etharp_raw        etharp.o
    0x0800ee18   0x00000030   Code   RO         8904    i.etharp_request    etharp.o
    0x0800ee48   0x000000b0   Code   RO         8905    i.etharp_send_ip    etharp.o
    0x0800eef8   0x00000094   Code   RO         8906    i.etharp_tmr        etharp.o
    0x0800ef8c   0x00000158   Code   RO         8907    i.etharp_update_arp_entry  etharp.o
    0x0800f0e4   0x00000144   Code   RO         8908    i.ethernet_input    etharp.o
    0x0800f228   0x000000a4   Code   RO         9008    i.ethernetif_init   ethernetif.o
    0x0800f2cc   0x00000030   Code   RO         9009    i.ethernetif_input  ethernetif.o
    0x0800f2fc   0x0000004a   Code   RO         2792    i.exf_getfree       exfuns.o
    0x0800f346   0x00000002   PAD
    0x0800f348   0x00000084   Code   RO         2793    i.exfuns_init       exfuns.o
    0x0800f3cc   0x00000044   Code   RO         3022    i.ezxml_add_child   ezxml.o
    0x0800f410   0x000000a8   Code   RO         3025    i.ezxml_char_content  ezxml.o
    0x0800f4b8   0x00000026   Code   RO         3026    i.ezxml_child       ezxml.o
    0x0800f4de   0x00000002   PAD
    0x0800f4e0   0x00000058   Code   RO         3027    i.ezxml_close_tag   ezxml.o
    0x0800f538   0x000002ac   Code   RO         3029    i.ezxml_decode      ezxml.o
    0x0800f7e4   0x00000080   Code   RO         3030    i.ezxml_ent_ok      ezxml.o
    0x0800f864   0x0000006c   Code   RO         3031    i.ezxml_err         ezxml.o
    0x0800f8d0   0x00000156   Code   RO         3033    i.ezxml_free        ezxml.o
    0x0800fa26   0x00000002   PAD
    0x0800fa28   0x00000074   Code   RO         3034    i.ezxml_free_attr   ezxml.o
    0x0800fa9c   0x000000b2   Code   RO         3037    i.ezxml_insert      ezxml.o
    0x0800fb4e   0x00000002   PAD
    0x0800fb50   0x000004f0   Code   RO         3038    i.ezxml_internal_dtd  ezxml.o
    0x08010040   0x00000058   Code   RO         3039    i.ezxml_new         ezxml.o
    0x08010098   0x00000030   Code   RO         3040    i.ezxml_open_tag    ezxml.o
    0x080100c8   0x000000c0   Code   RO         3041    i.ezxml_parse_fd    ezxml.o
    0x08010188   0x00000036   Code   RO         3042    i.ezxml_parse_file  ezxml.o
    0x080101be   0x00000002   PAD
    0x080101c0   0x00000730   Code   RO         3043    i.ezxml_parse_str   ezxml.o
    0x080108f0   0x000001a0   Code   RO         3045    i.ezxml_proc_inst   ezxml.o
    0x08010a90   0x0000000c   Code   RO         3047    i.ezxml_set_flag    ezxml.o
    0x08010a9c   0x00000174   Code   RO         3049    i.ezxml_str2utf8    ezxml.o
    0x08010c10   0x00000026   Code   RO         2285    i.f_close           ff.o
    0x08010c36   0x00000166   Code   RO         2287    i.f_getfree         ff.o
    0x08010d9c   0x0000005c   Code   RO         2293    i.f_mount           ff.o
    0x08010df8   0x000002bc   Code   RO         2294    i.f_open            ff.o
    0x080110b4   0x00000228   Code   RO         2299    i.f_read            ff.o
    0x080112dc   0x0000018e   Code   RO         2304    i.f_sync            ff.o
    0x0801146a   0x00000018   Code   RO        11602    i.fabs              m_wv.l(fabs.o)
    0x08011482   0x00000002   PAD
    0x08011484   0x0000007c   Code   RO         2755    i.ff_convert        cc936.o
    0x08011500   0x0000000e   Code   RO         2686    i.ff_memalloc       diskio.o
    0x0801150e   0x0000000e   Code   RO         2687    i.ff_memfree        diskio.o
    0x0801151c   0x000000a4   Code   RO         2756    i.ff_wtoupper       cc936.o
    0x080115c0   0x00000036   Code   RO         2308    i.fill_fat_chain    ff.o
    0x080115f6   0x000000a4   Code   RO         2309    i.find_bitmap       ff.o
    0x0801169a   0x00000002   PAD
    0x0801169c   0x00000458   Code   RO         2310    i.find_volume       ff.o
    0x08011af4   0x000000e4   Code   RO         2311    i.follow_path       ff.o
    0x08011bd8   0x0000001c   Code   RO         3425    i.fputc             usart.o
    0x08011bf4   0x000000cc   Code   RO         2312    i.gen_numname       ff.o
    0x08011cc0   0x0000017a   Code   RO         2313    i.get_fat           ff.o
    0x08011e3a   0x00000004   Code   RO         2688    i.get_fattime       diskio.o
    0x08011e3e   0x0000004a   Code   RO         2315    i.get_ldnumber      ff.o
    0x08011e88   0x00000012   Code   RO         9089    i.icmp_dest_unreach  icmp.o
    0x08011e9a   0x00000002   PAD
    0x08011e9c   0x00000334   Code   RO         9090    i.icmp_input        icmp.o
    0x080121d0   0x00000120   Code   RO         9091    i.icmp_send_response  icmp.o
    0x080122f0   0x00000012   Code   RO         9092    i.icmp_time_exceeded  icmp.o
    0x08012302   0x00000014   Code   RO         9172    i.inet_chksum       inet_chksum.o
    0x08012316   0x00000056   Code   RO         9173    i.inet_chksum_pbuf  inet_chksum.o
    0x0801236c   0x00000018   Code   RO          806    i.initQueue         tcpqueue.o
    0x08012384   0x0000004e   Code   RO         9283    i.ip4_addr_isbroadcast  ip_addr.o
    0x080123d2   0x00000002   PAD
    0x080123d4   0x0000023c   Code   RO         9348    i.ip_frag           ip_frag.o
    0x08012610   0x0000000a   Code   RO         9349    i.ip_frag_alloc_pbuf_custom_ref  ip_frag.o
    0x0801261a   0x00000002   PAD
    0x0801261c   0x0000008c   Code   RO         9350    i.ip_frag_free_pbuf_custom_ref  ip_frag.o
    0x080126a8   0x000001c8   Code   RO         9219    i.ip_input          ip.o
    0x08012870   0x000000b4   Code   RO         9220    i.ip_output         ip.o
    0x08012924   0x00000190   Code   RO         9221    i.ip_output_if      ip.o
    0x08012ab4   0x000001a4   Code   RO         9351    i.ip_reass          ip_frag.o
    0x08012c58   0x00000310   Code   RO         9352    i.ip_reass_chain_frag_into_datagram_and_validate  ip_frag.o
    0x08012f68   0x000000b8   Code   RO         9353    i.ip_reass_dequeue_datagram  ip_frag.o
    0x08013020   0x00000058   Code   RO         9354    i.ip_reass_enqueue_new_datagram  ip_frag.o
    0x08013078   0x000001cc   Code   RO         9355    i.ip_reass_free_complete_datagram  ip_frag.o
    0x08013244   0x0000007c   Code   RO         9356    i.ip_reass_remove_oldest_datagram  ip_frag.o
    0x080132c0   0x00000020   Code   RO        10392    i.ip_reass_timer    timers_1.o
    0x080132e0   0x0000003c   Code   RO         9357    i.ip_reass_tmr      ip_frag.o
    0x0801331c   0x00000058   Code   RO         9222    i.ip_route          ip.o
    0x08013374   0x000000bc   Code   RO         9358    i.ipfrag_free_pbuf_custom  ip_frag.o
    0x08013430   0x00000016   Code   RO          807    i.isEmpityQueue     tcpqueue.o
    0x08013446   0x00000022   Code   RO          808    i.isFullQueue       tcpqueue.o
    0x08013468   0x00000026   Code   RO         2317    i.ld_clust          ff.o
    0x0801348e   0x00000018   Code   RO         2318    i.ld_dword          ff.o
    0x080134a6   0x00000062   Code   RO         2319    i.ld_qword          ff.o
    0x08013508   0x0000000c   Code   RO         2320    i.ld_word           ff.o
    0x08013514   0x0000003c   Code   RO         2321    i.load_obj_dir      ff.o
    0x08013550   0x000000dc   Code   RO         2322    i.load_xdir         ff.o
    0x0801362c   0x00000088   Code   RO         9010    i.low_level_init    ethernetif.o
    0x080136b4   0x00000100   Code   RO         9011    i.low_level_input   ethernetif.o
    0x080137b4   0x000000e8   Code   RO         9012    i.low_level_output  ethernetif.o
    0x0801389c   0x00000060   Code   RO         1289    i.lwip_comm_default_ip_set  lwip_comm.o
    0x080138fc   0x00000228   Code   RO         1290    i.lwip_comm_init    lwip_comm.o
    0x08013b24   0x00000020   Code   RO         1291    i.lwip_comm_mem_free  lwip_comm.o
    0x08013b44   0x00000044   Code   RO         1292    i.lwip_comm_mem_malloc  lwip_comm.o
    0x08013b88   0x0000001a   Code   RO         9426    i.lwip_htonl        def.o
    0x08013ba2   0x0000000c   Code   RO         9427    i.lwip_htons        def.o
    0x08013bae   0x00000024   Code   RO         9504    i.lwip_init         init.o
    0x08013bd2   0x0000000c   Code   RO         9428    i.lwip_ntohl        def.o
    0x08013bde   0x0000000c   Code   RO         9429    i.lwip_ntohs        def.o
    0x08013bea   0x00000002   PAD
    0x08013bec   0x00000010   Code   RO         1293    i.lwip_pkt_handle   lwip_comm.o
    0x08013bfc   0x00000002   Code   RO        11020    i.lwip_socket_init  sockets.o
    0x08013bfe   0x0000005e   Code   RO         9176    i.lwip_standard_chksum  inet_chksum.o
    0x08013c5c   0x0000018c   Code   RO            7    i.main              main.o
    0x08013de8   0x00000024   Code   RO         2323    i.mem_cmp           ff.o
    0x08013e0c   0x0000001a   Code   RO         2324    i.mem_cpy           ff.o
    0x08013e26   0x00000002   PAD
    0x08013e28   0x00000168   Code   RO         9544    i.mem_free          mem.o
    0x08013f90   0x000000f4   Code   RO         9545    i.mem_init          mem.o
    0x08014084   0x00000288   Code   RO         9546    i.mem_malloc        mem.o
    0x0801430c   0x00000012   Code   RO         2325    i.mem_set           ff.o
    0x0801431e   0x00000002   PAD
    0x08014320   0x000001ec   Code   RO         9547    i.mem_trim          mem.o
    0x0801450c   0x000000c0   Code   RO         9599    i.memp_free         memp.o
    0x080145cc   0x00000008   Code   RO         9600    i.memp_get_memorysize  memp.o
    0x080145d4   0x00000068   Code   RO         9601    i.memp_init         memp.o
    0x0801463c   0x00000100   Code   RO         9602    i.memp_malloc       memp.o
    0x0801473c   0x00000034   Code   RO         2326    i.move_window       ff.o
    0x08014770   0x0000006c   Code   RO         3237    i.my_mem_free       malloc.o
    0x080147dc   0x0000002c   Code   RO         3238    i.my_mem_init       malloc.o
    0x08014808   0x000000a8   Code   RO         3239    i.my_mem_malloc     malloc.o
    0x080148b0   0x00000040   Code   RO         3240    i.my_mem_perused    malloc.o
    0x080148f0   0x00000024   Code   RO         3241    i.myfree            malloc.o
    0x08014914   0x00000028   Code   RO         3242    i.mymalloc          malloc.o
    0x0801493c   0x0000001a   Code   RO         3243    i.mymemcpy          malloc.o
    0x08014956   0x00000014   Code   RO         3244    i.mymemset          malloc.o
    0x0801496a   0x00000002   PAD
    0x0801496c   0x00000044   Code   RO         3245    i.myrealloc         malloc.o
    0x080149b0   0x00000020   Code   RO        10885    i.netbuf_delete     netbuf.o
    0x080149d0   0x000001ac   Code   RO        10551    i.netconn_accept    api_lib.o
    0x08014b7c   0x00000128   Code   RO        10710    i.netconn_alloc     api_msg.o
    0x08014ca4   0x000000d8   Code   RO        10552    i.netconn_bind      api_lib.o
    0x08014d7c   0x0000000e   Code   RO        10553    i.netconn_close     api_lib.o
    0x08014d8a   0x00000002   PAD
    0x08014d8c   0x000000d0   Code   RO        10554    i.netconn_close_shutdown  api_lib.o
    0x08014e5c   0x000000dc   Code   RO        10555    i.netconn_connect   api_lib.o
    0x08014f38   0x00000028   Code   RO        10556    i.netconn_delete    api_lib.o
    0x08014f60   0x0000014c   Code   RO        10711    i.netconn_drain     api_msg.o
    0x080150ac   0x0000017c   Code   RO        10712    i.netconn_free      api_msg.o
    0x08015228   0x00000158   Code   RO        10558    i.netconn_getaddr   api_lib.o
    0x08015380   0x000000d0   Code   RO        10559    i.netconn_listen_with_backlog  api_lib.o
    0x08015450   0x00000198   Code   RO        10560    i.netconn_new_with_proto_and_callback  api_lib.o
    0x080155e8   0x000001c0   Code   RO        10561    i.netconn_recv      api_lib.o
    0x080157a8   0x0000022c   Code   RO        10562    i.netconn_recv_data  api_lib.o
    0x080159d4   0x00000164   Code   RO        10568    i.netconn_write_partly  api_lib.o
    0x08015b38   0x00000104   Code   RO         9662    i.netif_add         netif.o
    0x08015c3c   0x00000002   Code   RO         9664    i.netif_init        netif.o
    0x08015c3e   0x00000028   Code   RO         9666    i.netif_set_addr    netif.o
    0x08015c66   0x00000002   PAD
    0x08015c68   0x00000010   Code   RO         9667    i.netif_set_default  netif.o
    0x08015c78   0x00000010   Code   RO         9669    i.netif_set_gw      netif.o
    0x08015c88   0x00000084   Code   RO         9670    i.netif_set_ipaddr  netif.o
    0x08015d0c   0x00000010   Code   RO         9673    i.netif_set_netmask  netif.o
    0x08015d1c   0x00000036   Code   RO         9674    i.netif_set_up      netif.o
    0x08015d52   0x00000002   PAD
    0x08015d54   0x00000028   Code   RO          867    i.pChartoBool       parametersload.o
    0x08015d7c   0x00000058   Code   RO          868    i.pChartoUint32     parametersload.o
    0x08015dd4   0x0000041c   Code   RO         9768    i.pbuf_alloc        pbuf.o
    0x080161f0   0x00000108   Code   RO         9769    i.pbuf_alloced_custom  pbuf.o
    0x080162f8   0x00000148   Code   RO         9770    i.pbuf_cat          pbuf.o
    0x08016440   0x00000012   Code   RO         9772    i.pbuf_clen         pbuf.o
    0x08016452   0x00000002   PAD
    0x08016454   0x00000238   Code   RO         9774    i.pbuf_copy         pbuf.o
    0x0801668c   0x0000014c   Code   RO         9775    i.pbuf_copy_partial  pbuf.o
    0x080167d8   0x000001c0   Code   RO         9777    i.pbuf_free         pbuf.o
    0x08016998   0x00000154   Code   RO         9779    i.pbuf_header       pbuf.o
    0x08016aec   0x000001c4   Code   RO         9782    i.pbuf_realloc      pbuf.o
    0x08016cb0   0x0000001a   Code   RO         9783    i.pbuf_ref          pbuf.o
    0x08016cca   0x00000002   PAD
    0x08016ccc   0x0000012c   Code   RO        10713    i.pcb_new           api_msg.o
    0x08016df8   0x00000088   Code   RO         2327    i.pick_lfn          ff.o
    0x08016e80   0x000001b4   Code   RO         9548    i.plug_holes        mem.o
    0x08017034   0x000000e4   Code   RO        10714    i.poll_tcp          api_msg.o
    0x08017118   0x00000098   Code   RO         8374    i.prvAddCurrentTaskToDelayedList  tasks.o
    0x080171b0   0x000000b8   Code   RO         8375    i.prvAddNewTaskToReadyList  tasks.o
    0x08017268   0x00000064   Code   RO         8230    i.prvCheckForValidListAndQueue  timers.o
    0x080172cc   0x00000064   Code   RO         8376    i.prvCheckTasksWaitingTermination  tasks.o
    0x08017330   0x0000002a   Code   RO         7989    i.prvCopyDataFromQueue  queue.o
    0x0801735a   0x0000007c   Code   RO         7990    i.prvCopyDataToQueue  queue.o
    0x080173d6   0x00000012   Code   RO         8377    i.prvDeleteTCB      tasks.o
    0x080173e8   0x00000028   Code   RO         8231    i.prvGetNextExpireTime  timers.o
    0x08017410   0x0000007c   Code   RO         8834    i.prvHeapInit       heap_4.o
    0x0801748c   0x00000028   Code   RO         8378    i.prvIdleTask       tasks.o
    0x080174b4   0x0000002e   Code   RO         7992    i.prvInitialiseNewQueue  queue.o
    0x080174e2   0x00000002   PAD
    0x080174e4   0x000000bc   Code   RO         8379    i.prvInitialiseNewTask  tasks.o
    0x080175a0   0x00000068   Code   RO         8380    i.prvInitialiseTaskLists  tasks.o
    0x08017608   0x00000068   Code   RO         8835    i.prvInsertBlockIntoFreeList  heap_4.o
    0x08017670   0x00000058   Code   RO         8233    i.prvInsertTimerInActiveList  timers.o
    0x080176c8   0x0000001a   Code   RO         7993    i.prvIsQueueEmpty   queue.o
    0x080176e2   0x0000001e   Code   RO         7994    i.prvIsQueueFull    queue.o
    0x08017700   0x0000008c   Code   RO         7995    i.prvNotifyQueueSetContainer  queue.o
    0x0801778c   0x00000070   Code   RO         8234    i.prvProcessExpiredTimer  timers.o
    0x080177fc   0x00000114   Code   RO         8235    i.prvProcessReceivedCommands  timers.o
    0x08017910   0x00000074   Code   RO         8236    i.prvProcessTimerOrBlockTask  timers.o
    0x08017984   0x00000034   Code   RO         8382    i.prvResetNextTaskUnblockTime  tasks.o
    0x080179b8   0x0000002c   Code   RO         8237    i.prvSampleTimeNow  timers.o
    0x080179e4   0x000000ac   Code   RO         8238    i.prvSwitchTimerLists  timers.o
    0x08017a90   0x00000068   Code   RO         8746    i.prvTaskExitError  port.o
    0x08017af8   0x0000001a   Code   RO         8239    i.prvTimerTask      timers.o
    0x08017b12   0x00000092   Code   RO         7996    i.prvUnlockQueue    queue.o
    0x08017ba4   0x00000144   Code   RO         2328    i.put_fat           ff.o
    0x08017ce8   0x00000080   Code   RO         2329    i.put_lfn           ff.o
    0x08017d68   0x0000013c   Code   RO         8836    i.pvPortMalloc      heap_4.o
    0x08017ea4   0x00000020   Code   RO         8386    i.pvTaskIncrementMutexHeldCount  tasks.o
    0x08017ec4   0x0000002c   Code   RO         8747    i.pxPortInitialiseStack  port.o
    0x08017ef0   0x00000010   Code   RO         9894    i.raw_bind          raw.o
    0x08017f00   0x00000010   Code   RO         9895    i.raw_connect       raw.o
    0x08017f10   0x00000074   Code   RO         9896    i.raw_input         raw.o
    0x08017f84   0x00000034   Code   RO         9897    i.raw_new           raw.o
    0x08017fb8   0x00000006   Code   RO         9898    i.raw_recv          raw.o
    0x08017fbe   0x00000002   PAD
    0x08017fc0   0x00000040   Code   RO         9899    i.raw_remove        raw.o
    0x08018000   0x0000009c   Code   RO        10715    i.recv_raw          api_msg.o
    0x0801809c   0x00000188   Code   RO        10716    i.recv_tcp          api_msg.o
    0x08018224   0x00000180   Code   RO        10717    i.recv_udp          api_msg.o
    0x080183a4   0x0000010a   Code   RO         2331    i.remove_chain      ff.o
    0x080184ae   0x00000002   PAD
    0x080184b0   0x000000e0   Code   RO        10718    i.sent_tcp          api_msg.o
    0x08018590   0x00000044   Code   RO        10719    i.setup_tcp         api_msg.o
    0x080185d4   0x0000006a   Code   RO        11613    i.sqrt              m_wv.l(sqrt.o)
    0x0801863e   0x00000024   Code   RO         2332    i.st_clust          ff.o
    0x08018662   0x00000018   Code   RO         2333    i.st_dword          ff.o
    0x0801867a   0x0000005c   Code   RO         2334    i.st_qword          ff.o
    0x080186d6   0x0000000c   Code   RO         2335    i.st_word           ff.o
    0x080186e2   0x0000006e   Code   RO         2336    i.store_xdir        ff.o
    0x08018750   0x00000020   Code   RO         2337    i.sum_sfn           ff.o
    0x08018770   0x00000090   Code   RO         2338    i.sync_fs           ff.o
    0x08018800   0x00000052   Code   RO         2339    i.sync_window       ff.o
    0x08018852   0x00000002   PAD
    0x08018854   0x000000d0   Code   RO         1554    i.sys_arch_mbox_fetch  sys_arch.o
    0x08018924   0x00000038   Code   RO         1555    i.sys_arch_mbox_tryfetch  sys_arch.o
    0x0801895c   0x00000090   Code   RO         1556    i.sys_arch_sem_wait  sys_arch.o
    0x080189ec   0x00000002   Code   RO         1557    i.sys_init          sys_arch.o
    0x080189ee   0x00000010   Code   RO         1558    i.sys_mbox_free     sys_arch.o
    0x080189fe   0x00000002   PAD
    0x08018a00   0x00000090   Code   RO         1559    i.sys_mbox_new      sys_arch.o
    0x08018a90   0x00000060   Code   RO         1560    i.sys_mbox_post     sys_arch.o
    0x08018af0   0x00000006   Code   RO         1561    i.sys_mbox_set_invalid  sys_arch.o
    0x08018af6   0x00000002   PAD
    0x08018af8   0x00000068   Code   RO         1562    i.sys_mbox_trypost  sys_arch.o
    0x08018b60   0x0000000e   Code   RO         1563    i.sys_mbox_valid    sys_arch.o
    0x08018b6e   0x00000010   Code   RO         1566    i.sys_sem_free      sys_arch.o
    0x08018b7e   0x00000002   PAD
    0x08018b80   0x0000008c   Code   RO         1567    i.sys_sem_new       sys_arch.o
    0x08018c0c   0x00000006   Code   RO         1568    i.sys_sem_set_invalid  sys_arch.o
    0x08018c12   0x00000018   Code   RO         1569    i.sys_sem_signal    sys_arch.o
    0x08018c2a   0x0000000e   Code   RO         1570    i.sys_sem_valid     sys_arch.o
    0x08018c38   0x00000034   Code   RO         1571    i.sys_thread_new    sys_arch.o
    0x08018c6c   0x00000148   Code   RO        10393    i.sys_timeout       timers_1.o
    0x08018db4   0x00000024   Code   RO        10394    i.sys_timeouts_init  timers_1.o
    0x08018dd8   0x00000088   Code   RO        10395    i.sys_timeouts_mbox_fetch  timers_1.o
    0x08018e60   0x00000060   Code   RO        10396    i.sys_untimeout     timers_1.o
    0x08018ec0   0x00000134   Code   RO         9980    i.tcp_abandon       tcp.o
    0x08018ff4   0x0000000e   Code   RO         9981    i.tcp_abort         tcp.o
    0x08019002   0x00000004   Code   RO         9982    i.tcp_accept        tcp.o
    0x08019006   0x00000008   Code   RO         9983    i.tcp_accept_null   tcp.o
    0x0801900e   0x00000002   PAD
    0x08019010   0x000000c4   Code   RO         9984    i.tcp_alloc         tcp.o
    0x080190d4   0x00000004   Code   RO         9985    i.tcp_arg           tcp.o
    0x080190d8   0x00000128   Code   RO         9986    i.tcp_bind          tcp.o
    0x08019200   0x0000001c   Code   RO         9987    i.tcp_close         tcp.o
    0x0801921c   0x0000024c   Code   RO         9988    i.tcp_close_shutdown  tcp.o
    0x08019468   0x000001ec   Code   RO         9989    i.tcp_connect       tcp.o
    0x08019654   0x000000b8   Code   RO        10281    i.tcp_create_segment  tcp_out.o
    0x0801970c   0x0000002e   Code   RO         9991    i.tcp_eff_send_mss  tcp.o
    0x0801973a   0x00000002   PAD
    0x0801973c   0x000002a4   Code   RO        10282    i.tcp_enqueue_flags  tcp_out.o
    0x080199e0   0x000000a0   Code   RO         9992    i.tcp_err           tcp.o
    0x08019a80   0x00000080   Code   RO         9993    i.tcp_fasttmr       tcp.o
    0x08019b00   0x00000002   Code   RO         9994    i.tcp_init          tcp.o
    0x08019b02   0x00000002   PAD
    0x08019b04   0x000006b8   Code   RO        10221    i.tcp_input         tcp_in.o
    0x0801a1bc   0x00000054   Code   RO        10283    i.tcp_keepalive     tcp_out.o
    0x0801a210   0x00000058   Code   RO         9995    i.tcp_kill_prio     tcp.o
    0x0801a268   0x00000040   Code   RO         9996    i.tcp_kill_timewait  tcp.o
    0x0801a2a8   0x0000013c   Code   RO        10222    i.tcp_listen_input  tcp_in.o
    0x0801a3e4   0x00000160   Code   RO         9997    i.tcp_listen_with_backlog  tcp.o
    0x0801a544   0x0000000a   Code   RO         9998    i.tcp_new           tcp.o
    0x0801a54e   0x00000002   PAD
    0x0801a550   0x00000068   Code   RO         9999    i.tcp_new_port      tcp.o
    0x0801a5b8   0x0000001c   Code   RO        10000    i.tcp_next_iss      tcp.o
    0x0801a5d4   0x00000284   Code   RO        10284    i.tcp_output        tcp_out.o
    0x0801a858   0x00000118   Code   RO        10285    i.tcp_output_alloc_header  tcp_out.o
    0x0801a970   0x000000d8   Code   RO        10286    i.tcp_output_segment  tcp_out.o
    0x0801aa48   0x000000d0   Code   RO        10223    i.tcp_parseopt      tcp_in.o
    0x0801ab18   0x000000f8   Code   RO        10287    i.tcp_pbuf_prealloc  tcp_out.o
    0x0801ac10   0x00000058   Code   RO        10001    i.tcp_pcb_purge     tcp.o
    0x0801ac68   0x00000140   Code   RO        10002    i.tcp_pcb_remove    tcp.o
    0x0801ada8   0x000000a0   Code   RO        10003    i.tcp_poll          tcp.o
    0x0801ae48   0x00000698   Code   RO        10224    i.tcp_process       tcp_in.o
    0x0801b4e0   0x00000094   Code   RO        10004    i.tcp_process_refused_data  tcp.o
    0x0801b574   0x00000924   Code   RO        10225    i.tcp_receive       tcp_in.o
    0x0801be98   0x000000a0   Code   RO        10005    i.tcp_recv          tcp.o
    0x0801bf38   0x0000002e   Code   RO        10006    i.tcp_recv_null     tcp.o
    0x0801bf66   0x00000002   PAD
    0x0801bf68   0x0000011c   Code   RO        10007    i.tcp_recved        tcp.o
    0x0801c084   0x0000005a   Code   RO        10288    i.tcp_rexmit        tcp_out.o
    0x0801c0de   0x00000078   Code   RO        10289    i.tcp_rexmit_fast   tcp_out.o
    0x0801c156   0x0000003a   Code   RO        10290    i.tcp_rexmit_rto    tcp_out.o
    0x0801c190   0x00000120   Code   RO        10291    i.tcp_rst           tcp_out.o
    0x0801c2b0   0x0000001a   Code   RO        10008    i.tcp_seg_free      tcp.o
    0x0801c2ca   0x00000018   Code   RO        10009    i.tcp_segs_free     tcp.o
    0x0801c2e2   0x00000056   Code   RO        10292    i.tcp_send_empty_ack  tcp_out.o
    0x0801c338   0x0000004a   Code   RO        10293    i.tcp_send_fin      tcp_out.o
    0x0801c382   0x00000002   PAD
    0x0801c384   0x000000a0   Code   RO        10010    i.tcp_sent          tcp.o
    0x0801c424   0x00000062   Code   RO        10012    i.tcp_shutdown      tcp.o
    0x0801c486   0x00000002   PAD
    0x0801c488   0x000005f0   Code   RO        10013    i.tcp_slowtmr       tcp.o
    0x0801ca78   0x00000038   Code   RO        10397    i.tcp_timer_needed  timers_1.o
    0x0801cab0   0x000000ac   Code   RO        10226    i.tcp_timewait_input  tcp_in.o
    0x0801cb5c   0x00000024   Code   RO        10014    i.tcp_tmr           tcp.o
    0x0801cb80   0x000000d4   Code   RO        10015    i.tcp_update_rcv_ann_wnd  tcp.o
    0x0801cc54   0x0000071c   Code   RO        10294    i.tcp_write         tcp_out.o
    0x0801d370   0x00000184   Code   RO        10295    i.tcp_write_checks  tcp_out.o
    0x0801d4f4   0x000000b4   Code   RO        10296    i.tcp_zero_window_probe  tcp_out.o
    0x0801d5a8   0x00000040   Code   RO        11189    i.tcpip_apimsg      tcpip.o
    0x0801d5e8   0x000000dc   Code   RO        11193    i.tcpip_init        tcpip.o
    0x0801d6c4   0x0000004c   Code   RO        11194    i.tcpip_input       tcpip.o
    0x0801d710   0x00000038   Code   RO        10398    i.tcpip_tcp_timer   timers_1.o
    0x0801d748   0x00000164   Code   RO        11195    i.tcpip_thread      tcpip.o
    0x0801d8ac   0x00000038   Code   RO         3426    i.uart_init         usart.o
    0x0801d8e4   0x0000010c   Code   RO        10456    i.udp_bind          udp.o
    0x0801d9f0   0x00000068   Code   RO        10457    i.udp_connect       udp.o
    0x0801da58   0x00000002   Code   RO        10459    i.udp_init          udp.o
    0x0801da5a   0x00000002   PAD
    0x0801da5c   0x0000024c   Code   RO        10460    i.udp_input         udp.o
    0x0801dca8   0x0000001c   Code   RO        10461    i.udp_new           udp.o
    0x0801dcc4   0x00000058   Code   RO        10462    i.udp_new_port      udp.o
    0x0801dd1c   0x00000006   Code   RO        10463    i.udp_recv          udp.o
    0x0801dd22   0x00000002   PAD
    0x0801dd24   0x00000040   Code   RO        10464    i.udp_remove        udp.o
    0x0801dd64   0x00000074   Code   RO         8387    i.ulTaskNotifyTake  tasks.o
    0x0801ddd8   0x00000028   Code   RO         7940    i.uxListRemove      list.o
    0x0801de00   0x00000024   Code   RO            8    i.vApplicationStackOverflowHook  main.o
    0x0801de24   0x00000028   Code   RO            9    i.vAssertCalled     main.o
    0x0801de4c   0x0000001a   Code   RO         7941    i.vListInitialise   list.o
    0x0801de66   0x00000006   Code   RO         7942    i.vListInitialiseItem  list.o
    0x0801de6c   0x00000034   Code   RO         7943    i.vListInsert       list.o
    0x0801dea0   0x00000018   Code   RO         7944    i.vListInsertEnd    list.o
    0x0801deb8   0x00000080   Code   RO         8749    i.vPortEnterCritical  port.o
    0x0801df38   0x00000064   Code   RO         8750    i.vPortExitCritical  port.o
    0x0801df9c   0x000000a4   Code   RO         8837    i.vPortFree         heap_4.o
    0x0801e040   0x00000020   Code   RO         8751    i.vPortSetupTimerInterrupt  port.o
    0x0801e060   0x00000090   Code   RO         8752    i.vPortValidateInterruptPriority  port.o
    0x0801e0f0   0x0000002c   Code   RO         8002    i.vQueueAddToRegistry  queue.o
    0x0801e11c   0x00000034   Code   RO         8003    i.vQueueDelete      queue.o
    0x0801e150   0x00000030   Code   RO         8005    i.vQueueUnregisterQueue  queue.o
    0x0801e180   0x0000004a   Code   RO         8006    i.vQueueWaitForMessageRestricted  queue.o
    0x0801e1ca   0x00000002   PAD
    0x0801e1cc   0x00000064   Code   RO         8394    i.vTaskDelay        tasks.o
    0x0801e230   0x000000fc   Code   RO         8396    i.vTaskDelete       tasks.o
    0x0801e32c   0x0000000c   Code   RO         8400    i.vTaskMissedYield  tasks.o
    0x0801e338   0x00000040   Code   RO         8402    i.vTaskPlaceOnEventList  tasks.o
    0x0801e378   0x00000048   Code   RO         8403    i.vTaskPlaceOnEventListRestricted  tasks.o
    0x0801e3c0   0x000000b0   Code   RO         8405    i.vTaskPriorityInherit  tasks.o
    0x0801e470   0x0000003c   Code   RO         8409    i.vTaskSetTimeOutState  tasks.o
    0x0801e4ac   0x000000a0   Code   RO         8410    i.vTaskStartScheduler  tasks.o
    0x0801e54c   0x00000010   Code   RO         8412    i.vTaskSuspendAll   tasks.o
    0x0801e55c   0x000000cc   Code   RO         8413    i.vTaskSwitchContext  tasks.o
    0x0801e628   0x00000042   Code   RO         2340    i.validate          ff.o
    0x0801e66a   0x00000002   PAD
    0x0801e66c   0x00000108   Code   RO         8753    i.xPortStartScheduler  port.o
    0x0801e774   0x00000038   Code   RO         8754    i.xPortSysTickHandler  port.o
    0x0801e7ac   0x00000058   Code   RO         8008    i.xQueueCreateCountingSemaphore  queue.o
    0x0801e804   0x00000060   Code   RO         8011    i.xQueueGenericCreate  queue.o
    0x0801e864   0x000001b4   Code   RO         8012    i.xQueueGenericReceive  queue.o
    0x0801ea18   0x000000a0   Code   RO         8013    i.xQueueGenericReset  queue.o
    0x0801eab8   0x000001ac   Code   RO         8014    i.xQueueGenericSend  queue.o
    0x0801ec64   0x000000fc   Code   RO         8015    i.xQueueGenericSendFromISR  queue.o
    0x0801ed60   0x0000008c   Code   RO         8414    i.xTaskCheckForTimeOut  tasks.o
    0x0801edec   0x00000060   Code   RO         8415    i.xTaskCreate       tasks.o
    0x0801ee4c   0x00000100   Code   RO         8416    i.xTaskGenericNotify  tasks.o
    0x0801ef4c   0x00000020   Code   RO         8419    i.xTaskGetSchedulerState  tasks.o
    0x0801ef6c   0x0000000c   Code   RO         8420    i.xTaskGetTickCount  tasks.o
    0x0801ef78   0x00000150   Code   RO         8422    i.xTaskIncrementTick  tasks.o
    0x0801f0c8   0x000000c4   Code   RO         8425    i.xTaskPriorityDisinherit  tasks.o
    0x0801f18c   0x000000a0   Code   RO         8426    i.xTaskRemoveFromEventList  tasks.o
    0x0801f22c   0x0000010c   Code   RO         8428    i.xTaskResumeAll    tasks.o
    0x0801f338   0x00000064   Code   RO         8243    i.xTimerCreateTimerTask  timers.o
    0x0801f39c   0x00000090   Code   RO         8244    i.xTimerGenericCommand  timers.o
    0x0801f42c   0x0000003a   Code   RO         2341    i.xdir_sum          ff.o
    0x0801f466   0x0000004c   Code   RO         2342    i.xname_sum         ff.o
    0x0801f4b2   0x00000002   PAD
    0x0801f4b4   0x0000002c   Code   RO        11579    locale$$code        c_w.l(lc_ctype_c.o)
    0x0801f4e0   0x0000002c   Code   RO        11761    locale$$code        c_w.l(lc_numeric_c.o)
    0x0801f50c   0x00000010   Code   RO        11721    x$fpl$dcheck1       fz_wv.l(dcheck1.o)
    0x0801f51c   0x0000000a   Code   RO        11781    x$fpl$fpinit        fz_wv.l(fpinit.o)
    0x0801f526   0x00000004   Code   RO        11581    x$fpl$printf1       fz_wv.l(printf1.o)
    0x0801f52a   0x00000064   Code   RO        11785    x$fpl$retnan        fz_wv.l(retnan.o)
    0x0801f58e   0x0000005c   Code   RO        11583    x$fpl$scalbn        fz_wv.l(scalbn.o)
    0x0801f5ea   0x00000030   Code   RO        11820    x$fpl$trapveneer    fz_wv.l(trapv.o)
    0x0801f61a   0x00000000   Code   RO        11585    x$fpl$usenofp       fz_wv.l(usenofp.o)
    0x0801f61a   0x00000018   Data   RO          565    .constdata          system_stm32f7xx.o
    0x0801f632   0x00000002   PAD
    0x0801f634   0x00000004   Data   RO         1572    .constdata          sys_arch.o
    0x0801f638   0x0000004a   Data   RO         2344    .constdata          ff.o
    0x0801f682   0x0002abb6   Data   RO         2757    .constdata          cc936.o
    0x0804a238   0x00000024   Data   RO         3251    .constdata          malloc.o
    0x0804a25c   0x0000000c   Data   RO         8910    .constdata          etharp.o
    0x0804a268   0x00000008   Data   RO         9290    .constdata          ip_addr.o
    0x0804a270   0x00000038   Data   RO         9604    .constdata          memp.o
    0x0804a2a8   0x00000050   Data   RO        10016    .constdata          tcp.o
    0x0804a2f8   0x00000028   Data   RO        11393    .constdata          c_w.l(_printf_hex_int_ll_ptr.o)
    0x0804a320   0x00000011   Data   RO        11413    .constdata          c_w.l(__printf_flags_ss_wp.o)
    0x0804a331   0x00000007   PAD
    0x0804a338   0x00000088   Data   RO        11472    .constdata          m_wv.l(pow.o)
    0x0804a3c0   0x00000008   Data   RO        11552    .constdata          c_w.l(_printf_wctomb.o)
    0x0804a3c8   0x00000008   Data   RO        11610    .constdata          m_wv.l(qnan.o)
    0x0804a3d0   0x00000094   Data   RO        11736    .constdata          c_w.l(bigflt0.o)
    0x0804a464   0x000000e9   Data   RO          930    .conststring        objectdetection.o
    0x0804a54d   0x00000003   PAD
    0x0804a550   0x00000205   Data   RO          993    .conststring        tracking.o
    0x0804a755   0x00000003   PAD
    0x0804a758   0x0000004d   Data   RO         1078    .conststring        dataprocess.o
    0x0804a7a5   0x00000003   PAD
    0x0804a7a8   0x00000080   Data   RO         1419    .conststring        tcppacketserver.o
    0x0804a828   0x0000009f   Data   RO         1487    .conststring        datatransfermanage.o
    0x0804a8c7   0x00000001   PAD
    0x0804a8c8   0x00000046   Data   RO         3053    .conststring        ezxml.o
    0x0804a90e   0x00000002   PAD
    0x0804a910   0x00000044   Data   RO         8911    .conststring        etharp.o
    0x0804a954   0x000000a0   Data   RO         9605    .conststring        memp.o
    0x0804a9f4   0x0000006d   Data   RO        10017    .conststring        tcp.o
    0x0804aa61   0x00000003   PAD
    0x0804aa64   0x00000055   Data   RO        10297    .conststring        tcp_out.o
    0x0804aab9   0x00000003   PAD
    0x0804aabc   0x00000020   Data   RO        11848    Region$$Table       anon$$obj.o
    0x0804aadc   0x00000110   Data   RO        11578    locale$$data        c_w.l(lc_ctype_c.o)
    0x0804abec   0x0000001c   Data   RO        11760    locale$$data        c_w.l(lc_numeric_c.o)


    Execution Region RW_IRAM1 (Base: 0x20020000, Size: 0x0003d860, Max: 0x00060000, ABSOLUTE, COMPRESSED[0x000000b4])

    Base Addr    Size         Type   Attr      Idx    E Section Name        Object

    0x20020000   0x00000014   Data   RW           10    .data               main.o
    0x20020014   0x00000004   Data   RW          566    .data               system_stm32f7xx.o
    0x20020018   0x00000024   Data   RW          723    .data               semaphoremanage.o
    0x2002003c   0x00000005   Data   RW          870    .data               parametersload.o
    0x20020041   0x00000007   PAD
    0x20020048   0x00000058   Data   RW          931    .data               objectdetection.o
    0x200200a0   0x00000058   Data   RW          994    .data               tracking.o
    0x200200f8   0x00000004   Data   RW         1039    .data               actionexecute.o
    0x200200fc   0x0000001c   Data   RW         1079    .data               dataprocess.o
    0x20020118   0x0000002c   Data   RW         1420    .data               tcppacketserver.o
    0x20020144   0x0000000c   Data   RW         1488    .data               datatransfermanage.o
    0x20020150   0x00000004   Data   RW         1573    .data               sys_arch.o
    0x20020154   0x00000010   Data   RW         1788    .data               lan8720.o
    0x20020164   0x00000008   Data   RW         1982    .data               bsp_encoder.o
    0x2002016c   0x00000018   Data   RW         2037    .data               lightsignal.o
    0x20020184   0x00000002   Data   RW         2345    .data               ff.o
    0x20020186   0x00000002   PAD
    0x20020188   0x00000014   Data   RW         2798    .data               exfuns.o
    0x2002019c   0x00000030   Data   RW         3054    .data               ezxml.o
    0x200201cc   0x00000024   Data   RW         3252    .data               malloc.o
    0x200201f0   0x00000006   Data   RW         3325    .data               delay.o
    0x200201f6   0x00000002   PAD
    0x200201f8   0x00000007   Data   RW         3428    .data               usart.o
    0x200201ff   0x00000001   PAD
    0x20020200   0x00000004   Data   RW         3526    .data               stm32f7xx_hal.o
    0x20020204   0x00000014   Data   RW         8252    .data               timers.o
    0x20020218   0x0000003c   Data   RW         8431    .data               tasks.o
    0x20020254   0x0000000c   Data   RW         8755    .data               port.o
    0x20020260   0x00000018   Data   RW         8842    .data               heap_4.o
    0x20020278   0x00000001   Data   RW         8912    .data               etharp.o
    0x20020279   0x00000003   PAD
    0x2002027c   0x00000012   Data   RW         9223    .data               ip.o
    0x2002028e   0x00000002   PAD
    0x20020290   0x00000006   Data   RW         9359    .data               ip_frag.o
    0x20020296   0x00000002   PAD
    0x20020298   0x00000014   Data   RW         9549    .data               mem.o
    0x200202ac   0x0000003c   Data   RW         9606    .data               memp.o
    0x200202e8   0x00000009   Data   RW         9675    .data               netif.o
    0x200202f1   0x00000003   PAD
    0x200202f4   0x00000004   Data   RW         9902    .data               raw.o
    0x200202f8   0x00000024   Data   RW        10018    .data               tcp.o
    0x2002031c   0x00000020   Data   RW        10228    .data               tcp_in.o
    0x2002033c   0x00000008   Data   RW        10399    .data               timers_1.o
    0x20020344   0x00000008   Data   RW        10468    .data               udp.o
    0x2002034c   0x0000000c   Data   RW        11199    .data               tcpip.o
    0x20020358   0x00000020   Zero   RW          722    .bss                semaphoremanage.o
    0x20020378   0x000004ec   Zero   RW          869    .bss                parametersload.o
    0x20020864   0x00000004   PAD
    0x20020868   0x00003620   Zero   RW          929    .bss                objectdetection.o
    0x20023e88   0x00000048   Zero   RW         1294    .bss                lwip_comm.o
    0x20023ed0   0x00002000   Zero   RW         1418    .bss                tcppacketserver.o
    0x20025ed0   0x000007d0   Zero   RW         1486    .bss                datatransfermanage.o
    0x200266a0   0x00000048   Zero   RW         1787    .bss                lan8720.o
    0x200266e8   0x00000078   Zero   RW         1981    .bss                bsp_encoder.o
    0x20026760   0x000000f0   Zero   RW         2036    .bss                lightsignal.o
    0x20026850   0x00000034   Zero   RW         2127    .bss                sdram.o
    0x20026884   0x00000004   PAD
    0x20026888   0x00000378   Zero   RW         2186    .bss                sdmmc_sdcard.o
    0x20026c00   0x0000003c   Zero   RW         2237    .bss                timer.o
    0x20026c3c   0x0000000c   Zero   RW         2343    .bss                ff.o
    0x20026c48   0x00000178   Zero   RW         2795    .bss                exfuns.o
    0x20026dc0   0x0002a800   Zero   RW         3250    .bss                malloc.o
    0x200515c0   0x00000138   Zero   RW         3427    .bss                usart.o
    0x200516f8   0x000000a0   Zero   RW         8026    .bss                queue.o
    0x20051798   0x00000028   Zero   RW         8251    .bss                timers.o
    0x200517c0   0x0000012c   Zero   RW         8430    .bss                tasks.o
    0x200518ec   0x0000b800   Zero   RW         8841    .bss                heap_4.o
    0x2005d0ec   0x000000c8   Zero   RW         8909    .bss                etharp.o
    0x2005d1b4   0x00000038   Zero   RW         9603    .bss                memp.o
    0x2005d1ec   0x00000014   Zero   RW        10227    .bss                tcp_in.o
    0x2005d200   0x00000060   Zero   RW        11624    .bss                c_w.l(libspace.o)
    0x2005d260   0x00000200   Zero   RW         3492    HEAP                startup_stm32f767xx.o
    0x2005d460   0x00000400   Zero   RW         3491    STACK               startup_stm32f767xx.o



  Load Region LR$$.ARM.__AT_0x20000000 (Base: 0x20000000, Size: 0x00000000, Max: 0x00019000, ABSOLUTE)

    Execution Region ER$$.ARM.__AT_0x20000000 (Base: 0x20000000, Size: 0x00019000, Max: 0x00019000, ABSOLUTE, UNINIT)

    Base Addr    Size         Type   Attr      Idx    E Section Name        Object

    0x20000000   0x00019000   Zero   RW         3246    .ARM.__AT_0x20000000  malloc.o



  Load Region LR$$.ARM.__AT_0x20019000 (Base: 0x20019000, Size: 0x00000000, Max: 0x00001900, ABSOLUTE)

    Execution Region ER$$.ARM.__AT_0x20019000 (Base: 0x20019000, Size: 0x00001900, Max: 0x00001900, ABSOLUTE, UNINIT)

    Base Addr    Size         Type   Attr      Idx    E Section Name        Object

    0x20019000   0x00001900   Zero   RW         3247    .ARM.__AT_0x20019000  malloc.o



  Load Region LR$$.ARM.__AT_0xC01F4000 (Base: 0xc01f4000, Size: 0x00000000, Max: 0x01c3c000, ABSOLUTE)

    Execution Region ER$$.ARM.__AT_0xC01F4000 (Base: 0xc01f4000, Size: 0x01c3c000, Max: 0x01c3c000, ABSOLUTE, UNINIT)

    Base Addr    Size         Type   Attr      Idx    E Section Name        Object

    0xc01f4000   0x01c3c000   Zero   RW         3248    .ARM.__AT_0xC01F4000  malloc.o



  Load Region LR$$.ARM.__AT_0xC1E30000 (Base: 0xc1e30000, Size: 0x00000000, Max: 0x001c3c00, ABSOLUTE)

    Execution Region ER$$.ARM.__AT_0xC1E30000 (Base: 0xc1e30000, Size: 0x001c3c00, Max: 0x001c3c00, ABSOLUTE, UNINIT)

    Base Addr    Size         Type   Attr      Idx    E Section Name        Object

    0xc1e30000   0x001c3c00   Zero   RW         3249    .ARM.__AT_0xC1E30000  malloc.o


==============================================================================

Image component sizes


      Code (inc. data)   RO Data    RW Data    ZI Data      Debug   Object Name

       384         38          0          4          0       1945   actionexecute.o
      3446       1610          0          0          0      20586   api_lib.o
      7312       2784          0          0          0      19653   api_msg.o
       796        120          0          8        120       4193   bsp_encoder.o
       288         26     175030          0          0       2823   cc936.o
       668        118         77         28          0       7128   dataprocess.o
       448         80        159         12       2000       5744   datatransfermanage.o
        62          0          0          0          0       2324   def.o
       224         18          0          6          0       2609   delay.o
       350          6          0          0          0       5927   diskio.o
      4200       1318         80          1        200      13973   etharp.o
       836        144          0          0          0       7036   ethernetif.o
         0          0          0          0          0       2424   event_groups.o
       206         18          0         20        376       2540   exfuns.o
      6204        708         70         48          0      18335   ezxml.o
      9986         94         74          2         12      52621   ff.o
       708        142          0         24      47104       4071   heap_4.o
      1144        456          0          0          0       4038   icmp.o
       200          0          0          0          0       2833   inet_chksum.o
        36          0          0          0          0        556   init.o
      1124        274          0         18          0       8289   ip.o
        78          0          8          0          0       7294   ip_addr.o
      3030        954          0          6          0      11056   ip_frag.o
       632         60          0         16         72       4218   lan8720.o
        88         10          0          0          0        895   led.o
      1176        140          0         24        240       4883   lightsignal.o
       148          0          0          0          0       3314   list.o
       764        276          0          0         72      22000   lwip_comm.o
      1548        928          0         20          0     536770   main.o
       574         58         36         36   31739136       8057   malloc.o
      2180        938          0         20          0       5637   mem.o
       560        288        216         60         56       4278   memp.o
       312         56          0          0          0       8449   mpu.o
       760         52          0          0          0       5078   myiic.o
        32          0          0          0          0       1064   netbuf.o
       536        128          0          9          0       7906   netif.o
      6040        756        233         88      13856      13471   objectdetection.o
      4292       1420          0          5       1260      39041   parametersload.o
      3828       1630          0          0          0       9858   pbuf.o
       216         10          0          0          0       2911   pcf8574.o
      1058        334          0         12          0      11013   port.o
      2232        186          0          0        160      15544   queue.o
       270         24          0          4          0       4727   raw.o
         0          0          0          0          0       5024   scanio.o
       540         42          0          0        888       4055   sdmmc_sdcard.o
       544         44          0          0         52       3666   sdram.o
       200         42          0         36         32       1610   semaphoremanage.o
         2          0          0          0          0        515   sockets.o
        64         26        504          0       1536        840   startup_stm32f767xx.o
       136         20          0          4          0       4473   stm32f7xx_hal.o
       430         26          0          0          0      37640   stm32f7xx_hal_cortex.o
        40          0          0          0          0       1187   stm32f7xx_hal_dma.o
      2620         46          0          0          0      13087   stm32f7xx_hal_eth.o
       572         52          0          0          0       3836   stm32f7xx_hal_gpio.o
       144          8          0          0          0       1320   stm32f7xx_hal_pwr_ex.o
       716         50          0          0          0       4168   stm32f7xx_hal_rcc.o
      1232         12          0          0          0       1888   stm32f7xx_hal_rcc_ex.o
      4826         16          0          0          0      21720   stm32f7xx_hal_sd.o
       162          0          0          0          0       2824   stm32f7xx_hal_sdram.o
      1242         78          0          0          0       9395   stm32f7xx_hal_tim.o
      2388         54          0          0          0      11836   stm32f7xx_hal_uart.o
        16          0          0          0          0       3573   stm32f7xx_it.o
       368          4          0          0          0       3632   stm32f7xx_ll_fmc.o
       206          0          0          0          0       6534   stm32f7xx_ll_sdmmc.o
       456         26          0          0          0      34577   sys.o
      1126        214          4          4          0      21499   sys_arch.o
       100         18         24          4          0       1155   system_stm32f7xx.o
      3598        722          0         60        300      31879   tasks.o
      6202       2112        189         36          0      35123   tcp.o
      6444       1182          0         32         20      17243   tcp_in.o
      5436       1514         85          0          0      16239   tcp_out.o
       716        288          0         12          0       9010   tcpip.o
      1224        342        128         44       8192      11045   tcppacketserver.o
       786         60          0          0          0       7250   tcpprotocol.o
       456        132          0          0          0       4753   tcpqueue.o
       164         16          0          0         60       1788   timer.o
      1218        234          0         20         40       9055   timers.o
       772        218          0          8          0       6335   timers_1.o
      1284        166        517         88          0       6080   tracking.o
      1148        250          0          8          0       8229   udp.o
       480         56          0          7        312       5717   usart.o

    ----------------------------------------------------------------------
    117146      24272     177486        856   31816104    1286912   Object Totals
         0          0         32          0          0          0   (incl. Generated)
       112          0         20         22          8          0   (incl. Padding)

    ----------------------------------------------------------------------

      Code (inc. data)   RO Data    RW Data    ZI Data      Debug   Library Member Name

        24          4          0          0          0         84   __2printf.o
        56          6          0          0          0         88   __2snprintf.o
        90          0          0          0          0          0   __dczerorl2.o
         8          0          0          0          0         68   __main.o
       392          4         17          0          0         92   __printf_flags_ss_wp.o
        14          0          0          0          0         68   __printf_wp.o
         0          0          0          0          0          0   __rtentry.o
        12          0          0          0          0          0   __rtentry2.o
         6          0          0          0          0          0   __rtentry4.o
        52          8          0          0          0          0   __scatter.o
        28          0          0          0          0          0   __scatter_zi.o
        28          0          0          0          0         68   _chval.o
         6          0          0          0          0          0   _printf_a.o
         6          0          0          0          0          0   _printf_c.o
        44          0          0          0          0        108   _printf_char.o
        48          6          0          0          0         96   _printf_char_common.o
        36          4          0          0          0         80   _printf_char_file.o
        40          0          0          0          0         68   _printf_charcount.o
         6          0          0          0          0          0   _printf_d.o
       120         16          0          0          0         92   _printf_dec.o
         6          0          0          0          0          0   _printf_e.o
         6          0          0          0          0          0   _printf_f.o
      1050          0          0          0          0        216   _printf_fp_dec.o
       128         16          0          0          0         84   _printf_fp_infnan.o
         6          0          0          0          0          0   _printf_g.o
       148          4         40          0          0        160   _printf_hex_int_ll_ptr.o
         6          0          0          0          0          0   _printf_i.o
       178          0          0          0          0         88   _printf_intcommon.o
        10          0          0          0          0          0   _printf_l.o
         6          0          0          0          0          0   _printf_lc.o
        10          0          0          0          0          0   _printf_ll.o
         6          0          0          0          0          0   _printf_lld.o
         6          0          0          0          0          0   _printf_lli.o
         6          0          0          0          0          0   _printf_llo.o
         6          0          0          0          0          0   _printf_llu.o
         6          0          0          0          0          0   _printf_llx.o
       124         16          0          0          0         92   _printf_longlong_dec.o
         6          0          0          0          0          0   _printf_ls.o
         6          0          0          0          0          0   _printf_n.o
         6          0          0          0          0          0   _printf_o.o
       112          8          0          0          0        124   _printf_oct_int_ll.o
         6          0          0          0          0          0   _printf_p.o
        78          0          0          0          0        108   _printf_pad.o
         0          0          0          0          0          0   _printf_percent.o
         4          0          0          0          0          0   _printf_percent_end.o
         6          0          0          0          0          0   _printf_s.o
        82          0          0          0          0         80   _printf_str.o
        36          0          0          0          0         84   _printf_truncate.o
         6          0          0          0          0          0   _printf_u.o
        44          0          0          0          0        108   _printf_wchar.o
       188          6          8          0          0         92   _printf_wctomb.o
         6          0          0          0          0          0   _printf_x.o
        22          0          0          0          0        100   _rserrno.o
        16          0          0          0          0         68   _snputc.o
        10          0          0          0          0         68   _sputc.o
       158          0          0          0          0         92   _strtoul.o
        64          0          0          0          0         92   _wcrtomb.o
        16          0          0          0          0         68   aeabi_memset.o
       220          4        148          0          0         96   bigflt0.o
      1910        128          0          0          0        672   btod.o
        52          4          0          0          0         80   c89vsnprintf.o
        18          0          0          0          0         80   exit.o
         8          0          0          0          0         68   ferror.o
         6          0          0          0          0        152   heapauxi.o
        44         10        272          0          0         76   lc_ctype_c.o
        44         10         28          0          0         76   lc_numeric_c.o
         2          0          0          0          0          0   libinit.o
        34          0          0          0          0          0   libinit2.o
         2          0          0          0          0          0   libshutdown.o
         2          0          0          0          0          0   libshutdown2.o
         8          4          0          0         96         68   libspace.o
       138          0          0          0          0         80   lludiv10.o
       238          0          0          0          0        100   lludivv7m.o
        88          0          0          0          0         76   memcmp.o
         8          0          0          0          0         76   memcpy.o
        22          0          0          0          0         76   memset.o
        16          4          0          0          0         76   rt_ctype_table.o
         8          4          0          0          0         68   rt_errno_addr_intlibspace.o
         8          4          0          0          0         68   rt_locale_intlibspace.o
        68          0          0          0          0         68   rt_memclr.o
        78          0          0          0          0         80   rt_memclr_w.o
       138          0          0          0          0         68   rt_memcpy_v6.o
       100          0          0          0          0         80   rt_memcpy_w.o
       132          0          0          0          0         68   rt_memmove_v6.o
       122          0          0          0          0         80   rt_memmove_w.o
         2          0          0          0          0          0   rtexit.o
        10          0          0          0          0          0   rtexit2.o
        20          0          0          0          0         68   strchr.o
       104          0          0          0          0         68   strcmpv7m_pel.o
        72          0          0          0          0         80   strcpy.o
        32          0          0          0          0         80   strcspn.o
        62          0          0          0          0         76   strlen.o
       150          0          0          0          0         80   strncmp.o
        86          0          0          0          0         76   strncpy.o
        28          0          0          0          0         80   strspn.o
        36          0          0          0          0         80   strstr.o
       112          0          0          0          0         88   strtol.o
        74          0          0          0          0         80   sys_stackheap_outer.o
         2          0          0          0          0         68   use_no_semi.o
         2          0          0          0          0         68   use_no_semi_2.o
        16          4          0          0          0        116   dcheck1.o
        10          0          0          0          0        116   fpinit.o
         4          0          0          0          0        116   printf1.o
       100          0          0          0          0        116   retnan.o
        92          0          0          0          0        116   scalbn.o
        48          0          0          0          0        116   trapv.o
         0          0          0          0          0          0   usenofp.o
       110         60          0          0          0        580   dunder.o
        24          0          0          0          0        124   fabs.o
        48          0          0          0          0        124   fpclassify.o
       112          0          0          0          0        116   poly.o
      2296        304        136          0          0        320   pow.o
         0          0          8          0          0          0   qnan.o
       106          0          0          0          0        140   sqrt.o

    ----------------------------------------------------------------------
     10888        638        664          0         96       8160   Library Totals
        20          0          7          0          0          0   (incl. Padding)

    ----------------------------------------------------------------------

      Code (inc. data)   RO Data    RW Data    ZI Data      Debug   Library Name

      7902        270        513          0         96       6060   c_w.l
       270          4          0          0          0        696   fz_wv.l
      2696        364        144          0          0       1404   m_wv.l

    ----------------------------------------------------------------------
     10888        638        664          0         96       8160   Library Totals

    ----------------------------------------------------------------------

==============================================================================


      Code (inc. data)   RO Data    RW Data    ZI Data      Debug   

    128034      24910     178150        856   31816200    1231536   Grand Totals
    128034      24910     178150        180   31816200    1231536   ELF Image Totals (compressed)
    128034      24910     178150        180          0          0   ROM Totals

==============================================================================

    Total RO  Size (Code + RO Data)               306184 ( 299.01kB)
    Total RW  Size (RW Data + ZI Data)          31817056 (31071.34kB)
    Total ROM Size (Code + RO Data + RW Data)     306364 ( 299.18kB)

==============================================================================

